
====================================================================================================
### src/RimUtinni/UtinniPatches/Textures/Things/Pawn/Animal/cephalope/cephalope
file                                            canvas  major   cov%  fringe%       meanRGB
cephalope_north.png                          (512, 512)    244    5.8     0.04    146,133,96
cephalope_south.png                          (512, 512)    187    6.2     0.04   157,145,105
cephalope_east.png                           (512, 512)    431    7.9     0.05   145,136,103
size spread 84.9%  |  anchor drift 9.2%

FLAGS:
  FLAG size spread 84.9% > 15.0%
/mnt/d/Luke/dev/Rimworld/src/RimMandrake/Utils/artpipe/facing_set_audit.py:97: DeprecationWarning: Image.Image.getdata is deprecated and will be removed in Pillow 14 (2027-10-15). Use get_flattened_data instead.
  for pr, pg, pb, pa in small.getdata():


====================================================================================================
### src/RimUtinni/UtinniPatches/Textures/Things/Pawn/Animal/cephalope/dessicated_cephalope
file                                            canvas  major   cov%  fringe%       meanRGB
dessicated_cephalope_north.png               (512, 512)    126    2.3     0.01   156,154,145
dessicated_cephalope_south.png               (512, 512)    154    4.2     0.02   154,152,144
dessicated_cephalope_east.png                (512, 512)    279    5.6     0.03   151,149,141
size spread 82.1%  |  anchor drift 9.0%

FLAGS:
  FLAG size spread 82.1% > 15.0%
  FLAG dessicated_cephalope_south.png: south drawn OVERHEAD (top-down), must be eye-level front
/mnt/d/Luke/dev/Rimworld/src/RimMandrake/Utils/artpipe/facing_set_audit.py:97: DeprecationWarning: Image.Image.getdata is deprecated and will be removed in Pillow 14 (2027-10-15). Use get_flattened_data instead.
  for pr, pg, pb, pa in small.getdata():


====================================================================================================
### src/RimUtinni/UtinniPatches/Textures/Things/Pawn/Animal/landopus/landopus
file                                            canvas  major   cov%  fringe%       meanRGB
landopus_north.png                           (256, 256)    201   20.0     0.17   129,123,106
landopus_south.png                           (256, 256)    182   18.7     0.09   134,126,103
landopus_east.png                            (256, 256)    240   13.9     0.10    115,109,96
size spread 27.9%  |  anchor drift 30.1%

FLAGS:
  FLAG size spread 27.9% > 15.0%
  FLAG bottom-anchor drift 30.1% > 12.0%
  FLAG landopus_south.png: south drawn OVERHEAD (top-down), must be eye-level front
/mnt/d/Luke/dev/Rimworld/src/RimMandrake/Utils/artpipe/facing_set_audit.py:97: DeprecationWarning: Image.Image.getdata is deprecated and will be removed in Pillow 14 (2027-10-15). Use get_flattened_data instead.
  for pr, pg, pb, pa in small.getdata():


====================================================================================================
### src/RimUtinni/UtinniPatches/Textures/Things/Pawn/Animal/cephalope/swimming_cephalope
file                                            canvas  major   cov%  fringe%       meanRGB
swimming_cephalope_north.png                 (512, 512)    178    3.5     0.02    176,155,99
swimming_cephalope_south.png                 (512, 512)    153    4.1     0.03   177,159,104
swimming_cephalope_east.png                  (512, 512)    244    4.2     0.03   171,153,102
size spread 47.5%  |  anchor drift 8.4%

FLAGS:
  FLAG size spread 47.5% > 15.0%
  FLAG swimming_cephalope_south.png: south drawn OVERHEAD (top-down), must be eye-level front
/mnt/d/Luke/dev/Rimworld/src/RimMandrake/Utils/artpipe/facing_set_audit.py:97: DeprecationWarning: Image.Image.getdata is deprecated and will be removed in Pillow 14 (2027-10-15). Use get_flattened_data instead.
  for pr, pg, pb, pa in small.getdata():


====================================================================================================
### src/RimUtinni/UtinniPatches/Textures/Things/Pawn/Animal/landopus/swimming_landopus
file                                            canvas  major   cov%  fringe%       meanRGB
swimming_landopus_north.png                  (256, 256)    113   11.4     0.07   143,137,123
swimming_landopus_south.png                  (256, 256)    107    6.6     0.09   158,147,116
swimming_landopus_east.png                   (256, 256)    150    7.4     0.07   132,126,114
size spread 34.9%  |  anchor drift 19.1%

FLAGS:
  FLAG size spread 34.9% > 15.0%
  FLAG bottom-anchor drift 19.1% > 12.0%
  FLAG swimming_landopus_south.png: south drawn OVERHEAD (top-down), must be eye-level front
/mnt/d/Luke/dev/Rimworld/src/RimMandrake/Utils/artpipe/facing_set_audit.py:97: DeprecationWarning: Image.Image.getdata is deprecated and will be removed in Pillow 14 (2027-10-15). Use get_flattened_data instead.
  for pr, pg, pb, pa in small.getdata():


====================================================================================================
### src/RimStarWars/LockjawArtOverride/Textures/Things/Pawn/Animal/AA_Lockjaw/AA_Lockjaw2
file                                            canvas  major   cov%  fringe%       meanRGB
AA_Lockjaw2_north.png                        (256, 256)    175   24.7     0.08      88,89,77
AA_Lockjaw2_south.png                        (256, 256)    178   25.8     0.07    104,102,85
AA_Lockjaw2_east.png                         (256, 256)    241   34.3     0.09     105,99,83
size spread 33.3%  |  anchor drift 16.4%

FLAGS:
  FLAG size spread 33.3% > 15.0%
  FLAG bottom-anchor drift 16.4% > 12.0%
  FLAG AA_Lockjaw2_south.png: south drawn OVERHEAD (top-down), must be eye-level front
/mnt/d/Luke/dev/Rimworld/src/RimMandrake/Utils/artpipe/facing_set_audit.py:97: DeprecationWarning: Image.Image.getdata is deprecated and will be removed in Pillow 14 (2027-10-15). Use get_flattened_data instead.
  for pr, pg, pb, pa in small.getdata():


====================================================================================================
### src/RimStarWars/LockjawArtOverride/Textures/Things/Pawn/Animal/AA_Lockjaw/AA_Lockjaw3
file                                            canvas  major   cov%  fringe%       meanRGB
AA_Lockjaw3_north.png                        (256, 256)    175   24.6     0.08      62,52,39
AA_Lockjaw3_south.png                        (256, 256)    178   25.9     0.06      60,50,39
AA_Lockjaw3_east.png                         (256, 256)    241   33.6     0.08      58,49,38
size spread 33.3%  |  anchor drift 16.4%

FLAGS:
  FLAG size spread 33.3% > 15.0%
  FLAG bottom-anchor drift 16.4% > 12.0%
  FLAG AA_Lockjaw3_south.png: south drawn OVERHEAD (top-down), must be eye-level front
/mnt/d/Luke/dev/Rimworld/src/RimMandrake/Utils/artpipe/facing_set_audit.py:97: DeprecationWarning: Image.Image.getdata is deprecated and will be removed in Pillow 14 (2027-10-15). Use get_flattened_data instead.
  for pr, pg, pb, pa in small.getdata():


====================================================================================================
### src/RimUtinni/UtinniPatches/Textures/Things/Pawn/Animal/Pyrelands/Sytheclaw/Sytheclaw
file                                            canvas  major   cov%  fringe%       meanRGB
Sytheclaw_north.png                          (512, 512)    504   24.9     0.09     121,96,49
Sytheclaw_south.png                          (512, 512)    453   29.0     0.10     120,95,56
Sytheclaw_east.png                           (512, 512)    490   14.3     0.08     124,93,50
size spread 10.6%  |  anchor drift 30.9%

FLAGS:
  FLAG bottom-anchor drift 30.9% > 12.0%
  FLAG Sytheclaw_south.png: south drawn OVERHEAD (top-down), must be eye-level front
/mnt/d/Luke/dev/Rimworld/src/RimMandrake/Utils/artpipe/facing_set_audit.py:97: DeprecationWarning: Image.Image.getdata is deprecated and will be removed in Pillow 14 (2027-10-15). Use get_flattened_data instead.
  for pr, pg, pb, pa in small.getdata():


====================================================================================================
### src/RimUtinni/UtinniPatches/Textures/Things/Pawn/Animal/nautilant/swimming_nautilant
file                                            canvas  major   cov%  fringe%       meanRGB
swimming_nautilant_north.png                 (512, 512)    361   22.3     0.06   194,145,150
swimming_nautilant_south.png                 (512, 512)    442   32.2     0.07   188,150,140
swimming_nautilant_east.png                  (512, 512)    463   35.7     0.08   192,145,138
size spread 24.2%  |  anchor drift 16.6%

FLAGS:
  FLAG size spread 24.2% > 15.0%
  FLAG bottom-anchor drift 16.6% > 12.0%
/mnt/d/Luke/dev/Rimworld/src/RimMandrake/Utils/artpipe/facing_set_audit.py:97: DeprecationWarning: Image.Image.getdata is deprecated and will be removed in Pillow 14 (2027-10-15). Use get_flattened_data instead.
  for pr, pg, pb, pa in small.getdata():


====================================================================================================
### src/RimUtinni/UtinniPatches/Textures/Things/Pawn/Animal/landopus/dessicated_landopus
file                                            canvas  major   cov%  fringe%       meanRGB
dessicated_landopus_north.png                (256, 256)     73    5.1     0.03   123,122,122
dessicated_landopus_south.png                (256, 256)     80    5.2     0.03   117,115,115
dessicated_landopus_east.png                 (256, 256)    103    7.1     0.03   138,136,136
size spread 35.2%  |  anchor drift 4.7%

FLAGS:
  FLAG size spread 35.2% > 15.0%
  FLAG dessicated_landopus_south.png: south drawn OVERHEAD (top-down), must be eye-level front
/mnt/d/Luke/dev/Rimworld/src/RimMandrake/Utils/artpipe/facing_set_audit.py:97: DeprecationWarning: Image.Image.getdata is deprecated and will be removed in Pillow 14 (2027-10-15). Use get_flattened_data instead.
  for pr, pg, pb, pa in small.getdata():


====================================================================================================
### src/RimUtinni/GritheArtOverride/Textures/Things/Pawn/Animal/Paragon/Rat/GR_ParagonRat
file                                            canvas  major   cov%  fringe%       meanRGB
GR_ParagonRat_north.png                      (512, 512)    457   16.7     0.11      95,65,41
GR_ParagonRat_south.png                      (512, 512)    419   23.4     0.14      82,61,42
GR_ParagonRat_east.png                       (512, 512)    507   14.7     0.11      89,66,43
size spread 19.1%  |  anchor drift 18.4%

FLAGS:
  FLAG size spread 19.1% > 15.0%
  FLAG bottom-anchor drift 18.4% > 12.0%
  FLAG GR_ParagonRat_south.png: south drawn OVERHEAD (top-down), must be eye-level front
/mnt/d/Luke/dev/Rimworld/src/RimMandrake/Utils/artpipe/facing_set_audit.py:97: DeprecationWarning: Image.Image.getdata is deprecated and will be removed in Pillow 14 (2027-10-15). Use get_flattened_data instead.
  for pr, pg, pb, pa in small.getdata():


====================================================================================================
### src/RimUtinni/GruttArtOverride/Textures/Things/Pawn/Animal/Rodent/Molebear/GR_Molebear
file                                            canvas  major   cov%  fringe%       meanRGB
GR_Molebear_north.png                        (512, 512)    469   50.0     0.09     116,97,76
GR_Molebear_south.png                        (512, 512)    412   39.0     0.08     107,88,72
GR_Molebear_east.png                         (512, 512)    504   30.3     0.08     112,93,75
size spread 19.9%  |  anchor drift 17.2%

FLAGS:
  FLAG size spread 19.9% > 15.0%
  FLAG bottom-anchor drift 17.2% > 12.0%
  FLAG GR_Molebear_south.png: south drawn OVERHEAD (top-down), must be eye-level front
/mnt/d/Luke/dev/Rimworld/src/RimMandrake/Utils/artpipe/facing_set_audit.py:97: DeprecationWarning: Image.Image.getdata is deprecated and will be removed in Pillow 14 (2027-10-15). Use get_flattened_data instead.
  for pr, pg, pb, pa in small.getdata():


====================================================================================================
### src/RimStarWars/OllopomArtOverride/Textures/swanimals/Ollopom/Ollopom
file                                            canvas  major   cov%  fringe%       meanRGB
Ollopom_north.png                            (512, 512)    417   21.1     0.06     116,93,70
Ollopom_south.png                            (512, 512)    330   19.4     0.06     121,96,69
Ollopom_east.png                             (512, 512)    446   28.6     0.09    132,107,78
size spread 29.2%  |  anchor drift 6.8%

FLAGS:
  FLAG size spread 29.2% > 15.0%
  FLAG Ollopom_south.png: south drawn OVERHEAD (top-down), must be eye-level front
/mnt/d/Luke/dev/Rimworld/src/RimMandrake/Utils/artpipe/facing_set_audit.py:97: DeprecationWarning: Image.Image.getdata is deprecated and will be removed in Pillow 14 (2027-10-15). Use get_flattened_data instead.
  for pr, pg, pb, pa in small.getdata():


====================================================================================================
### src/RimStarWars/GrankArtOverride/Textures/swanimals/Grank/Grank
file                                            canvas  major   cov%  fringe%       meanRGB
Grank_north.png                              (512, 512)    498   34.4     0.09      80,62,48
Grank_south.png                              (512, 512)    426   33.2     0.10      93,75,58
Grank_east.png                               (512, 512)    485   29.2     0.13      88,70,54
size spread 15.3%  |  anchor drift 19.3%

FLAGS:
  FLAG size spread 15.3% > 15.0%
  FLAG bottom-anchor drift 19.3% > 12.0%
  FLAG Grank_south.png: south drawn OVERHEAD (top-down), must be eye-level front
/mnt/d/Luke/dev/Rimworld/src/RimMandrake/Utils/artpipe/facing_set_audit.py:97: DeprecationWarning: Image.Image.getdata is deprecated and will be removed in Pillow 14 (2027-10-15). Use get_flattened_data instead.
  for pr, pg, pb, pa in small.getdata():


====================================================================================================
### src/RimStarWars/GreaterKraytDragonArtOverride/Textures/swanimals/GreaterKraytDragon/GreaterKraytDragon
file                                            canvas  major   cov%  fringe%       meanRGB
GreaterKraytDragon_north.png                 (512, 512)    510   23.9     0.07     106,90,71
GreaterKraytDragon_south.png                 (512, 512)    488   51.4     0.12     110,92,74
GreaterKraytDragon_east.png                  (512, 512)    506   21.4     0.09     109,90,68
size spread 4.4%  |  anchor drift 28.7%

FLAGS:
  FLAG bottom-anchor drift 28.7% > 12.0%
  FLAG GreaterKraytDragon_south.png: south drawn OVERHEAD (top-down), must be eye-level front
/mnt/d/Luke/dev/Rimworld/src/RimMandrake/Utils/artpipe/facing_set_audit.py:97: DeprecationWarning: Image.Image.getdata is deprecated and will be removed in Pillow 14 (2027-10-15). Use get_flattened_data instead.
  for pr, pg, pb, pa in small.getdata():


====================================================================================================
### src/RimStarWars/WyyyschokkArtOverride/Textures/swanimals/Wyyyschokk/Wyyyschokk
file                                            canvas  major   cov%  fringe%       meanRGB
Wyyyschokk_north.png                         (512, 512)    508   45.3     0.17      77,65,66
Wyyyschokk_south.png                         (512, 512)    496   48.2     0.16      82,68,70
Wyyyschokk_east.png                          (512, 512)    433   27.8     0.12      76,64,67
size spread 15.7%  |  anchor drift 17.2%

FLAGS:
  FLAG size spread 15.7% > 15.0%
  FLAG bottom-anchor drift 17.2% > 12.0%
  FLAG Wyyyschokk_south.png: south drawn OVERHEAD (top-down), must be eye-level front
/mnt/d/Luke/dev/Rimworld/src/RimMandrake/Utils/artpipe/facing_set_audit.py:97: DeprecationWarning: Image.Image.getdata is deprecated and will be removed in Pillow 14 (2027-10-15). Use get_flattened_data instead.
  for pr, pg, pb, pa in small.getdata():


====================================================================================================
### src/RimUtinni/RustCathedralRoaches/Textures/Things/Pawn/Animal/RUT_CathedralRoach/RUT_CathedralRoachCorpse
file                                            canvas  major   cov%  fringe%       meanRGB
RUT_CathedralRoachCorpse_north.png           (512, 512)    430   28.2     0.10      81,65,54
RUT_CathedralRoachCorpse_south.png           (512, 512)    429   35.0     0.09      77,61,48
RUT_CathedralRoachCorpse_east.png            (512, 512)    476   26.0     0.07      54,46,38
size spread 10.6%  |  anchor drift 21.9%

FLAGS:
  FLAG bottom-anchor drift 21.9% > 12.0%
  FLAG RUT_CathedralRoachCorpse_south.png: south drawn OVERHEAD (top-down), must be eye-level front
/mnt/d/Luke/dev/Rimworld/src/RimMandrake/Utils/artpipe/facing_set_audit.py:97: DeprecationWarning: Image.Image.getdata is deprecated and will be removed in Pillow 14 (2027-10-15). Use get_flattened_data instead.
  for pr, pg, pb, pa in small.getdata():


====================================================================================================
### src/RimUtinni/UtinniPatches/Textures/Things/Pawn/Animal/Pyrelands/Flamefang/Flamefang
file                                            canvas  major   cov%  fringe%       meanRGB
Flamefang_north.png                          (512, 512)    480   34.8     0.05     103,70,22
Flamefang_south.png                          (512, 512)    459   32.2     0.05     125,91,30
Flamefang_east.png                           (512, 512)    483   18.7     0.05     109,74,23
size spread 5.1%  |  anchor drift 27.0%

FLAGS:
  FLAG bottom-anchor drift 27.0% > 12.0%
  FLAG Flamefang_south.png: south drawn OVERHEAD (top-down), must be eye-level front
/mnt/d/Luke/dev/Rimworld/src/RimMandrake/Utils/artpipe/facing_set_audit.py:97: DeprecationWarning: Image.Image.getdata is deprecated and will be removed in Pillow 14 (2027-10-15). Use get_flattened_data instead.
  for pr, pg, pb, pa in small.getdata():


====================================================================================================
### src/RimUtinni/RustCathedralRoaches/Textures/Things/Pawn/Animal/RUT_CathedralRoach/RUT_CathedralRoach
file                                            canvas  major   cov%  fringe%       meanRGB
RUT_CathedralRoach_north.png                 (512, 512)    430   31.6     0.10      80,63,48
RUT_CathedralRoach_south.png                 (512, 512)    429   37.7     0.13      73,57,45
RUT_CathedralRoach_east.png                  (512, 512)    480   28.4     0.09      58,47,36
size spread 11.4%  |  anchor drift 19.9%

FLAGS:
  FLAG bottom-anchor drift 19.9% > 12.0%
  FLAG RUT_CathedralRoach_south.png: south drawn OVERHEAD (top-down), must be eye-level front
/mnt/d/Luke/dev/Rimworld/src/RimMandrake/Utils/artpipe/facing_set_audit.py:97: DeprecationWarning: Image.Image.getdata is deprecated and will be removed in Pillow 14 (2027-10-15). Use get_flattened_data instead.
  for pr, pg, pb, pa in small.getdata():


====================================================================================================
### src/RimStarWars/GizkaArtOverride/Textures/swanimals/Gizka/Gizka
file                                            canvas  major   cov%  fringe%       meanRGB
Gizka_north.png                              (256, 256)    230   16.6     0.09     127,94,56
Gizka_south.png                              (256, 256)    215   22.8     0.11     128,97,61
Gizka_east.png                               (256, 256)    251   17.8     0.13     133,96,57
size spread 15.5%  |  anchor drift 15.2%

FLAGS:
  FLAG size spread 15.5% > 15.0%
  FLAG bottom-anchor drift 15.2% > 12.0%
/mnt/d/Luke/dev/Rimworld/src/RimMandrake/Utils/artpipe/facing_set_audit.py:97: DeprecationWarning: Image.Image.getdata is deprecated and will be removed in Pillow 14 (2027-10-15). Use get_flattened_data instead.
  for pr, pg, pb, pa in small.getdata():


====================================================================================================
### src/RimStarWars/OrrayArtOverride/Textures/swanimals/Orray/Orray
file                                            canvas  major   cov%  fringe%       meanRGB
Orray_north.png                              (512, 512)    488   19.3     0.05     105,89,65
Orray_south.png                              (512, 512)    486   24.9     0.05    115,100,74
Orray_east.png                               (512, 512)    501   15.4     0.07     109,92,68
size spread 3.1%  |  anchor drift 27.3%

FLAGS:
  FLAG bottom-anchor drift 27.3% > 12.0%
  FLAG Orray_south.png: south drawn OVERHEAD (top-down), must be eye-level front
/mnt/d/Luke/dev/Rimworld/src/RimMandrake/Utils/artpipe/facing_set_audit.py:97: DeprecationWarning: Image.Image.getdata is deprecated and will be removed in Pillow 14 (2027-10-15). Use get_flattened_data instead.
  for pr, pg, pb, pa in small.getdata():


====================================================================================================
### src/RimStarWars/VornskyrArtOverride/Textures/swanimals/Vornskyr/Vornskyr
file                                            canvas  major   cov%  fringe%       meanRGB
Vornskyr_north.png                           (512, 512)    470   19.1     0.08      61,58,49
Vornskyr_south.png                           (512, 512)    485   28.9     0.10      68,65,54
Vornskyr_east.png                            (512, 512)    498   17.4     0.09      60,57,47
size spread 5.8%  |  anchor drift 24.4%

FLAGS:
  FLAG bottom-anchor drift 24.4% > 12.0%
  FLAG Vornskyr_south.png: south drawn OVERHEAD (top-down), must be eye-level front
/mnt/d/Luke/dev/Rimworld/src/RimMandrake/Utils/artpipe/facing_set_audit.py:97: DeprecationWarning: Image.Image.getdata is deprecated and will be removed in Pillow 14 (2027-10-15). Use get_flattened_data instead.
  for pr, pg, pb, pa in small.getdata():


====================================================================================================
### src/RimStarWars/DewbackArtOverride/Textures/swanimals/Dewback/Dewback
file                                            canvas  major   cov%  fringe%       meanRGB
Dewback_north.png                            (512, 512)    474   33.3     0.07      89,85,63
Dewback_south.png                            (512, 512)    462   46.4     0.08     100,93,65
Dewback_east.png                             (512, 512)    502   25.9     0.06      90,86,66
size spread 8.3%  |  anchor drift 21.7%

FLAGS:
  FLAG bottom-anchor drift 21.7% > 12.0%
  FLAG Dewback_south.png: south drawn OVERHEAD (top-down), must be eye-level front
/mnt/d/Luke/dev/Rimworld/src/RimMandrake/Utils/artpipe/facing_set_audit.py:97: DeprecationWarning: Image.Image.getdata is deprecated and will be removed in Pillow 14 (2027-10-15). Use get_flattened_data instead.
  for pr, pg, pb, pa in small.getdata():


====================================================================================================
### src/RimUtinni/ThermadonArtOverride/Textures/Things/Pawn/Animal/AA_Thermadon/AA_Thermadon
file                                            canvas  major   cov%  fringe%       meanRGB
AA_Thermadon_north.png                       (512, 512)    471   32.8     0.07      84,71,37
AA_Thermadon_south.png                       (512, 512)    496   43.9     0.09     102,85,43
AA_Thermadon_east.png                        (512, 512)    506   28.0     0.07      95,81,41
size spread 7.1%  |  anchor drift 21.9%

FLAGS:
  FLAG bottom-anchor drift 21.9% > 12.0%
  FLAG AA_Thermadon_south.png: south drawn OVERHEAD (top-down), must be eye-level front
/mnt/d/Luke/dev/Rimworld/src/RimMandrake/Utils/artpipe/facing_set_audit.py:97: DeprecationWarning: Image.Image.getdata is deprecated and will be removed in Pillow 14 (2027-10-15). Use get_flattened_data instead.
  for pr, pg, pb, pa in small.getdata():


====================================================================================================
### src/RimStarWars/ZakkegArtOverride/Textures/swanimals/Zakkeg/Zakkeg
file                                            canvas  major   cov%  fringe%       meanRGB
Zakkeg_north.png                             (512, 512)    506   13.1     0.14      95,79,67
Zakkeg_south.png                             (512, 512)    479   27.9     0.15      90,78,67
Zakkeg_east.png                              (512, 512)    497   17.0     0.16      89,76,62
size spread 5.5%  |  anchor drift 23.0%

FLAGS:
  FLAG bottom-anchor drift 23.0% > 12.0%
  FLAG Zakkeg_south.png: south drawn OVERHEAD (top-down), must be eye-level front
/mnt/d/Luke/dev/Rimworld/src/RimMandrake/Utils/artpipe/facing_set_audit.py:97: DeprecationWarning: Image.Image.getdata is deprecated and will be removed in Pillow 14 (2027-10-15). Use get_flattened_data instead.
  for pr, pg, pb, pa in small.getdata():


====================================================================================================
### src/RimUtinni/UtinniPatches/Textures/Things/Pawn/Animal/Pyrelands/FireWasp/FireWasp
file                                            canvas  major   cov%  fringe%       meanRGB
FireWasp_north.png                           (256, 256)    247   24.8     0.28     113,67,24
FireWasp_south.png                           (256, 256)    213   24.8     0.29      65,40,20
FireWasp_east.png                            (256, 256)    246   24.3     0.26     109,61,18
size spread 14.4%  |  anchor drift 14.1%

FLAGS:
  FLAG palette distance 55 > 40.0: FireWasp_north.png vs FireWasp_south.png
  FLAG palette distance 49 > 40.0: FireWasp_south.png vs FireWasp_east.png
  FLAG bottom-anchor drift 14.1% > 12.0%
/mnt/d/Luke/dev/Rimworld/src/RimMandrake/Utils/artpipe/facing_set_audit.py:97: DeprecationWarning: Image.Image.getdata is deprecated and will be removed in Pillow 14 (2027-10-15). Use get_flattened_data instead.
  for pr, pg, pb, pa in small.getdata():


====================================================================================================
### src/RimStarWars/AnoobaArtOverride/Textures/swanimals/Anooba/Anooba_m
file                                            canvas  major   cov%  fringe%       meanRGB
Anooba_m_north.png                           (512, 512)    485   21.9     0.10      64,65,74
Anooba_m_south.png                           (512, 512)    506   27.7     0.10      74,71,79
Anooba_m_east.png                            (512, 512)    455   22.1     0.12      73,76,87
size spread 10.6%  |  anchor drift 17.8%

FLAGS:
  FLAG bottom-anchor drift 17.8% > 12.0%
/mnt/d/Luke/dev/Rimworld/src/RimMandrake/Utils/artpipe/facing_set_audit.py:97: DeprecationWarning: Image.Image.getdata is deprecated and will be removed in Pillow 14 (2027-10-15). Use get_flattened_data instead.
  for pr, pg, pb, pa in small.getdata():


====================================================================================================
### src/RimStarWars/InsectomorphArtOverride/Textures/swanimals/Insectomorph/Insectomorph
file                                            canvas  major   cov%  fringe%       meanRGB
Insectomorph_north.png                       (512, 512)    406   23.7     0.11      93,88,70
Insectomorph_south.png                       (512, 512)    475   39.1     0.14      85,80,69
Insectomorph_east.png                        (512, 512)    471   27.3     0.10      90,86,74
size spread 15.3%  |  anchor drift 12.9%

FLAGS:
  FLAG size spread 15.3% > 15.0%
  FLAG bottom-anchor drift 12.9% > 12.0%
  FLAG Insectomorph_south.png: south drawn OVERHEAD (top-down), must be eye-level front
/mnt/d/Luke/dev/Rimworld/src/RimMandrake/Utils/artpipe/facing_set_audit.py:97: DeprecationWarning: Image.Image.getdata is deprecated and will be removed in Pillow 14 (2027-10-15). Use get_flattened_data instead.
  for pr, pg, pb, pa in small.getdata():


====================================================================================================
### src/RimStarWars/KreetleArtOverride/Textures/swanimals/Kreetle/Kreetle
file                                            canvas  major   cov%  fringe%       meanRGB
Kreetle_north.png                            (512, 512)    185    6.1     0.00     106,72,59
Kreetle_south.png                            (512, 512)    174    4.3     0.06      84,43,28
Kreetle_east.png                             (512, 512)    216    4.4     0.05      92,54,38
size spread 21.9%  |  anchor drift 5.5%

FLAGS:
  FLAG size spread 21.9% > 15.0%
  FLAG palette distance 48 > 40.0: Kreetle_north.png vs Kreetle_south.png
  FLAG Kreetle_south.png: south drawn OVERHEAD (top-down), must be eye-level front
/mnt/d/Luke/dev/Rimworld/src/RimMandrake/Utils/artpipe/facing_set_audit.py:97: DeprecationWarning: Image.Image.getdata is deprecated and will be removed in Pillow 14 (2027-10-15). Use get_flattened_data instead.
  for pr, pg, pb, pa in small.getdata():


====================================================================================================
### src/RimUtinni/UtinniPatches/Textures/Things/Pawn/Animal/Megatardi/Megatardi
file                                            canvas  major   cov%  fringe%       meanRGB
Megatardi_north.png                          (512, 512)    487   40.0     0.08     113,87,65
Megatardi_south.png                          (512, 512)    505   48.1     0.10     110,87,66
Megatardi_east.png                           (512, 512)    491   31.1     0.06     108,88,64
size spread 3.6%  |  anchor drift 23.4%

FLAGS:
  FLAG bottom-anchor drift 23.4% > 12.0%
  FLAG Megatardi_south.png: south drawn OVERHEAD (top-down), must be eye-level front
/mnt/d/Luke/dev/Rimworld/src/RimMandrake/Utils/artpipe/facing_set_audit.py:97: DeprecationWarning: Image.Image.getdata is deprecated and will be removed in Pillow 14 (2027-10-15). Use get_flattened_data instead.
  for pr, pg, pb, pa in small.getdata():


====================================================================================================
### src/RimStarWars/DragonsnakeArtOverride/Textures/swanimals/Dragonsnake/Dragonsnake
file                                            canvas  major   cov%  fringe%       meanRGB
Dragonsnake_north.png                        (512, 512)    507   27.6     0.09      70,65,36
Dragonsnake_south.png                        (512, 512)    452   42.5     0.08      74,69,42
Dragonsnake_east.png                         (512, 512)    497   30.2     0.10      75,70,44
size spread 11.3%  |  anchor drift 15.6%

FLAGS:
  FLAG bottom-anchor drift 15.6% > 12.0%
  FLAG Dragonsnake_south.png: south drawn OVERHEAD (top-down), must be eye-level front
/mnt/d/Luke/dev/Rimworld/src/RimMandrake/Utils/artpipe/facing_set_audit.py:97: DeprecationWarning: Image.Image.getdata is deprecated and will be removed in Pillow 14 (2027-10-15). Use get_flattened_data instead.
  for pr, pg, pb, pa in small.getdata():


====================================================================================================
### src/RimUtinni/UtinniPatches/Textures/Things/Pawn/Animal/nautilant/nautilant
file                                            canvas  major   cov%  fringe%       meanRGB
nautilant_north.png                          (512, 512)    399   26.2     0.05   182,134,139
nautilant_south.png                          (512, 512)    442   35.6     0.06   177,143,133
nautilant_east.png                           (512, 512)    463   42.7     0.08   182,136,131
size spread 14.7%  |  anchor drift 12.1%

FLAGS:
  FLAG bottom-anchor drift 12.1% > 12.0%
/mnt/d/Luke/dev/Rimworld/src/RimMandrake/Utils/artpipe/facing_set_audit.py:97: DeprecationWarning: Image.Image.getdata is deprecated and will be removed in Pillow 14 (2027-10-15). Use get_flattened_data instead.
  for pr, pg, pb, pa in small.getdata():


====================================================================================================
### src/RimUtinni/MantistanisArtOverride/Textures/Things/Pawn/Animal/Megafauna/Insectoid/GR_Mantistanis
file                                            canvas  major   cov%  fringe%       meanRGB
GR_Mantistanis_north.png                     (512, 512)    486   20.2     0.13     125,98,49
GR_Mantistanis_south.png                     (512, 512)    470   12.4     0.10    141,108,53
GR_Mantistanis_east.png                      (512, 512)    468   15.6     0.11     121,96,52
size spread 3.8%  |  anchor drift 22.5%

FLAGS:
  FLAG bottom-anchor drift 22.5% > 12.0%
/mnt/d/Luke/dev/Rimworld/src/RimMandrake/Utils/artpipe/facing_set_audit.py:97: DeprecationWarning: Image.Image.getdata is deprecated and will be removed in Pillow 14 (2027-10-15). Use get_flattened_data instead.
  for pr, pg, pb, pa in small.getdata():


====================================================================================================
### src/RimUtinni/RustCathedralRoaches/Textures/Things/Pawn/Animal/RUT_ScarRoach/RUT_ScarRoach
file                                            canvas  major   cov%  fringe%       meanRGB
RUT_ScarRoach_north.png                      (512, 512)    430   26.7     0.08      45,44,41
RUT_ScarRoach_south.png                      (512, 512)    430   24.4     0.09      48,46,43
RUT_ScarRoach_east.png                       (512, 512)    457   22.8     0.09      45,42,39
size spread 6.2%  |  anchor drift 20.1%

FLAGS:
  FLAG bottom-anchor drift 20.1% > 12.0%
  FLAG RUT_ScarRoach_south.png: south drawn OVERHEAD (top-down), must be eye-level front
/mnt/d/Luke/dev/Rimworld/src/RimMandrake/Utils/artpipe/facing_set_audit.py:97: DeprecationWarning: Image.Image.getdata is deprecated and will be removed in Pillow 14 (2027-10-15). Use get_flattened_data instead.
  for pr, pg, pb, pa in small.getdata():


====================================================================================================
### src/RimStarWars/HoraxArtOverride/Textures/swanimals/Horax/Horax
file                                            canvas  major   cov%  fringe%       meanRGB
Horax_north.png                              (512, 512)    502   31.1     0.08      89,92,98
Horax_south.png                              (512, 512)    509   56.5     0.11      81,82,85
Horax_east.png                               (512, 512)    505   25.3     0.09      78,78,82
size spread 1.4%  |  anchor drift 24.0%

FLAGS:
  FLAG bottom-anchor drift 24.0% > 12.0%
/mnt/d/Luke/dev/Rimworld/src/RimMandrake/Utils/artpipe/facing_set_audit.py:97: DeprecationWarning: Image.Image.getdata is deprecated and will be removed in Pillow 14 (2027-10-15). Use get_flattened_data instead.
  for pr, pg, pb, pa in small.getdata():


====================================================================================================
### src/RimUtinni/UtinniPatches/Textures/Things/Pawn/Animal/Pyrelands/FurnaceBeast/FurnaceBeast
file                                            canvas  major   cov%  fringe%       meanRGB
FurnaceBeast_north.png                       (512, 512)    466   18.3     0.47      99,78,65
FurnaceBeast_south.png                       (512, 512)    459   43.8     0.07      96,83,75
FurnaceBeast_east.png                        (512, 512)    501   31.6     0.17     128,92,68
size spread 8.8%  |  anchor drift 16.4%

FLAGS:
  FLAG bottom-anchor drift 16.4% > 12.0%
/mnt/d/Luke/dev/Rimworld/src/RimMandrake/Utils/artpipe/facing_set_audit.py:97: DeprecationWarning: Image.Image.getdata is deprecated and will be removed in Pillow 14 (2027-10-15). Use get_flattened_data instead.
  for pr, pg, pb, pa in small.getdata():


====================================================================================================
### src/RimStarWars/FambaaArtOverride/Textures/swanimals/Fambaa/Fambaa
file                                            canvas  major   cov%  fringe%       meanRGB
Fambaa_north.png                             (512, 512)    477   37.1     0.06     102,94,73
Fambaa_south.png                             (512, 512)    446   37.6     0.08     100,98,77
Fambaa_east.png                              (512, 512)    507   34.4     0.09    106,100,80
size spread 12.8%  |  anchor drift 12.3%

FLAGS:
  FLAG bottom-anchor drift 12.3% > 12.0%
/mnt/d/Luke/dev/Rimworld/src/RimMandrake/Utils/artpipe/facing_set_audit.py:97: DeprecationWarning: Image.Image.getdata is deprecated and will be removed in Pillow 14 (2027-10-15). Use get_flattened_data instead.
  for pr, pg, pb, pa in small.getdata():


====================================================================================================
### src/RimUtinni/TarGuzzlerArtOverride/Textures/Things/Pawn/Animal/AA_TarGuzzler/AA_TarGuzzler
file                                            canvas  major   cov%  fringe%       meanRGB
AA_TarGuzzler_north.png                      (512, 512)    440   43.1     0.07      39,42,52
AA_TarGuzzler_south.png                      (512, 512)    485   47.0     0.07      48,48,56
AA_TarGuzzler_east.png                       (512, 512)    497   42.1     0.07      40,41,47
size spread 12.0%  |  anchor drift 12.5%

FLAGS:
  FLAG bottom-anchor drift 12.5% > 12.0%
/mnt/d/Luke/dev/Rimworld/src/RimMandrake/Utils/artpipe/facing_set_audit.py:97: DeprecationWarning: Image.Image.getdata is deprecated and will be removed in Pillow 14 (2027-10-15). Use get_flattened_data instead.
  for pr, pg, pb, pa in small.getdata():


====================================================================================================
### src/RimStarWars/WhisperbirdArtOverride/Textures/swanimals/Whisperbird/Whisperbird
file                                            canvas  major   cov%  fringe%       meanRGB
Whisperbird_north.png                        (512, 512)    511   26.7     0.07      71,62,55
Whisperbird_south.png                        (512, 512)    503   36.2     0.08      62,54,48
Whisperbird_east.png                         (512, 512)    494   39.2     0.09      76,69,63
size spread 3.4%  |  anchor drift 20.3%

FLAGS:
  FLAG bottom-anchor drift 20.3% > 12.0%
  FLAG Whisperbird_south.png: south drawn OVERHEAD (top-down), must be eye-level front
/mnt/d/Luke/dev/Rimworld/src/RimMandrake/Utils/artpipe/facing_set_audit.py:97: DeprecationWarning: Image.Image.getdata is deprecated and will be removed in Pillow 14 (2027-10-15). Use get_flattened_data instead.
  for pr, pg, pb, pa in small.getdata():


====================================================================================================
### src/RimUtinni/BumbledroneArtOverride/Textures/Things/Pawn/Animal/AA_Bumbledrone/AA_Bumbledrone
file                                            canvas  major   cov%  fringe%       meanRGB
AA_Bumbledrone_north.png                     (512, 512)    459   32.7     0.13      81,78,58
AA_Bumbledrone_south.png                     (512, 512)    504   38.7     0.13      95,87,68
AA_Bumbledrone_east.png                      (512, 512)    490   32.8     0.16      92,87,66
size spread 9.3%  |  anchor drift 13.9%

FLAGS:
  FLAG bottom-anchor drift 13.9% > 12.0%
/mnt/d/Luke/dev/Rimworld/src/RimMandrake/Utils/artpipe/facing_set_audit.py:97: DeprecationWarning: Image.Image.getdata is deprecated and will be removed in Pillow 14 (2027-10-15). Use get_flattened_data instead.
  for pr, pg, pb, pa in small.getdata():


====================================================================================================
### src/RimUtinni/AcanthamoebaGiganteaLargeArtOverride/Textures/Things/Pawn/Animal/AA_AcanthamoebaGigantea/AA_AcanthamoebaGigantea
file                                            canvas  major   cov%  fringe%       meanRGB
AA_AcanthamoebaGigantea_north.png            (512, 512)    488   52.6     0.09      94,92,67
AA_AcanthamoebaGigantea_south.png            (512, 512)    495   49.6     0.08    108,109,83
AA_AcanthamoebaGigantea_east.png             (512, 512)    499   30.6     0.08      97,98,67
size spread 2.2%  |  anchor drift 20.5%

FLAGS:
  FLAG bottom-anchor drift 20.5% > 12.0%
/mnt/d/Luke/dev/Rimworld/src/RimMandrake/Utils/artpipe/facing_set_audit.py:97: DeprecationWarning: Image.Image.getdata is deprecated and will be removed in Pillow 14 (2027-10-15). Use get_flattened_data instead.
  for pr, pg, pb, pa in small.getdata():


====================================================================================================
### src/RimStarWars/KinrathArtOverride/Textures/swanimals/Kinrath/Kinrath
file                                            canvas  major   cov%  fringe%       meanRGB
Kinrath_north.png                            (512, 512)    448   33.8     0.12     112,87,56
Kinrath_south.png                            (512, 512)    471   36.5     0.17     103,80,52
Kinrath_east.png                             (512, 512)    459   23.0     0.08     106,76,41
size spread 5.0%  |  anchor drift 17.2%

FLAGS:
  FLAG bottom-anchor drift 17.2% > 12.0%
  FLAG Kinrath_south.png: south drawn OVERHEAD (top-down), must be eye-level front
/mnt/d/Luke/dev/Rimworld/src/RimMandrake/Utils/artpipe/facing_set_audit.py:97: DeprecationWarning: Image.Image.getdata is deprecated and will be removed in Pillow 14 (2027-10-15). Use get_flattened_data instead.
  for pr, pg, pb, pa in small.getdata():


====================================================================================================
### src/RimUtinni/TerramorphArtOverride/Textures/Things/Pawn/Animal/AA_Terramorph/AA_Terramorph
file                                            canvas  major   cov%  fringe%       meanRGB
AA_Terramorph_north.png                      (512, 512)    490   32.5     0.10   141,158,170
AA_Terramorph_south.png                      (512, 512)    441   34.9     0.06      89,77,66
AA_Terramorph_east.png                       (512, 512)    499   24.3     0.05      81,67,56
size spread 12.2%  |  anchor drift 9.4%

FLAGS:
  FLAG palette distance 142 > 40.0: AA_Terramorph_north.png vs AA_Terramorph_south.png
  FLAG palette distance 158 > 40.0: AA_Terramorph_north.png vs AA_Terramorph_east.png
  FLAG AA_Terramorph_south.png: south drawn OVERHEAD (top-down), must be eye-level front
/mnt/d/Luke/dev/Rimworld/src/RimMandrake/Utils/artpipe/facing_set_audit.py:97: DeprecationWarning: Image.Image.getdata is deprecated and will be removed in Pillow 14 (2027-10-15). Use get_flattened_data instead.
  for pr, pg, pb, pa in small.getdata():


====================================================================================================
### src/RimUtinni/SpidercatArtOverride/Textures/Things/Pawn/Animal/Insectoid/Spidercat/GR_Spidercat
file                                            canvas  major   cov%  fringe%       meanRGB
GR_Spidercat_north.png                       (512, 512)    491   21.2     0.17      62,49,41
GR_Spidercat_south.png                       (512, 512)    466   20.7     0.21      71,58,48
GR_Spidercat_east.png                        (512, 512)    491   16.3     0.17      73,60,54
size spread 5.2%  |  anchor drift 14.5%

FLAGS:
  FLAG bottom-anchor drift 14.5% > 12.0%
  FLAG GR_Spidercat_south.png: south drawn OVERHEAD (top-down), must be eye-level front
/mnt/d/Luke/dev/Rimworld/src/RimMandrake/Utils/artpipe/facing_set_audit.py:97: DeprecationWarning: Image.Image.getdata is deprecated and will be removed in Pillow 14 (2027-10-15). Use get_flattened_data instead.
  for pr, pg, pb, pa in small.getdata():


====================================================================================================
### src/RimUtinni/ThunderoxArtOverride/Textures/Things/Pawn/Animal/AA_Thunderox/AA_Thunderox_male
file                                            canvas  major   cov%  fringe%       meanRGB
AA_Thunderox_male_north.png                  (512, 512)    439   30.9     0.05    110,100,91
AA_Thunderox_male_south.png                  (512, 512)    439   35.2     0.07     106,92,83
AA_Thunderox_male_east.png                   (512, 512)    481   42.6     0.11      86,75,70
size spread 9.3%  |  anchor drift 8.8%

FLAGS:
  FLAG palette distance 41 > 40.0: AA_Thunderox_male_north.png vs AA_Thunderox_male_east.png
/mnt/d/Luke/dev/Rimworld/src/RimMandrake/Utils/artpipe/facing_set_audit.py:97: DeprecationWarning: Image.Image.getdata is deprecated and will be removed in Pillow 14 (2027-10-15). Use get_flattened_data instead.
  for pr, pg, pb, pa in small.getdata():


====================================================================================================
### src/RimStarWars/GizkaArtOverride/Textures/swanimals/Gizka/GizkaW
file                                            canvas  major   cov%  fringe%       meanRGB
GizkaW_north.png                             (256, 256)    221   28.1     0.00      98,86,56
GizkaW_south.png                             (256, 256)    254   31.4     0.00      98,84,59
GizkaW_east.png                              (256, 256)    249   35.5     0.06     167,95,63
size spread 13.7%  |  anchor drift 4.3%

FLAGS:
  FLAG palette distance 70 > 40.0: GizkaW_north.png vs GizkaW_east.png
  FLAG palette distance 70 > 40.0: GizkaW_south.png vs GizkaW_east.png
/mnt/d/Luke/dev/Rimworld/src/RimMandrake/Utils/artpipe/facing_set_audit.py:97: DeprecationWarning: Image.Image.getdata is deprecated and will be removed in Pillow 14 (2027-10-15). Use get_flattened_data instead.
  for pr, pg, pb, pa in small.getdata():


====================================================================================================
### src/RimStarWars/AnoobaArtOverride/Textures/swanimals/Anooba/Anooba_f
file                                            canvas  major   cov%  fringe%       meanRGB
Anooba_f_north.png                           (512, 512)    494   23.4     0.09      74,78,88
Anooba_f_south.png                           (512, 512)    504   31.6     0.11      80,76,81
Anooba_f_east.png                            (512, 512)    504   25.2     0.11      82,84,90
size spread 2.0%  |  anchor drift 15.2%

FLAGS:
  FLAG bottom-anchor drift 15.2% > 12.0%
/mnt/d/Luke/dev/Rimworld/src/RimMandrake/Utils/artpipe/facing_set_audit.py:97: DeprecationWarning: Image.Image.getdata is deprecated and will be removed in Pillow 14 (2027-10-15). Use get_flattened_data instead.
  for pr, pg, pb, pa in small.getdata():


====================================================================================================
### src/RimUtinni/BloodShrimpArtOverride/Textures/Things/Pawn/Animal/AA_BloodShrimp/AA_BloodShrimp
file                                            canvas  major   cov%  fringe%       meanRGB
AA_BloodShrimp_north.png                     (512, 512)    485   30.1     0.16      83,40,30
AA_BloodShrimp_south.png                     (512, 512)    475   40.9     0.13      86,44,32
AA_BloodShrimp_east.png                      (512, 512)    495   28.8     0.13      81,39,31
size spread 4.1%  |  anchor drift 12.3%

FLAGS:
  FLAG bottom-anchor drift 12.3% > 12.0%
  FLAG AA_BloodShrimp_south.png: south drawn OVERHEAD (top-down), must be eye-level front
/mnt/d/Luke/dev/Rimworld/src/RimMandrake/Utils/artpipe/facing_set_audit.py:97: DeprecationWarning: Image.Image.getdata is deprecated and will be removed in Pillow 14 (2027-10-15). Use get_flattened_data instead.
  for pr, pg, pb, pa in small.getdata():


====================================================================================================
### src/RimStarWars/DalgoArtOverride/Textures/swanimals/Dalgo/Dalgo
file                                            canvas  major   cov%  fringe%       meanRGB
Dalgo_north.png                              (512, 512)    501   17.3     0.07     129,74,41
Dalgo_south.png                              (512, 512)    504   22.3     0.09     128,73,44
Dalgo_east.png                               (512, 512)    501   23.1     0.09     145,82,46
size spread 0.6%  |  anchor drift 15.4%

FLAGS:
  FLAG bottom-anchor drift 15.4% > 12.0%
/mnt/d/Luke/dev/Rimworld/src/RimMandrake/Utils/artpipe/facing_set_audit.py:97: DeprecationWarning: Image.Image.getdata is deprecated and will be removed in Pillow 14 (2027-10-15). Use get_flattened_data instead.
  for pr, pg, pb, pa in small.getdata():


====================================================================================================
### src/RimUtinni/AgaripodArtOverride/Textures/Things/Pawn/Animal/AA_Agaripod/AA_Agaripod
file                                            canvas  major   cov%  fringe%       meanRGB
AA_Agaripod_north.png                        (512, 512)    511   47.6     0.10     113,84,69
AA_Agaripod_south.png                        (512, 512)    491   54.3     0.08      87,68,59
AA_Agaripod_east.png                         (512, 512)    505   47.2     0.10      78,62,55
size spread 4.0%  |  anchor drift 6.1%

FLAGS:
  FLAG palette distance 43 > 40.0: AA_Agaripod_north.png vs AA_Agaripod_east.png
  FLAG AA_Agaripod_south.png: south drawn OVERHEAD (top-down), must be eye-level front
/mnt/d/Luke/dev/Rimworld/src/RimMandrake/Utils/artpipe/facing_set_audit.py:97: DeprecationWarning: Image.Image.getdata is deprecated and will be removed in Pillow 14 (2027-10-15). Use get_flattened_data instead.
  for pr, pg, pb, pa in small.getdata():

