Mono path[0] = 'C:/Program Files (x86)/Steam/steamapps/common/RimWorld/RimWorldWin64_Data/Managed'
Mono config path = 'C:/Program Files (x86)/Steam/steamapps/common/RimWorld/MonoBleedingEdge/etc'
[PhysX] Initialized MultithreadedTaskDispatcher with 14 workers.
Initialize engine version: 2022.3.35f1 (011206c7a712)
[Subsystems] Discovering subsystems at path C:/Program Files (x86)/Steam/steamapps/common/RimWorld/RimWorldWin64_Data/UnitySubsystems
GfxDevice: creating device client; threaded=1; jobified=0
Direct3D:
    Version:  Direct3D 11.0 [level 11.1]
    Renderer: NVIDIA GeForce RTX 5080 (ID=0x2c02)
    Vendor:   NVIDIA
    VRAM:     15977 MB
    Driver:   32.0.15.9186
Begin MonoManager ReloadAssembly
- Loaded All Assemblies, in  0.117 seconds
- Finished resetting the current domain, in  0.001 seconds
<RI> Initializing input.
<RI> Input initialized.
<RI> Initialized touch support.
[PhysX] Initialized MultithreadedTaskDispatcher with 14 workers.
UnloadTime: 0.848300 ms
Command line arguments: -disable-compute-shaders
RimWorld 1.6.4871 rev591
Mod RimUtinni: Aftermath Rites dependency (mandrake.rm.aftermath) needs to have <downloadUrl> and/or <steamWorkshopUrl> specified.
Mod RimMandrake: Utinni — Inhabited (Ash'karr) dependency (mandrake.rm.inhabited) needs to have <downloadUrl> and/or <steamWorkshopUrl> specified.
Mod RimMandrake: Utinni — Weather Suite (Ash'karr) dependency (mandrake.rm.weathersuite) needs to have <downloadUrl> and/or <steamWorkshopUrl> specified.
Mod RimUtinni: Droid Repair Jobs dependency (mandrake.rsw.droidworks) needs to have <downloadUrl> and/or <steamWorkshopUrl> specified.
Mod RimUtinni: The Reckoning dependency (mandrake.rut.patches) needs to have <downloadUrl> and/or <steamWorkshopUrl> specified.
Mod RimUtinni: The Reckoning dependency (mandrake.rm.biomes) needs to have <downloadUrl> and/or <steamWorkshopUrl> specified.
Mod Jawa Fall Line Arrivals dependency (mandrake.rm.shipvermin) needs to have <downloadUrl> and/or <steamWorkshopUrl> specified.
Mod RimStarWars: Imperial Graffiti dependency (mandrake.rm.graffiti) needs to have <downloadUrl> and/or <steamWorkshopUrl> specified.
Mod RimUtinni: Greentide Raid Ant dependency (mandrake.rm.biomes) needs to have <downloadUrl> and/or <steamWorkshopUrl> specified.
Mod RimMandrake: Hostile Flora dependency (mandrake.rm.biomes) needs to have <downloadUrl> and/or <steamWorkshopUrl> specified.
Mod JawaVoice (SpeakUp reskin) dependency (JPT.speakup) needs to have <downloadUrl> and/or <steamWorkshopUrl> specified.
Mod RimMandrake: Kinetic Arms dependency (mandrake.rm.explosiveknockback) needs to have <downloadUrl> and/or <steamWorkshopUrl> specified.
Mod RimMandrake: Utinni — Propane Lake Mechanics dependency (mandrake.rut.patches) needs to have <downloadUrl> and/or <steamWorkshopUrl> specified.
Mod RimMandrake: Utinni — Pyrelands Mechanics dependency (mandrake.rm.biomes) needs to have <downloadUrl> and/or <steamWorkshopUrl> specified.
Mod RimMandrake: Utinni — Pyrelands Mechanics dependency (mandrake.rut.patches) needs to have <downloadUrl> and/or <steamWorkshopUrl> specified.
Mod RimMandrake: Baroque Biomes dependency (mandrake.rm.luminouspigment) needs to have <downloadUrl> and/or <steamWorkshopUrl> specified.
Mod RimMandrake: Baroque Biomes dependency (mandrake.rm.flowworks) needs to have <downloadUrl> and/or <steamWorkshopUrl> specified.
Mod Salvation Rites dependency (mandrake.rut.antiquities) needs to have <downloadUrl> and/or <steamWorkshopUrl> specified.
Mod RimMandrake: Utinni — Rust Cathedral Roaches dependency (mandrake.rm.biomes) needs to have <downloadUrl> and/or <steamWorkshopUrl> specified.
Mod RimMandrake Sacred Marks dependency (mandrake.rm.graffiti) needs to have <downloadUrl> and/or <steamWorkshopUrl> specified.
Mod RimUtinni: Scarlands Ladder dependency (mandrake.rut.antiquities) needs to have <downloadUrl> and/or <steamWorkshopUrl> specified.
Mod RimUtinni: Scarlands Ladder dependency (mandrake.rm.lorestages) needs to have <downloadUrl> and/or <steamWorkshopUrl> specified.
Mod RimMandrake: Ship Vermin dependency (mandrake.rsw.swbestiary) needs to have <downloadUrl> and/or <steamWorkshopUrl> specified.
Mod RimMandrake: Ship Vermin dependency (mandrake.rm.biomes) needs to have <downloadUrl> and/or <steamWorkshopUrl> specified.
Mod RimMandrake: SW — Shokk dependency (mandrake.rm.biomes) needs to have <downloadUrl> and/or <steamWorkshopUrl> specified.
Mod RimUtinni: Shokkweave Economy dependency (mandrake.rm.biomes) needs to have <downloadUrl> and/or <steamWorkshopUrl> specified.
Mod RimMandrake: Solar Mirrors dependency (mandrake.rm.biomes) needs to have <downloadUrl> and/or <steamWorkshopUrl> specified.
Mod RimUtinni: Structure Injections dependency (OskarPotocki.VanillaFactionsExpanded.Core) needs to have <downloadUrl> and/or <steamWorkshopUrl> specified.
Mod RimUtinni: Structure Injections dependency (mandrake.rm.injections) needs to have <downloadUrl> and/or <steamWorkshopUrl> specified.
Mod RimStarWars: Structure Injections dependency (mandrake.rm.injections) needs to have <downloadUrl> and/or <steamWorkshopUrl> specified.
Mod RimMandrake: SW — Bestiary dependency (OskarPotocki.VFE.Insectoid2) needs to have <downloadUrl> and/or <steamWorkshopUrl> specified.
Mod RimMandrake: SW — Bestiary dependency (mandrake.rm.biomes) needs to have <downloadUrl> and/or <steamWorkshopUrl> specified.
Mod RimMandrake: SW — Bestiary dependency (sarg.alphaanimals) needs to have <downloadUrl> and/or <steamWorkshopUrl> specified.
Mod RimMandrake: SW — Bestiary dependency (brrainz.harmony) needs to have <downloadUrl> and/or <steamWorkshopUrl> specified.
Mod RimUtinni: The Unfinished Line dependency (mandrake.rsw.droidworks) needs to have <downloadUrl> and/or <steamWorkshopUrl> specified.
Mod RimUtinni: The Unfinished Line dependency (mandrake.rut.droidrepairjobs) needs to have <downloadUrl> and/or <steamWorkshopUrl> specified.
Mod RimUtinni Patches (Jawa campaign) dependency (mandrake.rm.weathersuite) needs to have <downloadUrl> and/or <steamWorkshopUrl> specified.
Mod RimMandrake: Colony Visibility dependency (brrainz.harmony) needs to have <downloadUrl> and/or <steamWorkshopUrl> specified.
Mod RimMandrake: Warcasket dependency (mandrake.rm.biomes) needs to have <downloadUrl> and/or <steamWorkshopUrl> specified.
Mod RimUtinni: Wildsteam Egg Bounty dependency (mandrake.rut.patches) needs to have <downloadUrl> and/or <steamWorkshopUrl> specified.
Mod RimUtinni: Wildsteam Egg Bounty dependency (mandrake.rm.biomes) needs to have <downloadUrl> and/or <steamWorkshopUrl> specified.
Mod VFE Factory Integrated Rimefeller Recipes dependency (VanillaExpanded.VFEFactory) needs to have <downloadUrl> and/or <steamWorkshopUrl> specified.
Mod VFE Factory Integrated Rimefeller Recipes dependency (Dubwise.Rimefeller) needs to have <downloadUrl> and/or <steamWorkshopUrl> specified.
Mod VFE Factory Integrated Rimefeller Recipes dependency (brrainz.harmony) needs to have <downloadUrl> and/or <steamWorkshopUrl> specified.
Mod RimTalk Expand: AI Storyteller dependency (cyberchronicle.rimtalkexperts) needs to have <downloadUrl> and/or <steamWorkshopUrl> specified.
Mod RimTalk Expand: AI Storyteller dependency (brrainz.harmony) needs to have <downloadUrl> and/or <steamWorkshopUrl> specified.
Mod Custom Room Names - RimTalk Addon dependency (cj.Rimtalk) needs to have <downloadUrl> and/or <steamWorkshopUrl> specified.
Mod Custom Room Names - RimTalk Addon dependency (costel.CustomRoomNames) needs to have <downloadUrl> and/or <steamWorkshopUrl> specified.
Mod RimTalk - Expand Literature dependency (cj.rimtalk) needs to have <downloadUrl> and/or <steamWorkshopUrl> specified.
Mod RimTalk - Expand Toddlers dependency (cyanobot.toddlers) needs to have <downloadUrl> and/or <steamWorkshopUrl> specified.
Mod RimTalk - Expand Toddlers dependency (cj.rimtalk) needs to have <downloadUrl> and/or <steamWorkshopUrl> specified.
Mod Large Pawns dependency (brrainz.harmony) needs to have <downloadUrl> and/or <steamWorkshopUrl> specified.
Mod Wood's Muzzle Flash for Ancient urban ruins has a dependency (issaczhuang.muzzleflash) with empty display name.
Mod Wood's Muzzle Flash for Ancient urban ruins dependency (issaczhuang.muzzleflash) needs to have <downloadUrl> and/or <steamWorkshopUrl> specified.
Mod Wood's Muzzle Flash for Ancient urban ruins has a dependency (xmb.ancienturbanruins.mo) with empty display name.
Mod Wood's Muzzle Flash for Ancient urban ruins dependency (xmb.ancienturbanruins.mo) needs to have <downloadUrl> and/or <steamWorkshopUrl> specified.
Mod Forced Xenogerm Implantation dependency (brrainz.harmony) needs to have <downloadUrl> and/or <steamWorkshopUrl> specified.
Exception loading from System.Xml.XmlElement: System.MissingMethodException: Default constructor not found for type System.String
  at System.RuntimeType.CreateInstanceMono (System.Boolean nonPublic, System.Boolean wrapExceptions) [0x00076] in <51fded79cd284d4d911c5949aff4cb21>:0 
  at System.RuntimeType.CreateInstanceSlow (System.Boolean publicOnly, System.Boolean wrapExceptions, System.Boolean skipCheckThis, System.Boolean fillCache) [0x00009] in <51fded79cd284d4d911c5949aff4cb21>:0 
  at System.RuntimeType.CreateInstanceDefaultCtor (System.Boolean publicOnly, System.Boolean skipCheckThis, System.Boolean fillCache, System.Boolean wrapExceptions, System.Threading.StackCrawlMark& stackMark) [0x00027] in <51fded79cd284d4d911c5949aff4cb21>:0 
  at System.Activator.CreateInstance (System.Type type, System.Boolean nonPublic, System.Boolean wrapExceptions) [0x00020] in <51fded79cd284d4d911c5949aff4cb21>:0 
  at System.Activator.CreateInstance (System.Type type, System.Boolean nonPublic) [0x00000] in <51fded79cd284d4d911c5949aff4cb21>:0 
  at System.Activator.CreateInstance (System.Type type) [0x00000] in <51fded79cd284d4d911c5949aff4cb21>:0 
  at Verse.DirectXmlToObject.ObjectFromXml[T] (System.Xml.XmlNode xmlRoot, System.Boolean doPostLoad) [0x0045c] in <61e4173561894da49d210260257b5097>:0 
  at Verse.DirectXmlToObject.ObjectFromXmlReflection[T] (System.Xml.XmlNode xmlRoot, System.Boolean doPostLoad) [0x00000] in <61e4173561894da49d210260257b5097>:0 
  at Verse.DirectXmlToObject.ObjectFromXml[T] (System.Xml.XmlNode xmlRoot, System.Boolean doPostLoad) [0x0060e] in <61e4173561894da49d210260257b5097>:0 
Fallback handler could not load library C:/Program Files (x86)/Steam/steamapps/common/RimWorld/RimWorldWin64_Data/MonoBleedingEdge/data-000001DC91E48040.dll
Fallback handler could not load library C:/Program Files (x86)/Steam/steamapps/common/RimWorld/RimWorldWin64_Data/MonoBleedingEdge/data-000001DC91FE1170.dll
[RimBridge] STARTUP_TIMING phase=main-thread.initialize durationMs=0 elapsedMs=0
[RimBridge] Applied essential Harmony patches.
[RimBridge] Applied 57 optional Harmony patch classes.
[RimBridge] STARTUP_TIMING phase=harmony.startup-patches durationMs=168 elapsedMs=168
[RimBridge] STARTUP_TIMING phase=startup.on-mod-constructed durationMs=0 elapsedMs=168
[RimBridge] STARTUP_TIMING phase=mod-constructor.total durationMs=168 elapsedMs=168
Tried to get a resource "UI/Commands/TryReconnect" from a different thread. All resources must be loaded in the main thread.
Tried to get a resource "UI/Designators/Cancel" from a different thread. All resources must be loaded in the main thread.
XML error: <onlyFactions><li>RUT_Jawa_WildsteamClan</li></onlyFactions> doesn't correspond to any field in type RM_StockGenerator_DeepYoung. Context: <li Class="RimMandrake.FeverWood.RM_StockGenerator_DeepYoung"><onlyFactions><li>RUT_Jawa_WildsteamClan</li></onlyFactions><stockChance>0.6</stockChance><price>Expensive</price></li>
XML error: <stockChance>0.6</stockChance> doesn't correspond to any field in type RM_StockGenerator_DeepYoung. Context: <li Class="RimMandrake.FeverWood.RM_StockGenerator_DeepYoung"><onlyFactions><li>RUT_Jawa_WildsteamClan</li></onlyFactions><stockChance>0.6</stockChance><price>Expensive</price></li>
XML error: <onlyFactions><li>RUT_Jawa_WildsteamClan</li></onlyFactions> doesn't correspond to any field in type RM_StockGenerator_DeepYoung. Context: <li Class="RimMandrake.FeverWood.RM_StockGenerator_DeepYoung"><onlyFactions><li>RUT_Jawa_WildsteamClan</li></onlyFactions><stockChance>0.6</stockChance><price>Expensive</price></li>
XML error: <stockChance>0.6</stockChance> doesn't correspond to any field in type RM_StockGenerator_DeepYoung. Context: <li Class="RimMandrake.FeverWood.RM_StockGenerator_DeepYoung"><onlyFactions><li>RUT_Jawa_WildsteamClan</li></onlyFactions><stockChance>0.6</stockChance><price>Expensive</price></li>
XML error: <linkFlags><li>Custom3</li></linkFlags> doesn't correspond to any field in type ThingDef. Context: <ThingDef ParentName="BuildingBase"><category>Building</category><thingClass>Building</thingClass><soundImpactDefault>BulletImpact_Ground</soundImpactDefault><selectable>true</selectable><drawerType>MapMeshOnly</drawerType><altitudeLayer>FloorEmplacement</altitudeLayer><terrainAffordanceNeeded>Light</terrainAffordanceNeeded><repairEffect>Repair</repairEffect><leaveResourcesWhenKilled>false</leaveResourcesWhenKilled><filthLeaving>Filth_RubbleBuilding</filthLeaving><statBases><SellPriceFactor>0.70</SellPriceFactor><MaxHitPoints>30</MaxHitPoints><WorkToBuild>30</WorkToBuild><Flammability>1.0</Flammability><Beauty>-1</Beauty></statBases><defName>RM_LiquidHose</defName><label>liquid hose</label><description>A run of patched rubber hose on scrap clamps. Hoses join every liquid tank they touch into one line with the pumps, stills and works on it, so a pump at the shore can fill a tank across the base. Cheap, quick to lay, and easy to cut. Machines and tanks can stand over it.</description><graphicData><texPath>Things/Building/Linked/PowerConduit_Atlas</texPath><graphicClass>Graphic_Linked</graphicClass><color>(90,140,190)</color><linkFlags><li>Custom3</li></linkFlags><damageData><rect>(0,0.35,1,0.3)</rect></damageData></graphicData><uiIconPath>Things/Building/Linked/PowerConduit_MenuIcon</uiIconPath><uiIconColor>(90,140,190)</uiIconColor><passability>Standable</passability><linkFlags><li>Custom3</li></linkFlags><useHitPoints>true</useHitPoints><rotatable>false</rotatable><neverMultiSelect>false</neverMultiSelect><placingDraggableDimensions>1</placingDraggableDimensions><clearBuildingArea>false</clearBuildingArea><designationCategory>Production</designationCategory><costList><Steel>1</Steel></costList><building><isEdifice>false</isEdifice><isInert>true</isInert><ai_chillDestination>false</ai_chillDestination><expandHomeArea>false</expandHomeArea></building><modExtensions><li Class="RimMandrake.FlowWorks.Machinery.RM_LiquidHoseExtension" /></modExtensions></ThingDef>
XML error: <placingDraggableDimensions>1</placingDraggableDimensions> doesn't correspond to any field in type ThingDef. Context: <ThingDef ParentName="BuildingBase"><category>Building</category><thingClass>Building</thingClass><soundImpactDefault>BulletImpact_Ground</soundImpactDefault><selectable>true</selectable><drawerType>MapMeshOnly</drawerType><altitudeLayer>FloorEmplacement</altitudeLayer><terrainAffordanceNeeded>Light</terrainAffordanceNeeded><repairEffect>Repair</repairEffect><leaveResourcesWhenKilled>false</leaveResourcesWhenKilled><filthLeaving>Filth_RubbleBuilding</filthLeaving><statBases><SellPriceFactor>0.70</SellPriceFactor><MaxHitPoints>30</MaxHitPoints><WorkToBuild>30</WorkToBuild><Flammability>1.0</Flammability><Beauty>-1</Beauty></statBases><defName>RM_LiquidHose</defName><label>liquid hose</label><description>A run of patched rubber hose on scrap clamps. Hoses join every liquid tank they touch into one line with the pumps, stills and works on it, so a pump at the shore can fill a tank across the base. Cheap, quick to lay, and easy to cut. Machines and tanks can stand over it.</description><graphicData><texPath>Things/Building/Linked/PowerConduit_Atlas</texPath><graphicClass>Graphic_Linked</graphicClass><color>(90,140,190)</color><linkFlags><li>Custom3</li></linkFlags><damageData><rect>(0,0.35,1,0.3)</rect></damageData></graphicData><uiIconPath>Things/Building/Linked/PowerConduit_MenuIcon</uiIconPath><uiIconColor>(90,140,190)</uiIconColor><passability>Standable</passability><linkFlags><li>Custom3</li></linkFlags><useHitPoints>true</useHitPoints><rotatable>false</rotatable><neverMultiSelect>false</neverMultiSelect><placingDraggableDimensions>1</placingDraggableDimensions><clearBuildingArea>false</clearBuildingArea><designationCategory>Production</designationCategory><costList><Steel>1</Steel></costList><building><isEdifice>false</isEdifice><isInert>true</isInert><ai_chillDestination>false</ai_chillDestination><expandHomeArea>false</expandHomeArea></building><modExtensions><li Class="RimMandrake.FlowWorks.Machinery.RM_LiquidHoseExtension" /></modExtensions></ThingDef>
Parsed 7.5 as int.
XML error: <wildness>1</wildness> doesn't correspond to any field in type RaceProperties. Context: <race><renderTree>Animal</renderTree><thinkTreeMain>Animal</thinkTreeMain><thinkTreeConstant>AnimalConstant</thinkTreeConstant><hasGenders>false</hasGenders><nameGenerator>NamerAnimalGenericMale</nameGenerator><nameGeneratorFemale>NamerAnimalGenericFemale</nameGeneratorFemale><trainability>None</trainability><bloodDef>Filth_BloodInsect</bloodDef><bloodSmearDef>Filth_BloodSmear</bloodSmearDef><canBecomeShambler>true</canBecomeShambler><hediffGiverSets><li>OrganicStandard</li></hediffGiverSets><body>RM_RotLarvaLike</body><leatherDef>RM_FragileChitin</leatherDef><fleshType>Insectoid</fleshType><useMeatFrom>Megaspider</useMeatFrom><baseBodySize>8</baseBodySize><baseHealthScale>10</baseHealthScale><baseHungerRate>0.3</baseHungerRate><foodType>OmnivoreAnimal, OvivoreAnimal</foodType><predator>false</predator><petness>0</petness><wildness>1</wildness><manhunterOnTameFailChance>0</manhunterOnTameFailChance><manhunterOnDamageChance>0</manhunterOnDamageChance><lifeExpectancy>60</lifeExpectancy><soundMeleeHitPawn>Pawn_Melee_BigBash_HitPawn</soundMeleeHitPawn><soundMeleeHitBuilding>Pawn_Melee_BigBash_HitBuilding</soundMeleeHitBuilding><soundMeleeMiss>Pawn_Melee_BigBash_Miss</soundMeleeMiss><lifeStageAges><li><def>AnimalAdult</def><minAge>0</minAge><soundWounded>Pawn_Megascarab_Wounded</soundWounded><soundDeath>Pawn_Megascarab_Death</soundDeath><soundCall>Pawn_Megascarab_Call</soundCall><soundAngry>Pawn_Megascarab_Angry</soundAngry></li></lifeStageAges></race>
Tried to use an uninitialized DefOf of type ThingDefOf. DefOfs are initialized right after all defs all loaded. Uninitialized DefOfs will return only nulls. (hint: don't use DefOfs as default field values in Defs, try to resolve them in ResolveReferences() instead)
Exception loading def from file RM_SekkulaathYoungCask.xml: System.ArgumentException: Could not find type named RimMandrake.FeverWood.RM_CompProperties_DeepYoungLines from node <li Class="RimMandrake.FeverWood.RM_CompProperties_DeepYoungLines"><boughtLine>You have bought a child of the deep in a barrel. Somewhere under the Fever Wood, something counts one more.</boughtLine><soldLine>You have sold a child of the deep on to the next pair of hands. The pools do not forgive a trade; they only keep count.</soldLine><returnedLine>The deep has its child back. Whatever it thinks of the clan that carried it home, it pays its debts.</returnedLine></li>
Parameter name: node
[Ref D7802C72]
  at Verse.DirectXmlToObjectNew.ResolveTypeForNode (System.Type defaultType, System.Xml.XmlNode node) [0x0005a] in <61e4173561894da49d210260257b5097>:0 
(wrapper dynamic-method) Verse.DirectXmlToObjectNew+DummyTypeToHoldDynamicMethods.ParseAndSetListField_Verse_CompProperties(object,System.Reflection.FieldInfo,System.Xml.XmlNode,System.Type)
(wrapper dynamic-method) Verse.DirectXmlToObjectNew+DummyTypeToHoldDynamicMethods.ParseAndReturnDef_Verse_ThingDef(int,int,System.Xml.XmlNode,System.Type)
  at Verse.DirectXmlToObjectNew.DefFromNodeNew (System.Xml.XmlNode node, Verse.LoadableXmlAsset loadingAsset) [0x000dd] in <61e4173561894da49d210260257b5097>:0 
Could not find a type named BiomesPlus.BiomeWorker_PoisonForest
Could not find a type named VanillaBiomes.BiomeWorker_Badlands
Could not find a type named ReGrowthCore.UniversalBiomeWorker
Could not find a type named BiomeWorker_CypreJungle
Could not find a type named BiomesPlus.BiomeWorker_Wasteland
Could not find a type named VanillaBiomes.BiomeWorker_DesertOasis
XML error: <onlySettlementNames><li>Sporefall</li></onlySettlementNames> doesn't correspond to any field in type RM_DeepYoungKeeperExtension. Context: <li Class="RimMandrake.FeverWood.RM_DeepYoungKeeperExtension"><youngPerSettlement>1</youngPerSettlement><onlySettlementNames><li>Sporefall</li></onlySettlementNames></li>
XML error: <successHistoryEvent>RUT_HistoryEvent_EggAssassination</successHistoryEvent> doesn't correspond to any field in type QuestNode_End. Context: <li Class="QuestNode_End"><inSignal>EggHatched</inSignal><outcome>Success</outcome><sendStandardLetter>true</sendStandardLetter><successHistoryEvent>RUT_HistoryEvent_EggAssassination</successHistoryEvent></li>
XML error: <failedOrExpiredHistoryEvent>RUT_HistoryEvent_EggAssassination</failedOrExpiredHistoryEvent> doesn't correspond to any field in type QuestNode_End. Context: <li Class="QuestNode_End"><inSignal>EggFoundBeforeHatch</inSignal><outcome>Fail</outcome><sendStandardLetter>true</sendStandardLetter><goodwillChangeAmount>-25</goodwillChangeAmount><goodwillChangeFactionOf>$target</goodwillChangeFactionOf><goodwillChangeReason>RUT_HistoryEvent_ReckoningAttempt</goodwillChangeReason><failedOrExpiredHistoryEvent>RUT_HistoryEvent_EggAssassination</failedOrExpiredHistoryEvent></li>
XML error: <successHistoryEvent>RUT_HistoryEvent_EggAssassination</successHistoryEvent> doesn't correspond to any field in type QuestNode_End. Context: <li Class="QuestNode_End"><inSignal>EggHatched</inSignal><outcome>Success</outcome><sendStandardLetter>true</sendStandardLetter><successHistoryEvent>RUT_HistoryEvent_EggAssassination</successHistoryEvent></li>
XML error: <failedOrExpiredHistoryEvent>RUT_HistoryEvent_EggAssassination</failedOrExpiredHistoryEvent> doesn't correspond to any field in type QuestNode_End. Context: <li Class="QuestNode_End"><inSignal>EggFoundBeforeHatch</inSignal><outcome>Fail</outcome><sendStandardLetter>true</sendStandardLetter><goodwillChangeAmount>-25</goodwillChangeAmount><goodwillChangeFactionOf>$target</goodwillChangeFactionOf><goodwillChangeReason>RUT_HistoryEvent_ReckoningAttempt</goodwillChangeReason><failedOrExpiredHistoryEvent>RUT_HistoryEvent_EggAssassination</failedOrExpiredHistoryEvent></li>
XML error: <occupantLikeTank>RM_SekkulaathTank</occupantLikeTank> doesn't correspond to any field in type RM_CompProperties_CapturedSpecimen. Context: <li Class="RimMandrake.FeverWood.RM_CompProperties_CapturedSpecimen"><occupantLikeTank>RM_SekkulaathTank</occupantLikeTank><teachesColonyWarning>false</teachesColonyWarning><damageEscapeThresholdFraction>0.5</damageEscapeThresholdFraction><damageEscapeChancePerHit>0.35</damageEscapeChancePerHit><displayTank>true</displayTank><giftRolls>2</giftRolls><freedLetterLabel>Sporefall's young is loose</freedLetterLabel><freedLetterText>The display tank of Sporefall stands open and its young, the biggest ever caught, is sliding for the water. The whole town saw it done.\n\nThe Wildsteam will not forget this. If the young reaches a pool of the Fever Wood, the deep will pay for it as it has never paid before.</freedLetterText></li>
XML error: <displayTank>true</displayTank> doesn't correspond to any field in type RM_CompProperties_CapturedSpecimen. Context: <li Class="RimMandrake.FeverWood.RM_CompProperties_CapturedSpecimen"><occupantLikeTank>RM_SekkulaathTank</occupantLikeTank><teachesColonyWarning>false</teachesColonyWarning><damageEscapeThresholdFraction>0.5</damageEscapeThresholdFraction><damageEscapeChancePerHit>0.35</damageEscapeChancePerHit><displayTank>true</displayTank><giftRolls>2</giftRolls><freedLetterLabel>Sporefall's young is loose</freedLetterLabel><freedLetterText>The display tank of Sporefall stands open and its young, the biggest ever caught, is sliding for the water. The whole town saw it done.\n\nThe Wildsteam will not forget this. If the young reaches a pool of the Fever Wood, the deep will pay for it as it has never paid before.</freedLetterText></li>
XML error: <giftRolls>2</giftRolls> doesn't correspond to any field in type RM_CompProperties_CapturedSpecimen. Context: <li Class="RimMandrake.FeverWood.RM_CompProperties_CapturedSpecimen"><occupantLikeTank>RM_SekkulaathTank</occupantLikeTank><teachesColonyWarning>false</teachesColonyWarning><damageEscapeThresholdFraction>0.5</damageEscapeThresholdFraction><damageEscapeChancePerHit>0.35</damageEscapeChancePerHit><displayTank>true</displayTank><giftRolls>2</giftRolls><freedLetterLabel>Sporefall's young is loose</freedLetterLabel><freedLetterText>The display tank of Sporefall stands open and its young, the biggest ever caught, is sliding for the water. The whole town saw it done.\n\nThe Wildsteam will not forget this. If the young reaches a pool of the Fever Wood, the deep will pay for it as it has never paid before.</freedLetterText></li>
XML error: <freedLetterLabel>Sporefall's young is loose</freedLetterLabel> doesn't correspond to any field in type RM_CompProperties_CapturedSpecimen. Context: <li Class="RimMandrake.FeverWood.RM_CompProperties_CapturedSpecimen"><occupantLikeTank>RM_SekkulaathTank</occupantLikeTank><teachesColonyWarning>false</teachesColonyWarning><damageEscapeThresholdFraction>0.5</damageEscapeThresholdFraction><damageEscapeChancePerHit>0.35</damageEscapeChancePerHit><displayTank>true</displayTank><giftRolls>2</giftRolls><freedLetterLabel>Sporefall's young is loose</freedLetterLabel><freedLetterText>The display tank of Sporefall stands open and its young, the biggest ever caught, is sliding for the water. The whole town saw it done.\n\nThe Wildsteam will not forget this. If the young reaches a pool of the Fever Wood, the deep will pay for it as it has never paid before.</freedLetterText></li>
XML error: <freedLetterText>The display tank of Sporefall stands open and its young, the biggest ever caught, is sliding for the water. The whole town saw it done.\n\nThe Wildsteam will not forget this. If the young reaches a pool of the Fever Wood, the deep will pay for it as it has never paid before.</freedLetterText> doesn't correspond to any field in type RM_CompProperties_CapturedSpecimen. Context: <li Class="RimMandrake.FeverWood.RM_CompProperties_CapturedSpecimen"><occupantLikeTank>RM_SekkulaathTank</occupantLikeTank><teachesColonyWarning>false</teachesColonyWarning><damageEscapeThresholdFraction>0.5</damageEscapeThresholdFraction><damageEscapeChancePerHit>0.35</damageEscapeChancePerHit><displayTank>true</displayTank><giftRolls>2</giftRolls><freedLetterLabel>Sporefall's young is loose</freedLetterLabel><freedLetterText>The display tank of Sporefall stands open and its young, the biggest ever caught, is sliding for the water. The whole town saw it done.\n\nThe Wildsteam will not forget this. If the young reaches a pool of the Fever Wood, the deep will pay for it as it has never paid before.</freedLetterText></li>
Exception loading def from file (unknown): System.ArgumentException: Could not find type named RimMandrake.FeverWood.RM_GenStep_DisplayTank from node <genStep Class="RimMandrake.FeverWood.RM_GenStep_DisplayTank"><tankDef>RUT_SporefallDisplayTank</tankDef><faction>RUT_Jawa_WildsteamClan</faction><settlementName>Sporefall</settlementName></genStep>
Parameter name: node
[Ref 84B1116E]
  at Verse.DirectXmlToObjectNew.ResolveTypeForNode (System.Type defaultType, System.Xml.XmlNode node) [0x0005a] in <61e4173561894da49d210260257b5097>:0 
  at Verse.DirectXmlToObjectNew.ResolveTypeForNode (System.Reflection.FieldInfo fieldBeingSet, System.Xml.XmlNode node) [0x00006] in <61e4173561894da49d210260257b5097>:0 
(wrapper dynamic-method) Verse.DirectXmlToObjectNew+DummyTypeToHoldDynamicMethods.ParseAndReturnDef_Verse_GenStepDef(int,int,System.Xml.XmlNode,System.Type)
  at Verse.DirectXmlToObjectNew.DefFromNodeNew (System.Xml.XmlNode node, Verse.LoadableXmlAsset loadingAsset) [0x000dd] in <61e4173561894da49d210260257b5097>:0 
[RimMandrake: SW — Bestiary] Patch operation Verse.PatchOperationConditional(/Defs/ThingDef[defName="DA_LeviathanCrab"]/race/wildBiomes) failed
file: C:\Program Files (x86)\Steam\steamapps\common\RimWorld\Mods\SWBestiary\Patches\SeasWaterline\Waterline_Lane1.xml
[RimUtinni Patches (Jawa campaign)] Patch operation Verse.PatchOperationConditional(/Defs/PawnKindDef[defName="AncientSoldierBoss"]/weaponTags/li[text()="IndustrialGunAdvanced"]) failed
file: C:\Program Files (x86)\Steam\steamapps\common\RimWorld\Mods\UtinniPatches\Patches\AncientArsenal_Ashkarr.xml
[RimUtinni Patches (Jawa campaign)] Patch operation Verse.PatchOperationConditional(/Defs/ThingDef[defName="BMT_GreyLady"]/statBases) failed
file: C:\Program Files (x86)\Steam\steamapps\common\RimWorld\Mods\UtinniPatches\Patches\BiomeFloraStatAdjustments_Generated.xml
[RimUtinni Patches (Jawa campaign)] Patch operation Verse.PatchOperationConditional(/Defs/ThingDef[defName="RG_Plant_AridGrass"]/statBases) failed
file: C:\Program Files (x86)\Steam\steamapps\common\RimWorld\Mods\UtinniPatches\Patches\BiomeFloraStatAdjustments_Generated.xml
[RimUtinni Patches (Jawa campaign)] Patch operation Verse.PatchOperationConditional(/Defs/ThingDef[defName="RG_Plant_CreepStern"]/statBases) failed
file: C:\Program Files (x86)\Steam\steamapps\common\RimWorld\Mods\UtinniPatches\Patches\BiomeFloraStatAdjustments_Generated.xml
[RimUtinni Patches (Jawa campaign)] Patch operation Verse.PatchOperationConditional(/Defs/ThingDef[defName="RG_Plant_CrimsonCushion"]/statBases) failed
file: C:\Program Files (x86)\Steam\steamapps\common\RimWorld\Mods\UtinniPatches\Patches\BiomeFloraStatAdjustments_Generated.xml
[RimUtinni Patches (Jawa campaign)] Patch operation Verse.PatchOperationConditional(/Defs/ThingDef[defName="RG_Plant_Dervish"]/statBases) failed
file: C:\Program Files (x86)\Steam\steamapps\common\RimWorld\Mods\UtinniPatches\Patches\BiomeFloraStatAdjustments_Generated.xml
[RimUtinni Patches (Jawa campaign)] Patch operation Verse.PatchOperationSequence(count=60, lastFailedOperation=Verse.PatchOperationReplace(Defs/PawnKindDef[defName="BMT_Thrumbungus"]/lifeStages/li[1]/bodyGraphicData/drawSize)) failed
file: C:\Program Files (x86)\Steam\steamapps\common\RimWorld\Mods\UtinniPatches\Patches\CreatureResize_Ashkarr.xml
[RimUtinni Patches (Jawa campaign)] Patch operation Verse.PatchOperationConditional(Defs/XenotypeDef[defName="RSW_RimMandrakeWookiee"]/genes/li[text()="BS_GiantWeaponWielder"]) failed
file: C:\Program Files (x86)\Steam\steamapps\common\RimWorld\Mods\UtinniPatches\Patches\GiantWeaponWielders_Ashkarr.xml
[RimUtinni Patches (Jawa campaign)] Patch operation Verse.PatchOperationConditional(Defs/XenotypeDef[defName="RSW_RimMandrakeGamorrean"]/genes/li[text()="BS_GiantWeaponWielder"]) failed
file: C:\Program Files (x86)\Steam\steamapps\common\RimWorld\Mods\UtinniPatches\Patches\GiantWeaponWielders_Ashkarr.xml
[RimUtinni Patches (Jawa campaign)] Patch operation Verse.PatchOperationConditional(Defs/XenotypeDef[defName="RSW_RimMandrakeHerglic"]/genes/li[text()="BS_GiantWeaponWielder"]) failed
file: C:\Program Files (x86)\Steam\steamapps\common\RimWorld\Mods\UtinniPatches\Patches\GiantWeaponWielders_Ashkarr.xml
[RimUtinni Patches (Jawa campaign)] Patch operation Verse.PatchOperationConditional(Defs/XenotypeDef[defName="RSW_RimMandrakeTrandoshan"]/genes/li[text()="BS_GiantWeaponWielder"]) failed
file: C:\Program Files (x86)\Steam\steamapps\common\RimWorld\Mods\UtinniPatches\Patches\GiantWeaponWielders_Ashkarr.xml
[RimUtinni Patches (Jawa campaign)] Patch operation Verse.PatchOperationConditional(Defs/XenotypeDef[defName="RSW_RimMandrakeTogorian"]/genes/li[text()="BS_GiantWeaponWielder"]) failed
file: C:\Program Files (x86)\Steam\steamapps\common\RimWorld\Mods\UtinniPatches\Patches\GiantWeaponWielders_Ashkarr.xml
[RimUtinni Patches (Jawa campaign)] Patch operation Verse.PatchOperationConditional(Defs/XenotypeDef[defName="RSW_RimMandrakeLasat"]/genes/li[text()="BS_GiantWeaponWielder"]) failed
file: C:\Program Files (x86)\Steam\steamapps\common\RimWorld\Mods\UtinniPatches\Patches\GiantWeaponWielders_Ashkarr.xml
[RimUtinni Patches (Jawa campaign)] Patch operation Verse.PatchOperationConditional(Defs/XenotypeDef[defName="RSW_RimMandrakeFeeorin"]/genes/li[text()="BS_GiantWeaponWielder"]) failed
file: C:\Program Files (x86)\Steam\steamapps\common\RimWorld\Mods\UtinniPatches\Patches\GiantWeaponWielders_Ashkarr.xml
[RimUtinni Patches (Jawa campaign)] Patch operation Verse.PatchOperationConditional(Defs/XenotypeDef[defName="RSW_RimMandrakeSithMassassi"]/genes/li[text()="BS_GiantWeaponWielder"]) failed
file: C:\Program Files (x86)\Steam\steamapps\common\RimWorld\Mods\UtinniPatches\Patches\GiantWeaponWielders_Ashkarr.xml
[RimUtinni Patches (Jawa campaign)] Patch operation Verse.PatchOperationConditional(Defs/XenotypeDef[defName="RSW_RimMandrakeAqualish"]/genes/li[text()="BS_GiantWeaponWielder"]) failed
file: C:\Program Files (x86)\Steam\steamapps\common\RimWorld\Mods\UtinniPatches\Patches\GiantWeaponWielders_Ashkarr.xml
[RimUtinni Patches (Jawa campaign)] Patch operation Verse.PatchOperationConditional(Defs/XenotypeDef[defName="RSW_RimMandrakeCathar"]/genes/li[text()="BS_GiantWeaponWielder"]) failed
file: C:\Program Files (x86)\Steam\steamapps\common\RimWorld\Mods\UtinniPatches\Patches\GiantWeaponWielders_Ashkarr.xml
[RimUtinni Patches (Jawa campaign)] Patch operation Verse.PatchOperationConditional(Defs/XenotypeDef[defName="RSW_RimMandrakeChagrian"]/genes/li[text()="BS_GiantWeaponWielder"]) failed
file: C:\Program Files (x86)\Steam\steamapps\common\RimWorld\Mods\UtinniPatches\Patches\GiantWeaponWielders_Ashkarr.xml
[RimUtinni Patches (Jawa campaign)] Patch operation Verse.PatchOperationConditional(Defs/XenotypeDef[defName="RSW_RimMandrakeGungan"]/genes/li[text()="BS_GiantWeaponWielder"]) failed
file: C:\Program Files (x86)\Steam\steamapps\common\RimWorld\Mods\UtinniPatches\Patches\GiantWeaponWielders_Ashkarr.xml
[RimUtinni Patches (Jawa campaign)] Patch operation Verse.PatchOperationConditional(Defs/XenotypeDef[defName="RSW_RimMandrakeKaleesh"]/genes/li[text()="BS_GiantWeaponWielder"]) failed
file: C:\Program Files (x86)\Steam\steamapps\common\RimWorld\Mods\UtinniPatches\Patches\GiantWeaponWielders_Ashkarr.xml
[RimUtinni Patches (Jawa campaign)] Patch operation Verse.PatchOperationConditional(Defs/XenotypeDef[defName="RSW_RimMandrakeKlatoonian"]/genes/li[text()="BS_GiantWeaponWielder"]) failed
file: C:\Program Files (x86)\Steam\steamapps\common\RimWorld\Mods\UtinniPatches\Patches\GiantWeaponWielders_Ashkarr.xml
[RimUtinni Patches (Jawa campaign)] Patch operation Verse.PatchOperationConditional(Defs/XenotypeDef[defName="RSW_RimMandrakeNelvaanian"]/genes/li[text()="BS_GiantWeaponWielder"]) failed
file: C:\Program Files (x86)\Steam\steamapps\common\RimWorld\Mods\UtinniPatches\Patches\GiantWeaponWielders_Ashkarr.xml
[RimUtinni Patches (Jawa campaign)] Patch operation Verse.PatchOperationFindMod(Alpha Animals) failed
file: C:\Program Files (x86)\Steam\steamapps\common\RimWorld\Mods\UtinniPatches\Patches\Ikee_Rename.xml
[RimUtinni Patches (Jawa campaign)] Patch operation Verse.PatchOperationConditional(/Defs/XenotypeDef[defName="RSW_MandrakeJawa"]/genes/li[text()="RUT_Jawa_MessImmune"]) failed
file: C:\Program Files (x86)\Steam\steamapps\common\RimWorld\Mods\UtinniPatches\Patches\JawaMessImmunity.xml
[RimUtinni Patches (Jawa campaign)] Patch operation Verse.PatchOperationConditional(/Defs/BiomeDef[defName="HorrorWastes"]/texture) failed
file: C:\Program Files (x86)\Steam\steamapps\common\RimWorld\Mods\UtinniPatches\Patches\JawaTerrain_HorrorWastes.xml
[RimUtinni Patches (Jawa campaign)] Patch operation Verse.PatchOperationConditional(/Defs/XenotypeDef[defName="RSW_MandrakeJawa"]/genes/li[text()="MinTemp_SmallDecrease"]) failed
file: C:\Program Files (x86)\Steam\steamapps\common\RimWorld\Mods\UtinniPatches\Patches\XenotypeTolerances_Ashkarr.xml
[RimUtinni Patches (Jawa campaign)] Patch operation Verse.PatchOperationConditional(/Defs/XenotypeDef[defName="RSW_MandrakeJawa"]/genes/li[text()="MaxTemp_SmallIncrease"]) failed
file: C:\Program Files (x86)\Steam\steamapps\common\RimWorld\Mods\UtinniPatches\Patches\XenotypeTolerances_Ashkarr.xml
[RimUtinni Patches (Jawa campaign)] Patch operation Verse.PatchOperationConditional(/Defs/XenotypeDef[defName="RSW_RimMandrakeJawa"]/genes/li[text()="MinTemp_SmallDecrease"]) failed
file: C:\Program Files (x86)\Steam\steamapps\common\RimWorld\Mods\UtinniPatches\Patches\XenotypeTolerances_Ashkarr.xml
[RimUtinni Patches (Jawa campaign)] Patch operation Verse.PatchOperationConditional(/Defs/XenotypeDef[defName="RSW_RimMandrakeJawa"]/genes/li[text()="MaxTemp_SmallIncrease"]) failed
file: C:\Program Files (x86)\Steam\steamapps\common\RimWorld\Mods\UtinniPatches\Patches\XenotypeTolerances_Ashkarr.xml
[RimUtinni Patches (Jawa campaign)] Patch operation Verse.PatchOperationConditional(/Defs/XenotypeDef[defName="RSW_RimMandrakeHutt"]/genes/li[text()="MinTemp_SmallDecrease"]) failed
file: C:\Program Files (x86)\Steam\steamapps\common\RimWorld\Mods\UtinniPatches\Patches\XenotypeTolerances_Ashkarr.xml
[RimUtinni Patches (Jawa campaign)] Patch operation Verse.PatchOperationConditional(/Defs/XenotypeDef[defName="RSW_RimMandrakeTusken"]/genes/li[text()="MinTemp_SmallDecrease"]) failed
file: C:\Program Files (x86)\Steam\steamapps\common\RimWorld\Mods\UtinniPatches\Patches\XenotypeTolerances_Ashkarr.xml
[RimUtinni Patches (Jawa campaign)] Patch operation Verse.PatchOperationConditional(/Defs/XenotypeDef[defName="RSW_RimMandrakeTusken"]/genes/li[text()="MaxTemp_SmallIncrease"]) failed
file: C:\Program Files (x86)\Steam\steamapps\common\RimWorld\Mods\UtinniPatches\Patches\XenotypeTolerances_Ashkarr.xml
[RimUtinni Patches (Jawa campaign)] Patch operation Verse.PatchOperationConditional(/Defs/XenotypeDef[defName="RSW_RimMandrakeWookiee"]/genes/li[text()="MinTemp_SmallDecrease"]) failed
file: C:\Program Files (x86)\Steam\steamapps\common\RimWorld\Mods\UtinniPatches\Patches\XenotypeTolerances_Ashkarr.xml
[RimUtinni Patches (Jawa campaign)] Patch operation Verse.PatchOperationConditional(/Defs/XenotypeDef[defName="RSW_RimMandrakeWookiee"]/genes/li[text()="MaxTemp_SmallIncrease"]) failed
file: C:\Program Files (x86)\Steam\steamapps\common\RimWorld\Mods\UtinniPatches\Patches\XenotypeTolerances_Ashkarr.xml
[RimUtinni Patches (Jawa campaign)] Patch operation Verse.PatchOperationConditional(/Defs/XenotypeDef[defName="RSW_Jawa_Xeno_Gamorrean"]/genes/li[text()="MinTemp_SmallDecrease"]) failed
file: C:\Program Files (x86)\Steam\steamapps\common\RimWorld\Mods\UtinniPatches\Patches\XenotypeTolerances_Ashkarr.xml
[RimUtinni Patches (Jawa campaign)] Patch operation Verse.PatchOperationConditional(/Defs/XenotypeDef[defName="RSW_Jawa_Xeno_Gamorrean"]/genes/li[text()="MaxTemp_SmallIncrease"]) failed
file: C:\Program Files (x86)\Steam\steamapps\common\RimWorld\Mods\UtinniPatches\Patches\XenotypeTolerances_Ashkarr.xml
Could not resolve cross-reference to Verse.GenStepDef named RUT_SporefallDisplayTank (wanter=genSteps)
Could not resolve cross-reference: No RimWorld.ResearchTabDef named RUT_Tree_Unbolting found to give to Verse.ResearchProjectDef RSW_DW_Research_Reassembly
Could not resolve cross-reference: No RimWorld.StatDef named EBSG_SkillLossRate found to give to RimWorld.StatModifier (null stat)
Could not resolve cross-reference to Verse.ThingDef named guy762_MandoHelmet_supercom (wanter=apparelRequired)
Could not resolve cross-reference: No RimWorld.ResearchTabDef named RUT_Tree_Unbolting found to give to Verse.ResearchProjectDef RSW_DW_Research_PrimitiveFabrication
Could not resolve cross-reference: No RimWorld.ResearchTabDef named RUT_Tree_Unbolting found to give to Verse.ResearchProjectDef RSW_DW_Research_Reboot
Could not resolve cross-reference: No RimWorld.ResearchTabDef named RUT_Tree_Unbolting found to give to Verse.ResearchProjectDef RSW_DW_Research_Bolting
Could not resolve cross-reference: No RimWorld.ResearchTabDef named RUT_Tree_Unbolting found to give to Verse.ResearchProjectDef RSW_DW_Research_Spiking
Could not resolve cross-reference: No RimWorld.ResearchTabDef named RUT_Tree_Unbolting found to give to Verse.ResearchProjectDef RSW_DW_Research_ShopRepair
Could not resolve cross-reference: No RimWorld.ResearchTabDef named RUT_Tree_Unbolting found to give to Verse.ResearchProjectDef RSW_DW_Research_Formatting
Could not resolve cross-reference: No Verse.TerrainDef named CypreJungleMud found to give to RimWorld.BiomeDef RUT_Greentide
Could not resolve cross-reference: No Verse.WeatherDef named RSW_SW_RedFog found to give to RimWorld.WeatherCommonalityRecord RimWorld.WeatherCommonalityRecord
Failed to find Verse.PawnKindDef named VAEWaste_Wasteboar. There are 1325 defs of this type loaded.
Failed to find Verse.PawnKindDef named VAEWaste_Toxscorpion. There are 1325 defs of this type loaded.
Failed to find Verse.PawnKindDef named VAEWaste_Toxiguana. There are 1325 defs of this type loaded.
Failed to find Verse.PawnKindDef named VAEWaste_Toxlion. There are 1325 defs of this type loaded.
Failed to find Verse.PawnKindDef named VAEWaste_Toxbear. There are 1325 defs of this type loaded.
Failed to find Verse.PawnKindDef named VAEWaste_Toxafox. There are 1325 defs of this type loaded.
Failed to find Verse.PawnKindDef named VAEWaste_Pestigator. There are 1325 defs of this type loaded.
Failed to find Verse.PawnKindDef named VAEWaste_Hydra. There are 1325 defs of this type loaded.
Failed to find Verse.PawnKindDef named VAEWaste_Wasteffalo. There are 1325 defs of this type loaded.
Failed to find Verse.PawnKindDef named VAEWaste_Wastedeer. There are 1325 defs of this type loaded.
Failed to find Verse.JobDef named VAEWaste_AttackTree. There are 443 defs of this type loaded.
Failed to find Verse.JobDef named VAEWaste_AttackSelf. There are 443 defs of this type loaded.
Failed to find Verse.JobDef named VAEWaste_EatWastepack. There are 443 defs of this type loaded.
Failed to find Verse.HediffDef named VAEWaste_LongToxflu. There are 678 defs of this type loaded.
Failed to find Verse.HediffDef named VAEWaste_Toxflu. There are 678 defs of this type loaded.
Config error in Eclipse: world-targeting incident has a biome restriction list
Config error in SolarFlare: world-targeting incident has a biome restriction list
Config error in Aurora: world-targeting incident has a biome restriction list
Config error in RM_FE_Ash_Trace: burnedDef is flammable
Config error in RM_FE_Ash_Light: burnedDef is flammable
Config error in RM_FE_Ground_Sand: burnedDef is flammable
Config error in RM_FE_Ground_Gravel: burnedDef is flammable
Config error in RM_FE_Ground_Soil: burnedDef is flammable
Config error in RM_FE_Ground_SoilRich: burnedDef is flammable
Config error in CannibalPirate: has a required meme which is not allowed: Cannibal
Config error in PirateYttakin: has a required meme which is not allowed: AnimalPersonhood
Config error in RM_ThurrockShatter: RimMandrake.EnvironmentalHazards.HediffCompProperties_PeriodicAreaAttack: two comps with same compClass: RimMandrake.EnvironmentalHazards.HediffComp_PeriodicAreaAttack
Config error in RM_ThurrockShatter: RimMandrake.EnvironmentalHazards.HediffCompProperties_PeriodicAreaAttack: two comps with same compClass: RimMandrake.EnvironmentalHazards.HediffComp_PeriodicAreaAttack
Config error in RM_LineCycleRoll: PrioritizeNewest is not supported with sustainers.
Config error in RUT_Jawa_Homestead_Heavy: Cheapest weapon with one of my weaponTags costs 480 but weaponMoney min is 300, so could end up weaponless.
Config error in RUT_Jawa_Homestead_Specialist: Cheapest weapon with one of my weaponTags costs 530 but weaponMoney min is 450, so could end up weaponless.
Config error in RUT_Jawa_DeepDesert_Grunt: Cheapest weapon with one of my weaponTags costs 164.25 but weaponMoney min is 150, so could end up weaponless.
Config error in RM_DesalPlant_Kludged: impassable, player-buildable building that can be shot/seen over.
Config error in RM_DesalPlant_Kludged: impassable, player-buildable building that can be shot/seen over.
Config error in RM_DesalPlant_Repaired: impassable, player-buildable building that can be shot/seen over.
Config error in RM_DesalPlant_Repaired: impassable, player-buildable building that can be shot/seen over.
Config error in RM_DetoxWorks_Kludged: impassable, player-buildable building that can be shot/seen over.
Config error in RM_DetoxWorks_Kludged: impassable, player-buildable building that can be shot/seen over.
Config error in RM_DetoxWorks_Repaired: impassable, player-buildable building that can be shot/seen over.
Config error in RM_DetoxWorks_Repaired: impassable, player-buildable building that can be shot/seen over.
Config error in RM_TarRefinery_Kludged: impassable, player-buildable building that can be shot/seen over.
Config error in RM_TarRefinery_Kludged: impassable, player-buildable building that can be shot/seen over.
Config error in RM_TarRefinery_Repaired: impassable, player-buildable building that can be shot/seen over.
Config error in RM_TarRefinery_Repaired: impassable, player-buildable building that can be shot/seen over.
Config error in RM_PumpingStation_Kludged: impassable, player-buildable building that can be shot/seen over.
Config error in RM_PumpingStation_Kludged: impassable, player-buildable building that can be shot/seen over.
Config error in RM_PumpingStation_Repaired: impassable, player-buildable building that can be shot/seen over.
Config error in RM_PumpingStation_Repaired: impassable, player-buildable building that can be shot/seen over.
Config error in RM_WM_AutomatedSmelter_Refurbished: is minifiable but not in any thing category
Config error in RM_WM_AutomatedSmelter_Refurbished: is minifiable but not in any thing category
Config error in RUT_ShieldGenerator: is minifiable but not in any thing category
Config error in RUT_ShieldGenerator: is minifiable but not in any thing category
Config error in RUT_Jawa_Junkers_Specialist: Cheapest weapon with one of my weaponTags costs 480 but weaponMoney min is 200, so could end up weaponless.
Config error in RM_TractionLance: madeFromStuff but has a defined constructEffect (which will always be overridden by stuff's construct animation).
Config error in RM_TractionLance: madeFromStuff but has a defined constructEffect (which will always be overridden by stuff's construct animation).
Config error in RM_FE_Ash_Trace: burnedDef is flammable
Config error in RM_FE_Ash_Light: burnedDef is flammable
Config error in RM_FE_Ground_Sand: burnedDef is flammable
Config error in RM_FE_Ground_Gravel: burnedDef is flammable
Config error in RM_FE_Ground_Soil: burnedDef is flammable
Config error in RM_FE_Ground_SoilRich: burnedDef is flammable
Config error in RM_LongShadeWreckSpeeder: graphicData defines a shadowInfo but staticSunShadowHeight > 0
Config error in RM_LongShadeWreckSpeeder: graphicData defines a shadowInfo but staticSunShadowHeight > 0
Config error in RM_DryAirBlower: Refuelable component set to consume fuel per tick, but parent tickertype is Never instead of Normal
Config error in RM_DryAirBlower: Refuelable component set to consume fuel per tick, but parent tickertype is Never instead of Normal
Config error in RM_DryAirBlower: impassable, player-buildable building that can be shot/seen over.
Config error in RM_DryAirBlower: impassable, player-buildable building that can be shot/seen over.
Config error in RM_WM_Distillation_Kludged: impassable, player-buildable building that can be shot/seen over.
Config error in RM_WM_Distillation_Kludged: impassable, player-buildable building that can be shot/seen over.
Config error in RM_WM_Distillation_Repaired: impassable, player-buildable building that can be shot/seen over.
Config error in RM_WM_Distillation_Repaired: impassable, player-buildable building that can be shot/seen over.
Config error in Frame_RM_TractionLance: madeFromStuff but has a defined constructEffect (which will always be overridden by stuff's construct animation).
Cannot init Graphic of class Verse.Graphic_Linked
Collection cannot init: No textures found at path Things/Plant/SnakePlant/SnakePlantA
Collection cannot init: No textures found at path Things/Plant/PincushionPlant/PincushionPlantA
Could not load Texture2D at 'Things/Building/Natural/RM_Urraveth/RM_Urraveth_Skull_Wrapped' for def 'RM_Urraveth_Skull' in any active mod or in base resources.
MatFrom with null sourceTex.
Could not load Texture2D at 'Things/Building/Natural/RM_Urraveth/RM_Urraveth_NeckRun_Wrapped' for def 'RM_Urraveth_NeckRun' in any active mod or in base resources.
MatFrom with null sourceTex.
Could not load Texture2D at 'Things/Building/Natural/RM_Urraveth/RM_Urraveth_RibSection_Wrapped' for def 'RM_Urraveth_RibSection' in any active mod or in base resources.
MatFrom with null sourceTex.
Could not load Texture2D at 'Things/Building/Natural/RM_Urraveth/RM_Urraveth_Pelvis_Wrapped' for def 'RM_Urraveth_Pelvis' in any active mod or in base resources.
MatFrom with null sourceTex.
Could not load Texture2D at 'Things/Building/Natural/RM_Urraveth/RM_Urraveth_LimbPile_Wrapped' for def 'RM_Urraveth_LimbPile' in any active mod or in base resources.
MatFrom with null sourceTex.
Collection cannot init: No textures found at path Things/Plant/DosimeterLawn
Collection cannot init: No textures found at path Things/Plant/VaultRoot
Collection cannot init: No textures found at path Things/Plant/RM_Scumgrass
Collection cannot init: No textures found at path Things/Plant/RM_TallScumgrass
Collection cannot init: No textures found at path Things/Plant/RM_Pusberry
Collection cannot init: No textures found at path Things/Plant/RM_Boilbulb
Collection cannot init: No textures found at path Things/Plant/RM_Wartshrub
Collection cannot init: No textures found at path Things/Plant/RM_Cinderfelt
Collection cannot init: No textures found at path Things/Item/RM_DielectricGel
Collection cannot init: No textures found at path Things/Item/RM_Etchant
Collection cannot init: No textures found at path Things/Item/RM_MedicalCoagulant
Collection cannot init: No textures found at path Things/Item/RM_BloomLiquor
Collection cannot init: No textures found at path Things/Item/Resource/RM_TarRuinedGoods/RM_TarRuinedGoods
Collection cannot init: No textures found at path Things/Plant/SnakePlant/SnakePlantA
Collection cannot init: No textures found at path Things/Plant/PincushionPlant/PincushionPlantB
Collection cannot init: No textures found at path Things/Plant/Echeveria/EcheveriaA
Collection cannot init: No textures found at path Things/Plant/SnakePlant/SnakePlantA
Collection cannot init: No textures found at path Things/Plant/SnakePlant/SnakePlantA
Collection cannot init: No textures found at path Things/Building/GiantSkeleton/RM_OommokSkeleton
Collection cannot init: No textures found at path Things/Building/GiantSkeleton/RM_MuurrokSkeleton
Collection cannot init: No textures found at path Things/Building/GiantSkeleton/RM_GuzzkaSkeleton
Collection cannot init: No textures found at path Things/Building/GiantSkeleton/RM_VozzikSkeleton
Failed to find any textures at Things/Pawn/Animal/RM_Borehulk/RM_Borehulk while constructing Multi(initPath=Things/Pawn/Animal/RM_Borehulk/RM_Borehulk, color=RGBA(1.000, 1.000, 1.000, 1.000), colorTwo=RGBA(1.000, 1.000, 1.000, 1.000))
Collection cannot init: No textures found at path Things/Plant/RM_Braskeen/RM_Braskeen
Collection cannot init: No textures found at path Things/Plant/RM_Ismerrow/RM_Ismerrow
Collection cannot init: No textures found at path Things/Item/Plant/RM_UltracactusPad
Collection cannot init: No textures found at path Things/Item/Meal/RM_VorrelSeedDish
Could not load Texture2D at 'Things/Item/Resource/RM_SweetlineToken' for def 'RM_SweetlineToken' in any active mod or in base resources.
MatFrom with null sourceTex.
Collection cannot init: No textures found at path Things/Item/Resource/RM_FE_ScorchFruit
Collection cannot init: No textures found at path Things/Item/Resource/Leather/Leather_Plain
Collection cannot init: No textures found at path Things/Item/Resource/Leather/Leather_Plain
Collection cannot init: No textures found at path Things/Plant/RM_Greatbole/RM_Greatbole_a
Collection cannot init: No textures found at path Things/Plant/RM_Kaddrath/RM_Kaddrath_a
Collection cannot init: No textures found at path Things/Plant/RM_Brakkel/RM_Brakkel_a
Collection cannot init: No textures found at path Things/Plant/RM_Maddrick/RM_Maddrick_a
Collection cannot init: No textures found at path Things/Plant/RM_Illurin/RM_Illurin_a
Could not load Texture2D at 'Things/Item/Plant/RM_YearningFruitHarvested' for def 'RM_YearningFruitHarvested' in any active mod or in base resources.
MatFrom with null sourceTex.
Collection cannot init: No textures found at path Things/Item/Resource/Leather/Leather_Plain
Failed to find any textures at Things/Pawn/Animal/RM_Thurrock/RM_Thurrock while constructing Multi(initPath=Things/Pawn/Animal/RM_Thurrock/RM_Thurrock, color=RGBA(1.000, 1.000, 1.000, 1.000), colorTwo=RGBA(1.000, 1.000, 1.000, 1.000))
Collection cannot init: No textures found at path Things/Item/Resource/RM_FossilImpression/RM_FossilImpression
Collection cannot init: No textures found at path Things/Item/Resource/RM_FossilSkeleton/RM_FossilSkeleton
Failed to find any textures at Animal/RockTroll/RockTroll while constructing Multi(initPath=Animal/RockTroll/RockTroll, color=RGBA(1.000, 1.000, 1.000, 1.000), colorTwo=RGBA(1.000, 1.000, 1.000, 1.000))
Collection cannot init: No textures found at path Things/Item/Resource/RM_RadioactiveSuppressant/RM_RadioactiveSuppressant
Collection cannot init: No textures found at path Things/Item/Resource/RM_ThornbugNectar/RM_ThornbugNectar
Collection cannot init: No textures found at path Things/Item/Resource/RM_VaulmLacquer/RM_VaulmLacquer
Collection cannot init: No textures found at path Things/Item/Resource/RM_DrommathSap/RM_DrommathSap
Collection cannot init: No textures found at path Things/Item/Resource/RM_DrommathBurstSap/RM_DrommathBurstSap
Collection cannot init: No textures found at path Things/Item/Resource/RM_SekkulaathSpleenChemicals/RM_SekkulaathSpleenChemicals
Collection cannot init: No textures found at path Things/Item/Resource/RM_SekkulaathCream/RM_SekkulaathCream
Collection cannot init: No textures found at path Things/Item/RM_Vexxith/RM_Vexxith
Failed to find any textures at Things/Pawn/Animal/Terrorworm/TerrorWorm while constructing Multi(initPath=Things/Pawn/Animal/Terrorworm/TerrorWorm, color=RGBA(1.000, 1.000, 1.000, 1.000), colorTwo=RGBA(1.000, 1.000, 1.000, 1.000))
Collection cannot init: No textures found at path Things/Building/GiantSkeleton/RSW_KraytSkeleton
Collection cannot init: No textures found at path Things/Building/GiantSkeleton/RSW_GreaterKraytSkeleton
Collection cannot init: No textures found at path Things/Building/GiantSkeleton/RSW_WarWyrmSkeleton
Collection cannot init: No textures found at path swresource/RSW_ZakkroEgg
Collection cannot init: No textures found at path Things/Item/Resource/Leather/Leather_Plain
Collection cannot init: No textures found at path Things/Plant/DosimeterLawn
Collection cannot init: No textures found at path Things/Plant/VaultRoot
Could not execute post-long-event action. Exception: System.NullReferenceException: Object reference not set to an instance of an object
[Ref 69483433]
  at Verse.Graphic_Linked.get_MatSingle () [0x00000] in <61e4173561894da49d210260257b5097>:0 
  at Verse.Graphic.get_MatNorth () [0x00000] in <61e4173561894da49d210260257b5097>:0 
  at Verse.Graphic.MatAt (Verse.Rot4 rot, Verse.Thing thing) [0x00020] in <61e4173561894da49d210260257b5097>:0 
  at Verse.BuildableDef.ResolveIcon () [0x00074] in <61e4173561894da49d210260257b5097>:0 
  at Verse.ThingDef.ResolveIcon () [0x00000] in <61e4173561894da49d210260257b5097>:0 
  at Verse.BuildableDef.<PostLoad>b__78_0 () [0x00021] in <61e4173561894da49d210260257b5097>:0 
  at Verse.LongEventHandler.ExecuteToExecuteWhenFinished () [0x0007c] in <61e4173561894da49d210260257b5097>:0 
Collection cannot init: No textures found at path Things/Plant/RM_Greatbole/RM_Greatbole_a
Collection cannot init: No textures found at path Things/Plant/RM_Kaddrath/RM_Kaddrath_a
Alien race successfully completed 280 patches (50 pre, 82 post, 148 trans) with harmony.
KCSG has Created 7274 symbolDefs for vanilla and DLCs
[GimmeSomeSlack] targets: PowerConduit, WaterproofConduit, KCSG_PowerConduit; invisible=True
[RimMandrake.StarWars.WeatherSuite] loaded — terminator-band and nightside-band geometry checks armed (MapComponent_TerminatorBand, IncidentWorker_NightsideAurora). No Harmony patches: both hooks are ordinary MapComponent/IncidentWorker overrides.
[RimMandrake.Utinni.ShipShields] ready.
[Baroque Biomes] roster 30 entries (CreatureBehaviors:0, EnvironmentalHazards:0, Wreckage:0, Abyss:1, BlueDesert:1, Cauldron:1, Contagion:1, FeverWood:1, FloodedCanyon:1, GelatinousSlime:1, Greentide:1, LanternDeeps:1, LeaningScrub:1, LongShade:1, Miasma:1, NightsideIce:1, Pyrelands:1, RustCathedral:1, Stillsand:1, TerminalBiomes:5, TheForge:1, TheRot:1, TheSump:1, Warscar:1, Wasteland:1, Webwork:1, WeepingStones:1, DivingInteraction:6, MovingDunes:0, SeaShores:0); 34 BiomeDef(s) mapped
[Baroque Biomes] worldgen gate applied (startup): all biomes on
[RM Cauldron] dewfall variants not on disk yet (no swap for): RM_CrystalFlower, RM_BloodBouquet, RM_RedBugloss, RM_KeeningCordax, RM_GiantToxicFlower
[RM Cauldron] assay fleck overlays not on disk yet: Things/Plant/RM_AssayFlecks/Flecks_Light, Things/Plant/RM_AssayFlecks/Flecks_Heavy
[RimMandrake.Pyrelands] fulgurite-spawn: armed; strikes on sand-family ground may leave a fulgurite
[RimMandrake.Pyrelands] fire-tick-ash-scorchfruit: armed; burning cells on scorchable ground may dust loose ash and rarely seed a scorch-fruit pod
[RimMandrake.Pyrelands] pyrelands-wildplant-allowlist: armed; only RM_FE_ grasses may spawn wild on a Pyrelands map, however a foreign plant reaches the candidate list.
[RimMandrake.Pyrelands] furnace-beast heat immunity: armed; RM_FurnaceBeast absorbs all Heat-category damage.
[RimMandrake.Pyrelands] furnace-beast herd world-recall: armed; surviving furnace-beasts rejoin the world when their map is removed.
[RimMandrake.MovingDunes] sand-holds-on-sand: armed; on a dune-field map, Sand and SoftSand terrain hold depth (water, space and full-fillage buildings still refuse it)
[RimMandrake.MovingDunes] ambient-decay-suppression: armed; vanilla's -1/180 per-cell-visit sand decay is scaled by the map material's ambientDecayFactor (0 = drifts persist)
[RimMandrake.MovingDunes] vanilla-sand-layer-suppression: armed; the vanilla sand submesh is disabled on skinned maps so the tinted layer never double-draws
[RimMandrake.MovingDunes] clear-sand-yield: armed; shovelling drift on a dune field whose biome names a clearYield drops it in proportion to the depth removed
[RimMandrake.MovingDunes] hide-depths: 3484 items @0.45, 535 plants @0.55, 76 filth @0.2 (of 8805 ThingDefs; defs with their own value untouched).
Type RM_FaceMaterial probably needs a StaticConstructorOnStartup attribute, because it has a field strataTex of type Texture2D. All assets must be loaded in the main thread.
Type RM_MapComponent_HullBoltMarks probably needs a StaticConstructorOnStartup attribute, because it has a field mat of type Material. All assets must be loaded in the main thread.
Type SectionLayer_RM_SkyColumns probably needs a StaticConstructorOnStartup attribute, because it has a field hazeMat of type Material. All assets must be loaded in the main thread.
Type RM_Building_TractionLance probably needs a StaticConstructorOnStartup attribute, because it has a field topGraphic of type Graphic. All assets must be loaded in the main thread.
Type RM_CapstanTurret probably needs a StaticConstructorOnStartup attribute, because it has a field topGraphic of type Graphic. All assets must be loaded in the main thread.
Type RM_GameCondition_Mirage probably needs a StaticConstructorOnStartup attribute, because it has a field bandMat of type Material. All assets must be loaded in the main thread.
Unloading 5 Unused Serialized files (Serialized files now loaded: 6)
MVCF successfully applied 0 patches
[RimMandrake.Pyrelands] growth-stage art: armed for 1 plant def(s)
Unloading 289 unused Assets to reduce memory usage. Loaded Objects now: 45050.
Total: 314.119800 ms (FindLiveObjects: 2.146500 ms CreateObjectMapping: 2.435400 ms MarkObjects: 308.935500 ms  DeleteObjects: 0.602200 ms)

[RimBridge] Startup conditions satisfied after play-data load; initializing bridge services.
[RimBridge] Applied 6 late virtual-input patch classes.
[RimBridge] STARTUP_TIMING phase=late-input-patches durationMs=19 elapsedMs=105949
[RimBridge] STARTUP_TIMING phase=capabilities.initialize durationMs=1251 elapsedMs=107201
[RimBridge] STARTUP_TIMING phase=logs.initialize durationMs=0 elapsedMs=107201
[RimBridge] STARTUP_TIMING phase=application.run-in-background durationMs=0 elapsedMs=107203
[RimBridge] STARTUP_TIMING phase=debug.playback-defaults durationMs=0 elapsedMs=107203
[RimBridge] STARTUP_TIMING phase=tools.construct durationMs=0 elapsedMs=107203
[RimBridge] STARTUP_TIMING phase=gabp.builder.configure durationMs=0 elapsedMs=107203
[RimBridge] STARTUP_TIMING phase=gabp.server.build durationMs=1 elapsedMs=107205
[RimBridge] STARTUP_TIMING phase=tools.register-core durationMs=3 elapsedMs=107208
[RimBridge] STARTUP_TIMING phase=tools.register-extensions durationMs=1 elapsedMs=107209
[RimBridge] STARTUP_TIMING phase=event-relay.initialize durationMs=1 elapsedMs=107210
[RimBridge] STARTUP_TIMING phase=attention.initialize durationMs=0 elapsedMs=107214
[RimBridge] STARTUP_TIMING phase=gabp.server.start-submit durationMs=40 elapsedMs=107255
[RimBridge] STARTUP_TIMING phase=bridge-start.total durationMs=1305 elapsedMs=107255
[RimBridge] STARTUP_TIMING phase=gabp.server.start-async durationMs=40 elapsedMs=107255
[RimBridge] GABP server running standalone on port 5174
[RimBridge] Bridge token: b6422f8c22e04099a68044fccd7d9270
[JawaBench] ready: 383 tools, build 355334c8501c
[JawaBench] argument guard installed on RimBridgeServer.AnnotatedExtensionCapabilityProvider.BindArguments - a tool argument matching no declared parameter is now RECORDED (not refused; strict mode is opt-in).
[JawaBench] log auto-open suppressor installed on Verse.Log.TryOpenLogWindow - suppressed=True. The debug menu's manual log window is a separate code path and is unaffected.
[JawaBench] event recorder: damage=True kill=True lineage=True
[JawaBench] context: modSet 34/531eac31, toolSet e1e7fc7b, defDump ARMED, engine 1.6.4871 rev591
