O0_board_pitch                     PASS       HARNESS  "19 boards, every plot pair >= GAP 12 apart (R=5 from CordLayer.cs)"
L0_fresh_map                       PASS       SITE     {"start": true, "programState": "Playing", "wall_s": 7.1}
L1_map_250                         PASS       SITE     {"sizeX": 250, "sizeZ": 250, "mapBiome": "AridShrubland"}
L2_tier_running                    PASS       SITE     "9 mods running, messyconduit True"
L3_probe_rect_channel              PASS       HARNESS  "defaults + rect: answered"
L4_aerial_autolink_off             PASS       HARNESS  {"success": true, "cmd": "set:autoLink=False", "value": "False"}
L5_site_pinned                     PASS       SITE     {"weather": true, "local_hour_before": 6, "ticksGame_before": 1, "ticksGame_after": 14386, "pinned_noon": true, "nonColonistsDestroyed": 38}
L6_no_pawn_in_region               FAIL       SITE     ["Human719", "Human722", "Human726"]
MX_D00_n1_S0                       PASS       MOD      "graph ok: 1 edges, 1 strands, 1 nets, hash 79528ed28bf43f04"
MX_D04_n10_S0                      PASS       MOD      "graph ok: 1 edges, 1 strands, 2 nets, hash 218360d47e5d8d0c"
MX_D08_n100_S0                     PASS       MOD      "graph ok: 1 edges, 1 strands, 1 nets, hash 0297a5c434bb303b"
MX_D12_n1000_S0                    PASS       MOD      "graph ok: 1 edges, 1 strands, 1 nets, hash 10eb25739ef4a93c"
MX_F00_T0_S0                       PASS       MOD      "graph ok: 1 edges, 1 strands, 1 nets, hash eac8b6fbaf8514fa"
MX_F16_T4_S0                       PASS       MOD      "graph ok: 1 edges, 1 strands, 1 nets, hash 49b843826c446e81"
MX_F32_T8_S0                       PASS       MOD      "graph ok: 8 edges, 8 strands, 4 nets, hash 90fbdcbf8c025c84"
MX_F48_T12_S0                      PASS       MOD      "graph ok: 4 edges, 5 strands, 1 nets, hash 2de109d2c6bc1d82"
MX_F01_T0_S1                       PASS       MOD      "graph ok: 1 edges, 3 strands, 1 nets, hash db0a234f2731d923"
MX_F17_T4_S1                       PASS       MOD      "graph ok: 2 edges, 17 strands, 1 nets, hash 3d01f1ac3d6d1f9b"
MX_F33_T8_S1                       PASS       MOD      "graph ok: 8 edges, 13 strands, 4 nets, hash 42b2b9d474942f5f"
MX_F49_T12_S1                      PASS       MOD      "graph ok: 4 edges, 8 strands, 1 nets, hash 210390a5d0b3b8ad"
MX_F02_T0_S2                       PASS       MOD      "graph ok: 1 edges, 3 strands, 1 nets, hash 335f3e1c6a90be96"
MX_F18_T4_S2                       PASS       MOD      "graph ok: 2 edges, 17 strands, 1 nets, hash 4ba4f1d2149d8979"
MX_F34_T8_S2                       PASS       MOD      "graph ok: 8 edges, 13 strands, 4 nets, hash e04865b40ae05d40"
MX_F50_T12_S2                      PASS       MOD      "graph ok: 4 edges, 8 strands, 1 nets, hash 41ea2543d134e703"
MX_F03_T0_S3                       PASS       MOD      "graph ok: 1 edges, 3 strands, 1 nets, hash db0a234f2731d923"
MX_F19_T4_S3                       PASS       MOD      "graph ok: 2 edges, 17 strands, 1 nets, hash 3d01f1ac3d6d1f9b"
MX_F35_T8_S3                       PASS       MOD      "graph ok: 8 edges, 13 strands, 4 nets, hash 42b2b9d474942f5f"
MX_F51_T12_S3                      PASS       MOD      "graph ok: 4 edges, 8 strands, 1 nets, hash 210390a5d0b3b8ad"
MX_F04_T1_S0                       PASS       MOD      "graph ok: 3 edges, 3 strands, 1 nets, hash 8247bab82d6a38b8"
MX_F20_T5_S0                       PASS       MOD      "graph ok: 12 edges, 12 strands, 1 nets, hash 4e4be8a87c8b5f61"
MX_F36_T9_S0                       PASS       MOD      "graph ok: 3 edges, 3 strands, 3 nets, hash 3f9bbddae06e7e54"
MX_F52_T13_S0                      PASS       MOD      "graph ok: 4 edges, 5 strands, 1 nets, hash a7cee004b81690aa"
MX_F05_T1_S1                       PASS       MOD      "graph ok: 3 edges, 6 strands, 1 nets, hash 54773b0b40565c3e"
MX_F21_T5_S1                       PASS       MOD      "graph ok: 12 edges, 23 strands, 1 nets, hash ca008c94e03832c1"
MX_F37_T9_S1                       PASS       MOD      "graph ok: 3 edges, 8 strands, 3 nets, hash 6c2a95b921daf8cf"
MX_F53_T13_S1                      PASS       MOD      "graph ok: 4 edges, 8 strands, 1 nets, hash e33380e48653d97a"
MX_F06_T1_S2                       PASS       MOD      "graph ok: 3 edges, 6 strands, 1 nets, hash 778bcd9360ab1768"
MX_F22_T5_S2                       PASS       MOD      "graph ok: 12 edges, 23 strands, 1 nets, hash 8fa0badc2977f652"
MX_F38_T9_S2                       PASS       MOD      "graph ok: 3 edges, 8 strands, 3 nets, hash f26fa533e1c6870e"
MX_F54_T13_S2                      PASS       MOD      "graph ok: 4 edges, 8 strands, 1 nets, hash 3c9334d1576665a4"
MX_D03_n1_S3                       PASS       MOD      "graph ok: 1 edges, 3 strands, 1 nets, hash f30722b4cac4b070"
MX_D07_n10_S3                      PASS       MOD      "graph ok: 1 edges, 7 strands, 2 nets, hash 9af83287a2902a1f"
MX_D11_n100_S3                     PASS       MOD      "graph ok: 2 edges, 18 strands, 1 nets, hash 344397eb1833af1c"
MX_D15_n1000_S3                    PASS       MOD      "graph ok: 1 edges, 17 strands, 1 nets, hash 89f5a1f3241831c6"
MX_F07_T1_S3                       PASS       MOD      "graph ok: 3 edges, 7 strands, 1 nets, hash 8694361e4228e6db"
MX_F23_T5_S3                       PASS       MOD      "graph ok: 12 edges, 23 strands, 1 nets, hash d000066ce6fc0db4"
MX_F39_T9_S3                       PASS       MOD      "graph ok: 3 edges, 6 strands, 3 nets, hash 2d41733f7fbb1784"
MX_F55_T13_S3                      PASS       MOD      "graph ok: 4 edges, 5 strands, 1 nets, hash 3d0cc487ba344d4b"
MX_F08_T2_S0                       PASS       MOD      "graph ok: 4 edges, 4 strands, 1 nets, hash 28fc1f2967803bea"
MX_F24_T6_S0                       PASS       MOD      "graph ok: 1 edges, 1 strands, 1 nets, hash 180a1d7ae9b73d5c"
MX_F40_T10_S0                      PASS       MOD      "graph ok: 14 edges, 14 strands, 1 nets, hash 307beedeb5a64f82"
MX_F56_T14_S0                      PASS       MOD      "graph ok: 4 edges, 4 strands, 1 nets, hash b9b3782c14a24437"
MX_F09_T2_S1                       PASS       MOD      "graph ok: 4 edges, 9 strands, 1 nets, hash af7a9ba305494604"
MX_F25_T6_S1                       PASS       MOD      "graph ok: 1 edges, 3 strands, 1 nets, hash 7d841d4c75913d6c"
MX_F41_T10_S1                      PASS       MOD      "graph ok: 14 edges, 31 strands, 1 nets, hash b529556ba38a3689"
MX_F57_T14_S1                      PASS       MOD      "graph ok: 4 edges, 9 strands, 1 nets, hash c61e2c866c611b15"
MX_D02_n1_S2                       PASS       MOD      "graph ok: 1 edges, 1 strands, 1 nets, hash 163a2ded978cda84"
MX_D06_n10_S2                      PASS       MOD      "graph ok: 1 edges, 3 strands, 2 nets, hash bd336752f9e142e7"
MX_D10_n100_S2                     PASS       MOD      "graph ok: 2 edges, 18 strands, 1 nets, hash d1a52ca248150281"
MX_D14_n1000_S2                    PASS       MOD      "graph ok: 1 edges, 17 strands, 1 nets, hash 89f5a1f3241831c6"
MX_F10_T2_S2                       PASS       MOD      "graph ok: 4 edges, 9 strands, 1 nets, hash f8aa81fa8ef5fe81"
MX_F26_T6_S2                       PASS       MOD      "graph ok: 1 edges, 1 strands, 1 nets, hash f89820685a7fe57c"
MX_F42_T10_S2                      PASS       MOD      "graph ok: 14 edges, 29 strands, 1 nets, hash 7f9460ace14f2b51"
MX_F58_T14_S2                      PASS       MOD      "graph ok: 4 edges, 11 strands, 1 nets, hash e4f39dfae38293f8"
MX_F11_T2_S3                       PASS       MOD      "graph ok: 4 edges, 9 strands, 1 nets, hash af7a9ba305494604"
MX_F27_T6_S3                       PASS       MOD      "graph ok: 1 edges, 3 strands, 1 nets, hash 7d841d4c75913d6c"
MX_F43_T10_S3                      PASS       MOD      "graph ok: 14 edges, 31 strands, 1 nets, hash b529556ba38a3689"
MX_F59_T14_S3                      PASS       MOD      "graph ok: 4 edges, 9 strands, 1 nets, hash c61e2c866c611b15"
MX_F12_T3_S0                       PASS       MOD      "graph ok: 6 edges, 6 strands, 1 nets, hash ae7d7a0d259a58a8"
MX_F28_T7_S0                       PASS       MOD      "graph ok: 7 edges, 7 strands, 3 nets, hash 21679b1e80c8ca4f"
MX_F44_T11_S0                      PASS       MOD      "graph ok: 1 edges, 1 strands, 1 nets, hash 1c18ec7117a2db44"
MX_F60_T15_S0                      PASS       MOD      "graph ok: 2 edges, 2 strands, 1 nets, hash 765db126a10c144b"
MX_D01_n1_S1                       PASS       MOD      "graph ok: 1 edges, 3 strands, 1 nets, hash 4b98a6c15d217d30"
MX_D05_n10_S1                      PASS       MOD      "graph ok: 1 edges, 2 strands, 2 nets, hash 7a6c67c3c89fdd26"
MX_D09_n100_S1                     PASS       MOD      "graph ok: 2 edges, 18 strands, 1 nets, hash 7dba2400dfe4876f"
MX_D13_n1000_S1                    PASS       MOD      "graph ok: 1 edges, 17 strands, 1 nets, hash 89f5a1f3241831c6"
MX_F13_T3_S1                       PASS       MOD      "graph ok: 6 edges, 9 strands, 1 nets, hash f3e5b7185f264e8e"
MX_F29_T7_S1                       PASS       MOD      "graph ok: 7 edges, 14 strands, 3 nets, hash 94acbf3368ccb3b0"
MX_F45_T11_S1                      PASS       MOD      "graph ok: 1 edges, 3 strands, 1 nets, hash c2547b7eec931705"
MX_F61_T15_S1                      PASS       MOD      "graph ok: 2 edges, 2 strands, 1 nets, hash 7964ba5a0588347f"
MX_F14_T3_S2                       PASS       MOD      "graph ok: 6 edges, 15 strands, 1 nets, hash 088d761cf5dc48a1"
MX_F30_T7_S2                       PASS       MOD      "graph ok: 7 edges, 10 strands, 3 nets, hash 85b106f4a7e98227"
MX_F46_T11_S2                      PASS       MOD      "graph ok: 1 edges, 1 strands, 1 nets, hash 0762cc34c211ec65"
MX_F62_T15_S2                      PASS       MOD      "graph ok: 2 edges, 4 strands, 1 nets, hash 9ac208e3da86738c"
MX_F15_T3_S3                       PASS       MOD      "graph ok: 6 edges, 15 strands, 1 nets, hash 35de9a85a8f088fe"
MX_F31_T7_S3                       PASS       MOD      "graph ok: 7 edges, 10 strands, 3 nets, hash 678a542b4dc16af4"
MX_F47_T11_S3                      PASS       MOD      "graph ok: 1 edges, 1 strands, 1 nets, hash cba0f467e22bf880"
MX_F63_T15_S3                      PASS       MOD      "graph ok: 2 edges, 4 strands, 1 nets, hash cef6675e6d34449a"
MX_A00_N2_R6_up                    PASS       MOD      "graph ok: 2 edges, 3 strands, 1 nets, hash 3352868aed628080"
MX_A01_N2_R12_cut                  PASS       MOD      "graph ok: 2 edges, 4 strands, 2 nets, hash 136af0d5f68637f3"
MX_A02_N2_R19_fallen               PASS       MOD      "graph ok: 2 edges, 5 strands, 2 nets, hash 952ad4084c9a693d"
MX_A03_N3_R6_cut                   PASS       MOD      "graph ok: 2 edges, 3 strands, 2 nets, hash 15b20847ec1449a1"
MX_A04_N3_R12_fallen               PASS       MOD      "graph ok: 2 edges, 2 strands, 2 nets, hash 581a21999698b896"
MX_A05_N3_R19_up                   PASS       MOD      "graph ok: 2 edges, 5 strands, 1 nets, hash b9a31c6bf61622cc"
MX_A06_N5_R6_fallen                PASS       MOD      "graph ok: 2 edges, 3 strands, 2 nets, hash 0af8906b48d390c0"
MX_A07_N5_R12_up                   PASS       MOD      "graph ok: 2 edges, 2 strands, 1 nets, hash 9026fd5d700ec837"
MX_A08_N5_R19_cut                  PASS       MOD      "graph ok: 2 edges, 2 strands, 2 nets, hash 8484d2a94d25994a"
MX_A09_N2_R6_cut                   PASS       MOD      "graph ok: 2 edges, 2 strands, 2 nets, hash fdc02dcfdceb88f9"
MX_A10_N2_R12_fallen               PASS       MOD      "graph ok: 2 edges, 3 strands, 2 nets, hash c2ad569902f48a29"
MX_A11_N2_R19_up                   PASS       MOD      "graph ok: 2 edges, 6 strands, 1 nets, hash f2bd30b3b16ce315"
MX_A12_N3_R6_fallen                PASS       MOD      "graph ok: 2 edges, 4 strands, 2 nets, hash 1e4511336e78aa6f"
MX_A13_N3_R12_up                   PASS       MOD      "graph ok: 2 edges, 4 strands, 1 nets, hash 643102f2de2885c5"
MX_A14_N3_R19_cut                  PASS       MOD      "graph ok: 2 edges, 5 strands, 2 nets, hash fa0a3a8895655a69"
MX_A15_N5_R6_up                    PASS       MOD      "graph ok: 2 edges, 6 strands, 1 nets, hash 9a842db7bfe8a9d8"
MX_A16_N5_R12_cut                  PASS       MOD      "graph ok: 2 edges, 2 strands, 2 nets, hash cc1c5ecf04797d3c"
MX_A17_N5_R19_fallen               PASS       MOD      "graph ok: 2 edges, 4 strands, 2 nets, hash 512810ac61c7f26c"
MX_C00_empty                       PASS       MOD      "graph ok: 0 edges, 0 strands, 0 nets, hash 14650fb0739d0383"
MX_C01_line_master_off             PASS       MOD      "master off: vanilla art, no cords; ON census 1 strands"
MX_H00_Flat_straight_L6            UNBUILT    SCOPE    "hose kit not deployed on this tier (lane D building it)"
MX_H01_Flat_corner_L14             UNBUILT    SCOPE    "hose kit not deployed on this tier (lane D building it)"
MX_H02_Flat_water_L24              UNBUILT    SCOPE    "hose kit not deployed on this tier (lane D building it)"
MX_H03_Plump_straight_L14          UNBUILT    SCOPE    "hose kit not deployed on this tier (lane D building it)"
MX_H04_Plump_corner_L24            UNBUILT    SCOPE    "hose kit not deployed on this tier (lane D building it)"
MX_H05_Plump_water_L6              UNBUILT    SCOPE    "hose kit not deployed on this tier (lane D building it)"
MX_H06_Filling50_straight_L24      UNBUILT    SCOPE    "hose kit not deployed on this tier (lane D building it)"
MX_H07_Filling50_corner_L6         UNBUILT    SCOPE    "hose kit not deployed on this tier (lane D building it)"
MX_H08_Filling50_water_L14         UNBUILT    SCOPE    "hose kit not deployed on this tier (lane D building it)"
D1_zero_tick_rereads_same          PASS       MOD      "99/99 scenes: geometry hash + census identical on 2 re-reads after all view toggles"
D2_fresh_builder_same              FAIL       MOD      ["B12_ground ['F28_T7_S0', 'F44_T11_S0', 'F60_T15_S0', 'F12_T3_S0'] {'edges': 16, 'different': 1, 'missing': 0}", "B13_ground ['D13_n1000_S1
Z_log_budget                       PASS       MOD      {"errors": [], "newWarnings": 4, "siteClearErrorsExcluded": 4}
result -> \\wsl.localhost\Ubuntu\home\mandrake\rm\foundry\src\RimMandrake\MessyConduit\northstar\matrix_live_20261002T192306.json
LIVE: {'scenes': 109, 'status': {'PASS': 100, 'UNBUILT': 9}, 'fail_class': {}} ticks 71 wall 1577.0s calls 3942 boards 19 aborted None
