Mono path[0] = 'C:/Program Files (x86)/Steam/steamapps/common/RimWorld/RimWorldWin64_Data/Managed'
Mono config path = 'C:/Program Files (x86)/Steam/steamapps/common/RimWorld/MonoBleedingEdge/etc'
[PhysX] Initialized MultithreadedTaskDispatcher with 14 workers.
Initialize engine version: 2022.3.35f1 (011206c7a712)
[Subsystems] Discovering subsystems at path C:/Program Files (x86)/Steam/steamapps/common/RimWorld/RimWorldWin64_Data/UnitySubsystems
GfxDevice: creating device client; threaded=1; jobified=0
Direct3D:
    Version:  Direct3D 11.0 [level 11.1]
    Renderer: NVIDIA GeForce RTX 5080 (ID=0x2c02)
    Vendor:   NVIDIA
    VRAM:     15977 MB
    Driver:   32.0.15.9186
Begin MonoManager ReloadAssembly
- Loaded All Assemblies, in  0.112 seconds
- Finished resetting the current domain, in  0.001 seconds
<RI> Initializing input.
<RI> Input initialized.
<RI> Initialized touch support.
[PhysX] Initialized MultithreadedTaskDispatcher with 14 workers.
UnloadTime: 0.667000 ms
Command line arguments: -disable-compute-shaders
RimWorld 1.6.4871 rev591
Mod RimUtinni: Aftermath Rites dependency (mandrake.rm.aftermath) needs to have <downloadUrl> and/or <steamWorkshopUrl> specified.
Mod RimMandrake: Utinni — Inhabited (Ash'karr) dependency (mandrake.rm.inhabited) needs to have <downloadUrl> and/or <steamWorkshopUrl> specified.
Mod RimMandrake: Utinni — Weather Suite (Ash'karr) dependency (mandrake.rm.weathersuite) needs to have <downloadUrl> and/or <steamWorkshopUrl> specified.
Mod RimUtinni: Droid Repair Jobs dependency (mandrake.rsw.droidworks) needs to have <downloadUrl> and/or <steamWorkshopUrl> specified.
Mod RimMandrake: Environmental Hazards Kit dependency (mandrake.rm.creaturebehaviors) needs to have <downloadUrl> and/or <steamWorkshopUrl> specified.
Mod RimMandrake: Fever Wood dependency (mandrake.rm.creaturebehaviors) needs to have <downloadUrl> and/or <steamWorkshopUrl> specified.
Mod RimMandrake: Fever Wood dependency (mandrake.rm.environmentalhazards) needs to have <downloadUrl> and/or <steamWorkshopUrl> specified.
Mod RimMandrake: Flooded Canyon dependency (mandrake.rm.flowworks) needs to have <downloadUrl> and/or <steamWorkshopUrl> specified.
Mod RimStarWars: Imperial Graffiti dependency (mandrake.rm.graffiti) needs to have <downloadUrl> and/or <steamWorkshopUrl> specified.
Mod RimMandrake: Greentide dependency (mandrake.rm.creaturebehaviors) needs to have <downloadUrl> and/or <steamWorkshopUrl> specified.
Mod RimUtinni: Greentide Raid Ant dependency (mandrake.rm.creaturebehaviors) needs to have <downloadUrl> and/or <steamWorkshopUrl> specified.
Mod RimMandrake: Hostile Flora dependency (mandrake.rm.creaturebehaviors) needs to have <downloadUrl> and/or <steamWorkshopUrl> specified.
Mod JawaVoice (SpeakUp reskin) dependency (JPT.speakup) needs to have <downloadUrl> and/or <steamWorkshopUrl> specified.
Mod RimMandrake: Leaning Scrub dependency (mandrake.rm.environmentalhazards) needs to have <downloadUrl> and/or <steamWorkshopUrl> specified.
Mod RimMandrake: Utinni — Propane Lake Mechanics dependency (mandrake.rut.patches) needs to have <downloadUrl> and/or <steamWorkshopUrl> specified.
Mod RimMandrake: Utinni — Pyrelands Mechanics dependency (mandrake.rut.patches) needs to have <downloadUrl> and/or <steamWorkshopUrl> specified.
Mod The Rites dependency (mandrake.rut.antiquities) needs to have <downloadUrl> and/or <steamWorkshopUrl> specified.
Mod RimMandrake: the Rust Cathedral dependency (mandrake.rm.creaturebehaviors) needs to have <downloadUrl> and/or <steamWorkshopUrl> specified.
Mod RimMandrake: Utinni — Rust Cathedral Roaches dependency (mandrake.rm.creaturebehaviors) needs to have <downloadUrl> and/or <steamWorkshopUrl> specified.
Mod RimMandrake Sacred Marks dependency (mandrake.rm.graffiti) needs to have <downloadUrl> and/or <steamWorkshopUrl> specified.
Mod RimUtinni: Scarlands Ladder dependency (mandrake.rm.lorestages) needs to have <downloadUrl> and/or <steamWorkshopUrl> specified.
Mod RimMandrake: Ship Vermin dependency (mandrake.rsw.swbestiary) needs to have <downloadUrl> and/or <steamWorkshopUrl> specified.
Mod RimMandrake: Ship Vermin dependency (mandrake.rm.creaturebehaviors) needs to have <downloadUrl> and/or <steamWorkshopUrl> specified.
Mod RimMandrake: SW — Shokk dependency (mandrake.rm.creaturebehaviors) needs to have <downloadUrl> and/or <steamWorkshopUrl> specified.
Mod RimUtinni: Structure Injections dependency (OskarPotocki.VanillaFactionsExpanded.Core) needs to have <downloadUrl> and/or <steamWorkshopUrl> specified.
Mod RimUtinni: Structure Injections dependency (mandrake.rm.injections) needs to have <downloadUrl> and/or <steamWorkshopUrl> specified.
Mod RimStarWars: Structure Injections dependency (mandrake.rm.injections) needs to have <downloadUrl> and/or <steamWorkshopUrl> specified.
Mod RimMandrake: SW — Bestiary dependency (OskarPotocki.VFE.Insectoid2) needs to have <downloadUrl> and/or <steamWorkshopUrl> specified.
Mod RimMandrake: SW — Bestiary dependency (mandrake.rm.creaturebehaviors) needs to have <downloadUrl> and/or <steamWorkshopUrl> specified.
Mod RimMandrake: SW — Bestiary dependency (sarg.alphaanimals) needs to have <downloadUrl> and/or <steamWorkshopUrl> specified.
Mod RimMandrake: SW — Bestiary dependency (brrainz.harmony) needs to have <downloadUrl> and/or <steamWorkshopUrl> specified.
Mod RimMandrake: The Forge dependency (mandrake.rm.environmentalhazards) needs to have <downloadUrl> and/or <steamWorkshopUrl> specified.
Mod RimMandrake: The Rot dependency (mandrake.rm.creaturebehaviors) needs to have <downloadUrl> and/or <steamWorkshopUrl> specified.
Mod RimMandrake: The Rot dependency (mandrake.rm.environmentalhazards) needs to have <downloadUrl> and/or <steamWorkshopUrl> specified.
Mod RimUtinni Patches (Jawa campaign) dependency (mandrake.rm.weathersuite) needs to have <downloadUrl> and/or <steamWorkshopUrl> specified.
Mod RimMandrake: Colony Visibility dependency (brrainz.harmony) needs to have <downloadUrl> and/or <steamWorkshopUrl> specified.
Mod RimMandrake: Weeping Stones dependency (mandrake.rm.environmentalhazards) needs to have <downloadUrl> and/or <steamWorkshopUrl> specified.
Mod VFE Factory Integrated Rimefeller Recipes dependency (VanillaExpanded.VFEFactory) needs to have <downloadUrl> and/or <steamWorkshopUrl> specified.
Mod VFE Factory Integrated Rimefeller Recipes dependency (Dubwise.Rimefeller) needs to have <downloadUrl> and/or <steamWorkshopUrl> specified.
Mod VFE Factory Integrated Rimefeller Recipes dependency (brrainz.harmony) needs to have <downloadUrl> and/or <steamWorkshopUrl> specified.
Mod RimTalk Expand: AI Storyteller dependency (cyberchronicle.rimtalkexperts) needs to have <downloadUrl> and/or <steamWorkshopUrl> specified.
Mod RimTalk Expand: AI Storyteller dependency (brrainz.harmony) needs to have <downloadUrl> and/or <steamWorkshopUrl> specified.
Mod Custom Room Names - RimTalk Addon dependency (cj.Rimtalk) needs to have <downloadUrl> and/or <steamWorkshopUrl> specified.
Mod Custom Room Names - RimTalk Addon dependency (costel.CustomRoomNames) needs to have <downloadUrl> and/or <steamWorkshopUrl> specified.
Mod RimTalk - Expand Literature dependency (cj.rimtalk) needs to have <downloadUrl> and/or <steamWorkshopUrl> specified.
Mod RimTalk - Expand Toddlers dependency (cyanobot.toddlers) needs to have <downloadUrl> and/or <steamWorkshopUrl> specified.
Mod RimTalk - Expand Toddlers dependency (cj.rimtalk) needs to have <downloadUrl> and/or <steamWorkshopUrl> specified.
Mod Large Pawns dependency (brrainz.harmony) needs to have <downloadUrl> and/or <steamWorkshopUrl> specified.
Mod Wood's Muzzle Flash for Ancient urban ruins has a dependency (issaczhuang.muzzleflash) with empty display name.
Mod Wood's Muzzle Flash for Ancient urban ruins dependency (issaczhuang.muzzleflash) needs to have <downloadUrl> and/or <steamWorkshopUrl> specified.
Mod Wood's Muzzle Flash for Ancient urban ruins has a dependency (xmb.ancienturbanruins.mo) with empty display name.
Mod Wood's Muzzle Flash for Ancient urban ruins dependency (xmb.ancienturbanruins.mo) needs to have <downloadUrl> and/or <steamWorkshopUrl> specified.
Mod Forced Xenogerm Implantation dependency (brrainz.harmony) needs to have <downloadUrl> and/or <steamWorkshopUrl> specified.
Exception loading from System.Xml.XmlElement: System.MissingMethodException: Default constructor not found for type System.String
  at System.RuntimeType.CreateInstanceMono (System.Boolean nonPublic, System.Boolean wrapExceptions) [0x00076] in <51fded79cd284d4d911c5949aff4cb21>:0 
  at System.RuntimeType.CreateInstanceSlow (System.Boolean publicOnly, System.Boolean wrapExceptions, System.Boolean skipCheckThis, System.Boolean fillCache) [0x00009] in <51fded79cd284d4d911c5949aff4cb21>:0 
  at System.RuntimeType.CreateInstanceDefaultCtor (System.Boolean publicOnly, System.Boolean skipCheckThis, System.Boolean fillCache, System.Boolean wrapExceptions, System.Threading.StackCrawlMark& stackMark) [0x00027] in <51fded79cd284d4d911c5949aff4cb21>:0 
  at System.Activator.CreateInstance (System.Type type, System.Boolean nonPublic, System.Boolean wrapExceptions) [0x00020] in <51fded79cd284d4d911c5949aff4cb21>:0 
  at System.Activator.CreateInstance (System.Type type, System.Boolean nonPublic) [0x00000] in <51fded79cd284d4d911c5949aff4cb21>:0 
  at System.Activator.CreateInstance (System.Type type) [0x00000] in <51fded79cd284d4d911c5949aff4cb21>:0 
  at Verse.DirectXmlToObject.ObjectFromXml[T] (System.Xml.XmlNode xmlRoot, System.Boolean doPostLoad) [0x0045c] in <61e4173561894da49d210260257b5097>:0 
  at Verse.DirectXmlToObject.ObjectFromXmlReflection[T] (System.Xml.XmlNode xmlRoot, System.Boolean doPostLoad) [0x00000] in <61e4173561894da49d210260257b5097>:0 
  at Verse.DirectXmlToObject.ObjectFromXml[T] (System.Xml.XmlNode xmlRoot, System.Boolean doPostLoad) [0x0060e] in <61e4173561894da49d210260257b5097>:0 
Fallback handler could not load library C:/Program Files (x86)/Steam/steamapps/common/RimWorld/RimWorldWin64_Data/MonoBleedingEdge/data-00000216E3E90070.dll
Fallback handler could not load library C:/Program Files (x86)/Steam/steamapps/common/RimWorld/RimWorldWin64_Data/MonoBleedingEdge/data-00000216E40EB160.dll
[RimBridge] STARTUP_TIMING phase=main-thread.initialize durationMs=0 elapsedMs=0
[RimBridge] Applied essential Harmony patches.
[RimBridge] Applied 56 optional Harmony patch classes.
[RimBridge] STARTUP_TIMING phase=harmony.startup-patches durationMs=149 elapsedMs=150
[RimBridge] STARTUP_TIMING phase=startup.on-mod-constructed durationMs=0 elapsedMs=150
[RimBridge] STARTUP_TIMING phase=mod-constructor.total durationMs=150 elapsedMs=150
Could not resolve cross-reference: No Verse.SoundDef named Pawn_Melee_SmallBite_HitPawn found to give to Verse.RaceProperties Verse.RaceProperties (using undefined sound instead)
Could not resolve cross-reference: No Verse.SoundDef named Pawn_Melee_SmallBite_HitBuilding found to give to Verse.RaceProperties Verse.RaceProperties (using undefined sound instead)
Could not resolve cross-reference: No Verse.SoundDef named Pawn_Melee_SmallBite_Miss found to give to Verse.RaceProperties Verse.RaceProperties (using undefined sound instead)
Could not resolve cross-reference: No Verse.SoundDef named Pawn_Melee_SmallBite_HitPawn found to give to Verse.RaceProperties Verse.RaceProperties (using undefined sound instead)
Could not resolve cross-reference: No Verse.SoundDef named Pawn_Melee_SmallBite_HitBuilding found to give to Verse.RaceProperties Verse.RaceProperties (using undefined sound instead)
Could not resolve cross-reference: No Verse.SoundDef named Pawn_Melee_SmallBite_Miss found to give to Verse.RaceProperties Verse.RaceProperties (using undefined sound instead)
Could not resolve cross-reference: No Verse.SoundDef named Pawn_Melee_SmallBite_HitPawn found to give to Verse.RaceProperties Verse.RaceProperties (using undefined sound instead)
Could not resolve cross-reference: No Verse.SoundDef named Pawn_Melee_SmallBite_HitBuilding found to give to Verse.RaceProperties Verse.RaceProperties (using undefined sound instead)
Could not resolve cross-reference: No Verse.SoundDef named Pawn_Melee_SmallBite_Miss found to give to Verse.RaceProperties Verse.RaceProperties (using undefined sound instead)
Could not resolve cross-reference: No Verse.SoundDef named Pawn_Melee_SmallBite_HitPawn found to give to Verse.RaceProperties Verse.RaceProperties (using undefined sound instead)
Could not resolve cross-reference: No Verse.SoundDef named Pawn_Melee_SmallBite_HitBuilding found to give to Verse.RaceProperties Verse.RaceProperties (using undefined sound instead)
Could not resolve cross-reference: No Verse.SoundDef named Pawn_Melee_SmallBite_Miss found to give to Verse.RaceProperties Verse.RaceProperties (using undefined sound instead)
Collection cannot init: No textures found at path Things/Plant/RM_Leachmoss
Collection cannot init: No textures found at path Things/Plant/RM_Venomvine
Collection cannot init: No textures found at path Things/Plant/RM_Venomvine
Could not load Texture2D at 'Things/Item/Plant/RM_BladderFruit' for def 'RM_BladderFruit' in any active mod or in base resources.
MatFrom with null sourceTex.
Collection cannot init: No textures found at path Things/Item/Resource/RM_SeepSalt
Could not load Texture2D at 'Things/Item/Plant/RM_DewgourdFruit' for def 'RM_DewgourdFruit' in any active mod or in base resources.
MatFrom with null sourceTex.
Collection cannot init: No textures found at path Things/Plant/RM_Dewblade
Collection cannot init: No textures found at path Things/Plant/RM_Weepmat
Collection cannot init: No textures found at path Things/Plant/RM_Verdimoss
Collection cannot init: No textures found at path Things/Plant/RM_Shadefern
Collection cannot init: No textures found at path Things/Plant/RM_Bladderquill
Collection cannot init: No textures found at path Things/Plant/RM_Salvecomb
Collection cannot init: No textures found at path Things/Plant/RM_Rockfinger
Collection cannot init: No textures found at path Things/Plant/RM_Dripfringe
Collection cannot init: No textures found at path Things/Plant/RM_Steamfrond
Collection cannot init: No textures found at path Things/Plant/RM_Dewgourd
Collection cannot init: No textures found at path Things/Plant/RM_Rockfinger
Unloading 5 Unused Serialized files (Serialized files now loaded: 5)
Unloading 97 unused Assets to reduce memory usage. Loaded Objects now: 26624.
Total: 123.837300 ms (FindLiveObjects: 0.867300 ms CreateObjectMapping: 0.918300 ms MarkObjects: 121.705000 ms  DeleteObjects: 0.346200 ms)

[RimBridge] Startup conditions satisfied after play-data load; initializing bridge services.
[RimBridge] Applied 6 late virtual-input patch classes.
[RimBridge] STARTUP_TIMING phase=late-input-patches durationMs=21 elapsedMs=6507
[RimBridge] STARTUP_TIMING phase=capabilities.initialize durationMs=290 elapsedMs=6797
[RimBridge] STARTUP_TIMING phase=logs.initialize durationMs=0 elapsedMs=6797
[RimBridge] STARTUP_TIMING phase=application.run-in-background durationMs=0 elapsedMs=6798
[RimBridge] STARTUP_TIMING phase=debug.playback-defaults durationMs=1 elapsedMs=6799
[RimBridge] STARTUP_TIMING phase=tools.construct durationMs=0 elapsedMs=6799
[RimBridge] STARTUP_TIMING phase=gabp.builder.configure durationMs=0 elapsedMs=6799
[RimBridge] STARTUP_TIMING phase=gabp.server.build durationMs=1 elapsedMs=6800
[RimBridge] STARTUP_TIMING phase=tools.register-core durationMs=3 elapsedMs=6803
[RimBridge] STARTUP_TIMING phase=tools.register-extensions durationMs=0 elapsedMs=6803
[RimBridge] STARTUP_TIMING phase=event-relay.initialize durationMs=1 elapsedMs=6804
[RimBridge] STARTUP_TIMING phase=attention.initialize durationMs=0 elapsedMs=6806
[RimBridge] STARTUP_TIMING phase=gabp.server.start-submit durationMs=22 elapsedMs=6829
[RimBridge] STARTUP_TIMING phase=bridge-start.total durationMs=323 elapsedMs=6830
[RimBridge] STARTUP_TIMING phase=gabp.server.start-async durationMs=23 elapsedMs=6830
[RimBridge] GABP server running standalone on port 5174
[RimBridge] Bridge token: 2e3bf7c331944176ad37238fe0c6fd24
[JawaBench] ready: 337 tools, build fef295efd92b
[JawaBench] argument guard installed on RimBridgeServer.AnnotatedExtensionCapabilityProvider.BindArguments - a tool argument matching no declared parameter is now RECORDED (not refused; strict mode is opt-in).
[JawaBench] log auto-open suppressor installed on Verse.Log.TryOpenLogWindow - suppressed=True. The debug menu's manual log window is a separate code path and is unaffected.
[JawaBench] context: modSet 11/10e9649a, toolSet 59f74ddd, defDump ARMED, engine 1.6.4871 rev591
Direct3D: detected that using refresh rate causes time drift. Will stop trusting refresh rate until the game window is moved.
Direct3D: detected that vsync is broken (it does not limit frame rate properly). Delta time will now be calculated using cpu-side time stampling until the game window is moved.
