Mono path[0] = 'C:/Program Files (x86)/Steam/steamapps/common/RimWorld/RimWorldWin64_Data/Managed'
Mono config path = 'C:/Program Files (x86)/Steam/steamapps/common/RimWorld/MonoBleedingEdge/etc'
[PhysX] Initialized MultithreadedTaskDispatcher with 14 workers.
Initialize engine version: 2022.3.35f1 (011206c7a712)
[Subsystems] Discovering subsystems at path C:/Program Files (x86)/Steam/steamapps/common/RimWorld/RimWorldWin64_Data/UnitySubsystems
GfxDevice: creating device client; threaded=1; jobified=0
Direct3D:
    Version:  Direct3D 11.0 [level 11.1]
    Renderer: NVIDIA GeForce RTX 5080 (ID=0x2c02)
    Vendor:   NVIDIA
    VRAM:     15977 MB
    Driver:   32.0.15.9186
Begin MonoManager ReloadAssembly
- Loaded All Assemblies, in  0.111 seconds
- Finished resetting the current domain, in  0.001 seconds
<RI> Initializing input.
<RI> Input initialized.
<RI> Initialized touch support.
[PhysX] Initialized MultithreadedTaskDispatcher with 14 workers.
UnloadTime: 0.691000 ms
Command line arguments: -disable-compute-shaders
RimWorld 1.6.4871 rev591
Direct3D: detected that using refresh rate causes time drift. Will stop trusting refresh rate until the game window is moved.
Mod RimUtinni: Aftermath Rites dependency (mandrake.rm.aftermath) needs to have <downloadUrl> and/or <steamWorkshopUrl> specified.
Mod RimMandrake: Utinni — Inhabited (Ash'karr) dependency (mandrake.rm.inhabited) needs to have <downloadUrl> and/or <steamWorkshopUrl> specified.
Mod RimMandrake: Utinni — Weather Suite (Ash'karr) dependency (mandrake.rm.weathersuite) needs to have <downloadUrl> and/or <steamWorkshopUrl> specified.
Mod RimUtinni: Droid Repair Jobs dependency (mandrake.rsw.droidworks) needs to have <downloadUrl> and/or <steamWorkshopUrl> specified.
Mod RimMandrake: Environmental Hazards Kit dependency (mandrake.rm.creaturebehaviors) needs to have <downloadUrl> and/or <steamWorkshopUrl> specified.
Mod RimMandrake: Fever Wood dependency (mandrake.rm.creaturebehaviors) needs to have <downloadUrl> and/or <steamWorkshopUrl> specified.
Mod RimMandrake: Fever Wood dependency (mandrake.rm.environmentalhazards) needs to have <downloadUrl> and/or <steamWorkshopUrl> specified.
Mod RimMandrake: Flooded Canyon dependency (mandrake.rm.flowworks) needs to have <downloadUrl> and/or <steamWorkshopUrl> specified.
Mod RimStarWars: Imperial Graffiti dependency (mandrake.rm.graffiti) needs to have <downloadUrl> and/or <steamWorkshopUrl> specified.
Mod RimMandrake: Greentide dependency (mandrake.rm.creaturebehaviors) needs to have <downloadUrl> and/or <steamWorkshopUrl> specified.
Mod RimUtinni: Greentide Raid Ant dependency (mandrake.rm.creaturebehaviors) needs to have <downloadUrl> and/or <steamWorkshopUrl> specified.
Mod RimMandrake: Hostile Flora dependency (mandrake.rm.creaturebehaviors) needs to have <downloadUrl> and/or <steamWorkshopUrl> specified.
Mod JawaVoice (SpeakUp reskin) dependency (JPT.speakup) needs to have <downloadUrl> and/or <steamWorkshopUrl> specified.
Mod RimMandrake: Leaning Scrub dependency (mandrake.rm.environmentalhazards) needs to have <downloadUrl> and/or <steamWorkshopUrl> specified.
Mod RimMandrake: Utinni — Propane Lake Mechanics dependency (mandrake.rut.patches) needs to have <downloadUrl> and/or <steamWorkshopUrl> specified.
Mod RimMandrake: Utinni — Pyrelands Mechanics dependency (mandrake.rm.pyrelands) needs to have <downloadUrl> and/or <steamWorkshopUrl> specified.
Mod RimMandrake: Utinni — Pyrelands Mechanics dependency (mandrake.rut.patches) needs to have <downloadUrl> and/or <steamWorkshopUrl> specified.
Mod The Rites dependency (mandrake.rut.antiquities) needs to have <downloadUrl> and/or <steamWorkshopUrl> specified.
Mod RimMandrake: the Rust Cathedral dependency (mandrake.rm.creaturebehaviors) needs to have <downloadUrl> and/or <steamWorkshopUrl> specified.
Mod RimMandrake: Utinni — Rust Cathedral Roaches dependency (mandrake.rm.creaturebehaviors) needs to have <downloadUrl> and/or <steamWorkshopUrl> specified.
Mod RimMandrake Sacred Marks dependency (mandrake.rm.graffiti) needs to have <downloadUrl> and/or <steamWorkshopUrl> specified.
Mod RimUtinni: Scarlands Ladder dependency (mandrake.rm.lorestages) needs to have <downloadUrl> and/or <steamWorkshopUrl> specified.
Mod RimMandrake: Ship Vermin dependency (mandrake.rsw.swbestiary) needs to have <downloadUrl> and/or <steamWorkshopUrl> specified.
Mod RimMandrake: Ship Vermin dependency (mandrake.rm.creaturebehaviors) needs to have <downloadUrl> and/or <steamWorkshopUrl> specified.
Mod RimMandrake: SW — Shokk dependency (mandrake.rm.webwork) needs to have <downloadUrl> and/or <steamWorkshopUrl> specified.
Mod RimUtinni: Structure Injections dependency (OskarPotocki.VanillaFactionsExpanded.Core) needs to have <downloadUrl> and/or <steamWorkshopUrl> specified.
Mod RimUtinni: Structure Injections dependency (mandrake.rm.injections) needs to have <downloadUrl> and/or <steamWorkshopUrl> specified.
Mod RimStarWars: Structure Injections dependency (mandrake.rm.injections) needs to have <downloadUrl> and/or <steamWorkshopUrl> specified.
Mod RimMandrake: SW — Bestiary dependency (OskarPotocki.VFE.Insectoid2) needs to have <downloadUrl> and/or <steamWorkshopUrl> specified.
Mod RimMandrake: SW — Bestiary dependency (mandrake.rm.creaturebehaviors) needs to have <downloadUrl> and/or <steamWorkshopUrl> specified.
Mod RimMandrake: SW — Bestiary dependency (sarg.alphaanimals) needs to have <downloadUrl> and/or <steamWorkshopUrl> specified.
Mod RimMandrake: SW — Bestiary dependency (brrainz.harmony) needs to have <downloadUrl> and/or <steamWorkshopUrl> specified.
Mod RimMandrake: Terminal Biomes dependency (mandrake.rm.luminouspigment) needs to have <downloadUrl> and/or <steamWorkshopUrl> specified.
Mod RimMandrake: The Forge dependency (mandrake.rm.environmentalhazards) needs to have <downloadUrl> and/or <steamWorkshopUrl> specified.
Mod RimMandrake: The Rot dependency (mandrake.rm.creaturebehaviors) needs to have <downloadUrl> and/or <steamWorkshopUrl> specified.
Mod RimMandrake: The Rot dependency (mandrake.rm.environmentalhazards) needs to have <downloadUrl> and/or <steamWorkshopUrl> specified.
Mod RimUtinni Patches (Jawa campaign) dependency (mandrake.rm.weathersuite) needs to have <downloadUrl> and/or <steamWorkshopUrl> specified.
Mod RimMandrake: Colony Visibility dependency (brrainz.harmony) needs to have <downloadUrl> and/or <steamWorkshopUrl> specified.
Mod RimMandrake: Weeping Stones dependency (mandrake.rm.environmentalhazards) needs to have <downloadUrl> and/or <steamWorkshopUrl> specified.
Mod VFE Factory Integrated Rimefeller Recipes dependency (VanillaExpanded.VFEFactory) needs to have <downloadUrl> and/or <steamWorkshopUrl> specified.
Mod VFE Factory Integrated Rimefeller Recipes dependency (Dubwise.Rimefeller) needs to have <downloadUrl> and/or <steamWorkshopUrl> specified.
Mod VFE Factory Integrated Rimefeller Recipes dependency (brrainz.harmony) needs to have <downloadUrl> and/or <steamWorkshopUrl> specified.
Mod RimTalk Expand: AI Storyteller dependency (cyberchronicle.rimtalkexperts) needs to have <downloadUrl> and/or <steamWorkshopUrl> specified.
Mod RimTalk Expand: AI Storyteller dependency (brrainz.harmony) needs to have <downloadUrl> and/or <steamWorkshopUrl> specified.
Mod Custom Room Names - RimTalk Addon dependency (cj.Rimtalk) needs to have <downloadUrl> and/or <steamWorkshopUrl> specified.
Mod Custom Room Names - RimTalk Addon dependency (costel.CustomRoomNames) needs to have <downloadUrl> and/or <steamWorkshopUrl> specified.
Mod RimTalk - Expand Literature dependency (cj.rimtalk) needs to have <downloadUrl> and/or <steamWorkshopUrl> specified.
Mod RimTalk - Expand Toddlers dependency (cyanobot.toddlers) needs to have <downloadUrl> and/or <steamWorkshopUrl> specified.
Mod RimTalk - Expand Toddlers dependency (cj.rimtalk) needs to have <downloadUrl> and/or <steamWorkshopUrl> specified.
Mod Large Pawns dependency (brrainz.harmony) needs to have <downloadUrl> and/or <steamWorkshopUrl> specified.
Mod Wood's Muzzle Flash for Ancient urban ruins has a dependency (issaczhuang.muzzleflash) with empty display name.
Mod Wood's Muzzle Flash for Ancient urban ruins dependency (issaczhuang.muzzleflash) needs to have <downloadUrl> and/or <steamWorkshopUrl> specified.
Mod Wood's Muzzle Flash for Ancient urban ruins has a dependency (xmb.ancienturbanruins.mo) with empty display name.
Mod Wood's Muzzle Flash for Ancient urban ruins dependency (xmb.ancienturbanruins.mo) needs to have <downloadUrl> and/or <steamWorkshopUrl> specified.
Mod Forced Xenogerm Implantation dependency (brrainz.harmony) needs to have <downloadUrl> and/or <steamWorkshopUrl> specified.
Exception loading from System.Xml.XmlElement: System.MissingMethodException: Default constructor not found for type System.String
  at System.RuntimeType.CreateInstanceMono (System.Boolean nonPublic, System.Boolean wrapExceptions) [0x00076] in <51fded79cd284d4d911c5949aff4cb21>:0 
  at System.RuntimeType.CreateInstanceSlow (System.Boolean publicOnly, System.Boolean wrapExceptions, System.Boolean skipCheckThis, System.Boolean fillCache) [0x00009] in <51fded79cd284d4d911c5949aff4cb21>:0 
  at System.RuntimeType.CreateInstanceDefaultCtor (System.Boolean publicOnly, System.Boolean skipCheckThis, System.Boolean fillCache, System.Boolean wrapExceptions, System.Threading.StackCrawlMark& stackMark) [0x00027] in <51fded79cd284d4d911c5949aff4cb21>:0 
  at System.Activator.CreateInstance (System.Type type, System.Boolean nonPublic, System.Boolean wrapExceptions) [0x00020] in <51fded79cd284d4d911c5949aff4cb21>:0 
  at System.Activator.CreateInstance (System.Type type, System.Boolean nonPublic) [0x00000] in <51fded79cd284d4d911c5949aff4cb21>:0 
  at System.Activator.CreateInstance (System.Type type) [0x00000] in <51fded79cd284d4d911c5949aff4cb21>:0 
  at Verse.DirectXmlToObject.ObjectFromXml[T] (System.Xml.XmlNode xmlRoot, System.Boolean doPostLoad) [0x0045c] in <61e4173561894da49d210260257b5097>:0 
  at Verse.DirectXmlToObject.ObjectFromXmlReflection[T] (System.Xml.XmlNode xmlRoot, System.Boolean doPostLoad) [0x00000] in <61e4173561894da49d210260257b5097>:0 
  at Verse.DirectXmlToObject.ObjectFromXml[T] (System.Xml.XmlNode xmlRoot, System.Boolean doPostLoad) [0x0060e] in <61e4173561894da49d210260257b5097>:0 
Fallback handler could not load library C:/Program Files (x86)/Steam/steamapps/common/RimWorld/RimWorldWin64_Data/MonoBleedingEdge/data-000001A8F2E1D040.dll
Fallback handler could not load library C:/Program Files (x86)/Steam/steamapps/common/RimWorld/RimWorldWin64_Data/MonoBleedingEdge/data-000001A8F30E5F20.dll
[RimBridge] STARTUP_TIMING phase=main-thread.initialize durationMs=0 elapsedMs=0
[RimBridge] Applied essential Harmony patches.
[RimBridge] Applied 56 optional Harmony patch classes.
[RimBridge] STARTUP_TIMING phase=harmony.startup-patches durationMs=190 elapsedMs=191
[RimBridge] STARTUP_TIMING phase=startup.on-mod-constructed durationMs=0 elapsedMs=191
[RimBridge] STARTUP_TIMING phase=mod-constructor.total durationMs=191 elapsedMs=191
XML error: <coolsToGlassEdge>RM_TarGlass</coolsToGlassEdge> doesn't correspond to any field in type FluidDef. Context: <RimMandrake.FlowWorks.FluidDef><defName>RM_Fluid_Tar</defName><label>tar</label><floodTerrain>RM_Fill_Tar_Trace</floodTerrain><fillTerrainHalf>RM_Fill_Tar_Half</fillTerrainHalf><fillTerrainBrim>RM_Fill_Tar_Brim</fillTerrainBrim><fillTerrainSuperdeep>RM_Fill_Tar_Superdeep</fillTerrainSuperdeep><volumePerTile>1</volumePerTile><ticksPerTile>360</ticksPerTile><floodedTicks>300000</floodedTicks><canalCellsPerSourceCell>5</canalCellsPerSourceCell><groundOozePerSourceCellPerDay>0.13</groundOozePerSourceCellPerDay><rainRefillFactor>3</rainRefillFactor><recededTerrain>Mud</recededTerrain><coolsToGlassEdge>RM_TarGlass</coolsToGlassEdge></RimMandrake.FlowWorks.FluidDef>
XML error: <coverEffectiveness>0.5</coverEffectiveness> doesn't correspond to any field in type ThingDef. Context: <ThingDef ParentName="BuildingBase"><category>Building</category><thingClass>RimMandrake.FlowWorks.Drilling.Building_LiquidDrill</thingClass><soundImpactDefault>BulletImpact_Metal</soundImpactDefault><selectable>true</selectable><drawerType>MapMeshOnly</drawerType><altitudeLayer>Building</altitudeLayer><terrainAffordanceNeeded>Light</terrainAffordanceNeeded><repairEffect>Repair</repairEffect><leaveResourcesWhenKilled>true</leaveResourcesWhenKilled><filthLeaving>Filth_RubbleBuilding</filthLeaving><statBases><SellPriceFactor>0.70</SellPriceFactor><WorkToBuild>4800</WorkToBuild><MaxHitPoints>240</MaxHitPoints><Flammability>0.3</Flammability><Beauty>-10</Beauty><Mass>90</Mass></statBases><defName>RM_LiquidDrill</defName><label>liquid drill</label><description>A cored rig staked over ground a survey says is worth drilling. Powered, and it runs as long as the power does and the ground still has something in it — point its open face at a dug channel and it pours straight in. It never touches a pond or a river; whatever it finds, it finds underground, on maps that have anything down there at all.</description><graphicData><texPath>Things/Building/Production/DeepDrill</texPath><graphicClass>Graphic_Single</graphicClass><drawSize>(2,2)</drawSize></graphicData><size>(2,2)</size><rotatable>true</rotatable><passability>PassThroughOnly</passability><fillPercent>0.8</fillPercent><coverEffectiveness>0.5</coverEffectiveness><pathCost>50</pathCost><useHitPoints>true</useHitPoints><designationCategory>Production</designationCategory><constructionSkillPrerequisite>5</constructionSkillPrerequisite><tickerType>Rare</tickerType><costList><Steel>150</Steel><ComponentIndustrial>5</ComponentIndustrial></costList><comps><li Class="CompProperties_Forbiddable" /><li Class="CompProperties_Flickable" /><li Class="CompProperties_Power"><compClass>CompPowerTrader</compClass><basePowerConsumption>400</basePowerConsumption></li></comps><modExtensions><li Class="RimMandrake.FlowWorks.Drilling.RM_LiquidDrillExtension"><requiresPower>true</requiresPower><unitsPerCycleMultiplier>1.0</unitsPerCycleMultiplier></li></modExtensions><building><expandHomeArea>true</expandHomeArea></building><placeWorkers><li>RimMandrake.FlowWorks.Drilling.PlaceWorker_DrillNeedsExcavatedOutlet</li></placeWorkers></ThingDef>
XML error: <coverEffectiveness>0.6</coverEffectiveness> doesn't correspond to any field in type ThingDef. Context: <ThingDef ParentName="BuildingBase"><category>Building</category><thingClass>RimMandrake.FlowWorks.LiquidTypes.Building_LiquidTank</thingClass><soundImpactDefault>BulletImpact_Metal</soundImpactDefault><selectable>true</selectable><drawerType>MapMeshOnly</drawerType><altitudeLayer>Building</altitudeLayer><terrainAffordanceNeeded>Light</terrainAffordanceNeeded><repairEffect>Repair</repairEffect><leaveResourcesWhenKilled>true</leaveResourcesWhenKilled><filthLeaving>Filth_RubbleBuilding</filthLeaving><statBases><SellPriceFactor>0.70</SellPriceFactor><WorkToBuild>3200</WorkToBuild><MaxHitPoints>220</MaxHitPoints><Flammability>0.3</Flammability><Beauty>-6</Beauty><Mass>60</Mass></statBases><defName>RM_LiquidTank</defName><label>liquid tank</label><description>A patched-together scavenger tank -- mismatched steel panels hammered into one hull, with a scavenged valve cluster bolted on wherever there was room. Holds a real quantity of one liquid at a time: pour a filled bottle, bucket or barrel in to top it up, or fill an empty one from its stock. It does not care which liquid, as long as it is not already holding a different one.</description><graphicData><texPath>Things/Building/FlowWorks/RM_LiquidTank</texPath><graphicClass>Graphic_Single</graphicClass><drawSize>(2,2)</drawSize></graphicData><size>(2,2)</size><rotatable>false</rotatable><passability>Impassable</passability><fillPercent>1.0</fillPercent><coverEffectiveness>0.6</coverEffectiveness><pathCost>50</pathCost><useHitPoints>true</useHitPoints><neverMultiSelect>false</neverMultiSelect><designationCategory>Production</designationCategory><constructionSkillPrerequisite>4</constructionSkillPrerequisite><costList><Steel>150</Steel><ComponentIndustrial>3</ComponentIndustrial></costList><building><expandHomeArea>true</expandHomeArea></building></ThingDef>
Config error in WaterDeep: RM_LiquidProperties does nothing beyond documenting viscosity: no damage spec, no corrosion, and pH is in the neutral 4..10 band. That is a valid liquid (§3: an empty extension is still a complete, working liquid) — this is a naming/authoring check, not a hard error.
Config error in WaterOceanDeep: RM_LiquidProperties does nothing beyond documenting viscosity: no damage spec, no corrosion, and pH is in the neutral 4..10 band. That is a valid liquid (§3: an empty extension is still a complete, working liquid) — this is a naming/authoring check, not a hard error.
Config error in WaterMovingChestDeep: RM_LiquidProperties does nothing beyond documenting viscosity: no damage spec, no corrosion, and pH is in the neutral 4..10 band. That is a valid liquid (§3: an empty extension is still a complete, working liquid) — this is a naming/authoring check, not a hard error.
Config error in WaterShallow: RM_LiquidProperties does nothing beyond documenting viscosity: no damage spec, no corrosion, and pH is in the neutral 4..10 band. That is a valid liquid (§3: an empty extension is still a complete, working liquid) — this is a naming/authoring check, not a hard error.
Config error in WaterOceanShallow: RM_LiquidProperties does nothing beyond documenting viscosity: no damage spec, no corrosion, and pH is in the neutral 4..10 band. That is a valid liquid (§3: an empty extension is still a complete, working liquid) — this is a naming/authoring check, not a hard error.
Config error in WaterMovingShallow: RM_LiquidProperties does nothing beyond documenting viscosity: no damage spec, no corrosion, and pH is in the neutral 4..10 band. That is a valid liquid (§3: an empty extension is still a complete, working liquid) — this is a naming/authoring check, not a hard error.
Config error in Marsh: RM_LiquidProperties does nothing beyond documenting viscosity: no damage spec, no corrosion, and pH is in the neutral 4..10 band. That is a valid liquid (§3: an empty extension is still a complete, working liquid) — this is a naming/authoring check, not a hard error.
Config error in ShallowFloodwater: RM_LiquidProperties does nothing beyond documenting viscosity: no damage spec, no corrosion, and pH is in the neutral 4..10 band. That is a valid liquid (§3: an empty extension is still a complete, working liquid) — this is a naming/authoring check, not a hard error.
Config error in MarshFlood: RM_LiquidProperties does nothing beyond documenting viscosity: no damage spec, no corrosion, and pH is in the neutral 4..10 band. That is a valid liquid (§3: an empty extension is still a complete, working liquid) — this is a naming/authoring check, not a hard error.
Config error in RM_Fill_SlimeRed_Trace: RM_LiquidProperties does nothing beyond documenting viscosity: no damage spec, no corrosion, and pH is in the neutral 4..10 band. That is a valid liquid (§3: an empty extension is still a complete, working liquid) — this is a naming/authoring check, not a hard error.
Config error in RM_Fill_SlimeRed_Half: RM_LiquidProperties does nothing beyond documenting viscosity: no damage spec, no corrosion, and pH is in the neutral 4..10 band. That is a valid liquid (§3: an empty extension is still a complete, working liquid) — this is a naming/authoring check, not a hard error.
Config error in RM_Fill_SlimeRed_Brim: RM_LiquidProperties does nothing beyond documenting viscosity: no damage spec, no corrosion, and pH is in the neutral 4..10 band. That is a valid liquid (§3: an empty extension is still a complete, working liquid) — this is a naming/authoring check, not a hard error.
Config error in RM_Fill_SlimeRed_Superdeep: RM_LiquidProperties does nothing beyond documenting viscosity: no damage spec, no corrosion, and pH is in the neutral 4..10 band. That is a valid liquid (§3: an empty extension is still a complete, working liquid) — this is a naming/authoring check, not a hard error.
Config error in RM_Fill_SlimeGreen_Trace: RM_LiquidProperties does nothing beyond documenting viscosity: no damage spec, no corrosion, and pH is in the neutral 4..10 band. That is a valid liquid (§3: an empty extension is still a complete, working liquid) — this is a naming/authoring check, not a hard error.
Config error in RM_Fill_SlimeGreen_Half: RM_LiquidProperties does nothing beyond documenting viscosity: no damage spec, no corrosion, and pH is in the neutral 4..10 band. That is a valid liquid (§3: an empty extension is still a complete, working liquid) — this is a naming/authoring check, not a hard error.
Config error in RM_Fill_SlimeGreen_Brim: RM_LiquidProperties does nothing beyond documenting viscosity: no damage spec, no corrosion, and pH is in the neutral 4..10 band. That is a valid liquid (§3: an empty extension is still a complete, working liquid) — this is a naming/authoring check, not a hard error.
Config error in RM_Fill_SlimeGreen_Superdeep: RM_LiquidProperties does nothing beyond documenting viscosity: no damage spec, no corrosion, and pH is in the neutral 4..10 band. That is a valid liquid (§3: an empty extension is still a complete, working liquid) — this is a naming/authoring check, not a hard error.
Config error in RM_Fill_SlimeWhite_Trace: RM_LiquidProperties does nothing beyond documenting viscosity: no damage spec, no corrosion, and pH is in the neutral 4..10 band. That is a valid liquid (§3: an empty extension is still a complete, working liquid) — this is a naming/authoring check, not a hard error.
Config error in RM_Fill_SlimeWhite_Half: RM_LiquidProperties does nothing beyond documenting viscosity: no damage spec, no corrosion, and pH is in the neutral 4..10 band. That is a valid liquid (§3: an empty extension is still a complete, working liquid) — this is a naming/authoring check, not a hard error.
Config error in RM_Fill_SlimeWhite_Brim: RM_LiquidProperties does nothing beyond documenting viscosity: no damage spec, no corrosion, and pH is in the neutral 4..10 band. That is a valid liquid (§3: an empty extension is still a complete, working liquid) — this is a naming/authoring check, not a hard error.
Config error in RM_Fill_SlimeWhite_Superdeep: RM_LiquidProperties does nothing beyond documenting viscosity: no damage spec, no corrosion, and pH is in the neutral 4..10 band. That is a valid liquid (§3: an empty extension is still a complete, working liquid) — this is a naming/authoring check, not a hard error.
Config error in RM_Fill_SlimeYellow_Trace: RM_LiquidProperties does nothing beyond documenting viscosity: no damage spec, no corrosion, and pH is in the neutral 4..10 band. That is a valid liquid (§3: an empty extension is still a complete, working liquid) — this is a naming/authoring check, not a hard error.
Config error in RM_Fill_SlimeYellow_Half: RM_LiquidProperties does nothing beyond documenting viscosity: no damage spec, no corrosion, and pH is in the neutral 4..10 band. That is a valid liquid (§3: an empty extension is still a complete, working liquid) — this is a naming/authoring check, not a hard error.
Config error in RM_Fill_SlimeYellow_Brim: RM_LiquidProperties does nothing beyond documenting viscosity: no damage spec, no corrosion, and pH is in the neutral 4..10 band. That is a valid liquid (§3: an empty extension is still a complete, working liquid) — this is a naming/authoring check, not a hard error.
Config error in RM_Fill_SlimeYellow_Superdeep: RM_LiquidProperties does nothing beyond documenting viscosity: no damage spec, no corrosion, and pH is in the neutral 4..10 band. That is a valid liquid (§3: an empty extension is still a complete, working liquid) — this is a naming/authoring check, not a hard error.
Config error in RM_Fill_Water_Trace: RM_LiquidProperties does nothing beyond documenting viscosity: no damage spec, no corrosion, and pH is in the neutral 4..10 band. That is a valid liquid (§3: an empty extension is still a complete, working liquid) — this is a naming/authoring check, not a hard error.
Config error in RM_Fill_Water_Half: RM_LiquidProperties does nothing beyond documenting viscosity: no damage spec, no corrosion, and pH is in the neutral 4..10 band. That is a valid liquid (§3: an empty extension is still a complete, working liquid) — this is a naming/authoring check, not a hard error.
Config error in RM_Fill_Water_Brim: RM_LiquidProperties does nothing beyond documenting viscosity: no damage spec, no corrosion, and pH is in the neutral 4..10 band. That is a valid liquid (§3: an empty extension is still a complete, working liquid) — this is a naming/authoring check, not a hard error.
Config error in RM_Fill_Water_Superdeep: RM_LiquidProperties does nothing beyond documenting viscosity: no damage spec, no corrosion, and pH is in the neutral 4..10 band. That is a valid liquid (§3: an empty extension is still a complete, working liquid) — this is a naming/authoring check, not a hard error.
Config error in RM_Fill_Tar_Trace: RM_LiquidProperties does nothing beyond documenting viscosity: no damage spec, no corrosion, and pH is in the neutral 4..10 band. That is a valid liquid (§3: an empty extension is still a complete, working liquid) — this is a naming/authoring check, not a hard error.
Config error in RM_Fill_Tar_Half: RM_LiquidProperties does nothing beyond documenting viscosity: no damage spec, no corrosion, and pH is in the neutral 4..10 band. That is a valid liquid (§3: an empty extension is still a complete, working liquid) — this is a naming/authoring check, not a hard error.
Config error in RM_Fill_Tar_Brim: RM_LiquidProperties does nothing beyond documenting viscosity: no damage spec, no corrosion, and pH is in the neutral 4..10 band. That is a valid liquid (§3: an empty extension is still a complete, working liquid) — this is a naming/authoring check, not a hard error.
Config error in RM_Fill_Tar_Superdeep: RM_LiquidProperties does nothing beyond documenting viscosity: no damage spec, no corrosion, and pH is in the neutral 4..10 band. That is a valid liquid (§3: an empty extension is still a complete, working liquid) — this is a naming/authoring check, not a hard error.
Config error in RM_Churnmud: RM_LiquidProperties does nothing beyond documenting viscosity: no damage spec, no corrosion, and pH is in the neutral 4..10 band. That is a valid liquid (§3: an empty extension is still a complete, working liquid) — this is a naming/authoring check, not a hard error.
Config error in RM_Churnmud: RM_LiquidProperties does nothing beyond documenting viscosity: no damage spec, no corrosion, and pH is in the neutral 4..10 band. That is a valid liquid (§3: an empty extension is still a complete, working liquid) — this is a naming/authoring check, not a hard error.
Config error in RM_CoolantShallow: RM_LiquidProperties does nothing beyond documenting viscosity: no damage spec, no corrosion, and pH is in the neutral 4..10 band. That is a valid liquid (§3: an empty extension is still a complete, working liquid) — this is a naming/authoring check, not a hard error.
Config error in RM_CoolantDeep: RM_LiquidProperties does nothing beyond documenting viscosity: no damage spec, no corrosion, and pH is in the neutral 4..10 band. That is a valid liquid (§3: an empty extension is still a complete, working liquid) — this is a naming/authoring check, not a hard error.
Config error in RM_IchorShallow: RM_LiquidProperties does nothing beyond documenting viscosity: no damage spec, no corrosion, and pH is in the neutral 4..10 band. That is a valid liquid (§3: an empty extension is still a complete, working liquid) — this is a naming/authoring check, not a hard error.
Config error in RM_IchorDeep: RM_LiquidProperties does nothing beyond documenting viscosity: no damage spec, no corrosion, and pH is in the neutral 4..10 band. That is a valid liquid (§3: an empty extension is still a complete, working liquid) — this is a naming/authoring check, not a hard error.
Config error in RM_OozeShallow: RM_LiquidProperties does nothing beyond documenting viscosity: no damage spec, no corrosion, and pH is in the neutral 4..10 band. That is a valid liquid (§3: an empty extension is still a complete, working liquid) — this is a naming/authoring check, not a hard error.
Config error in RM_OozeDeep: RM_LiquidProperties does nothing beyond documenting viscosity: no damage spec, no corrosion, and pH is in the neutral 4..10 band. That is a valid liquid (§3: an empty extension is still a complete, working liquid) — this is a naming/authoring check, not a hard error.
Config error in RM_SlimeYellowShallow: RM_LiquidProperties does nothing beyond documenting viscosity: no damage spec, no corrosion, and pH is in the neutral 4..10 band. That is a valid liquid (§3: an empty extension is still a complete, working liquid) — this is a naming/authoring check, not a hard error.
Config error in RM_SlimeYellowDeep: RM_LiquidProperties does nothing beyond documenting viscosity: no damage spec, no corrosion, and pH is in the neutral 4..10 band. That is a valid liquid (§3: an empty extension is still a complete, working liquid) — this is a naming/authoring check, not a hard error.
Config error in RM_TarShallow: RM_LiquidProperties does nothing beyond documenting viscosity: no damage spec, no corrosion, and pH is in the neutral 4..10 band. That is a valid liquid (§3: an empty extension is still a complete, working liquid) — this is a naming/authoring check, not a hard error.
Config error in RM_TarDeep: RM_LiquidProperties does nothing beyond documenting viscosity: no damage spec, no corrosion, and pH is in the neutral 4..10 band. That is a valid liquid (§3: an empty extension is still a complete, working liquid) — this is a naming/authoring check, not a hard error.
Config error in RM_WaterBrackishShallow: RM_LiquidProperties does nothing beyond documenting viscosity: no damage spec, no corrosion, and pH is in the neutral 4..10 band. That is a valid liquid (§3: an empty extension is still a complete, working liquid) — this is a naming/authoring check, not a hard error.
Config error in RM_WaterBrackishDeep: RM_LiquidProperties does nothing beyond documenting viscosity: no damage spec, no corrosion, and pH is in the neutral 4..10 band. That is a valid liquid (§3: an empty extension is still a complete, working liquid) — this is a naming/authoring check, not a hard error.
Config error in RM_WaterBrineShallow: RM_LiquidProperties does nothing beyond documenting viscosity: no damage spec, no corrosion, and pH is in the neutral 4..10 band. That is a valid liquid (§3: an empty extension is still a complete, working liquid) — this is a naming/authoring check, not a hard error.
Config error in RM_WaterBrineDeep: RM_LiquidProperties does nothing beyond documenting viscosity: no damage spec, no corrosion, and pH is in the neutral 4..10 band. That is a valid liquid (§3: an empty extension is still a complete, working liquid) — this is a naming/authoring check, not a hard error.
Config error in RM_WaterMineralShallow: RM_LiquidProperties does nothing beyond documenting viscosity: no damage spec, no corrosion, and pH is in the neutral 4..10 band. That is a valid liquid (§3: an empty extension is still a complete, working liquid) — this is a naming/authoring check, not a hard error.
Config error in RM_WaterMineralDeep: RM_LiquidProperties does nothing beyond documenting viscosity: no damage spec, no corrosion, and pH is in the neutral 4..10 band. That is a valid liquid (§3: an empty extension is still a complete, working liquid) — this is a naming/authoring check, not a hard error.
Config error in WaterDeep: RM_LiquidProperties does nothing beyond documenting viscosity: no damage spec, no corrosion, and pH is in the neutral 4..10 band. That is a valid liquid (§3: an empty extension is still a complete, working liquid) — this is a naming/authoring check, not a hard error.
Config error in WaterOceanDeep: RM_LiquidProperties does nothing beyond documenting viscosity: no damage spec, no corrosion, and pH is in the neutral 4..10 band. That is a valid liquid (§3: an empty extension is still a complete, working liquid) — this is a naming/authoring check, not a hard error.
Config error in WaterMovingChestDeep: RM_LiquidProperties does nothing beyond documenting viscosity: no damage spec, no corrosion, and pH is in the neutral 4..10 band. That is a valid liquid (§3: an empty extension is still a complete, working liquid) — this is a naming/authoring check, not a hard error.
Config error in WaterShallow: RM_LiquidProperties does nothing beyond documenting viscosity: no damage spec, no corrosion, and pH is in the neutral 4..10 band. That is a valid liquid (§3: an empty extension is still a complete, working liquid) — this is a naming/authoring check, not a hard error.
Config error in WaterOceanShallow: RM_LiquidProperties does nothing beyond documenting viscosity: no damage spec, no corrosion, and pH is in the neutral 4..10 band. That is a valid liquid (§3: an empty extension is still a complete, working liquid) — this is a naming/authoring check, not a hard error.
Config error in WaterMovingShallow: RM_LiquidProperties does nothing beyond documenting viscosity: no damage spec, no corrosion, and pH is in the neutral 4..10 band. That is a valid liquid (§3: an empty extension is still a complete, working liquid) — this is a naming/authoring check, not a hard error.
Config error in Marsh: RM_LiquidProperties does nothing beyond documenting viscosity: no damage spec, no corrosion, and pH is in the neutral 4..10 band. That is a valid liquid (§3: an empty extension is still a complete, working liquid) — this is a naming/authoring check, not a hard error.
Config error in ShallowFloodwater: RM_LiquidProperties does nothing beyond documenting viscosity: no damage spec, no corrosion, and pH is in the neutral 4..10 band. That is a valid liquid (§3: an empty extension is still a complete, working liquid) — this is a naming/authoring check, not a hard error.
Config error in MarshFlood: RM_LiquidProperties does nothing beyond documenting viscosity: no damage spec, no corrosion, and pH is in the neutral 4..10 band. That is a valid liquid (§3: an empty extension is still a complete, working liquid) — this is a naming/authoring check, not a hard error.
Config error in RM_Fill_SlimeRed_Trace: RM_LiquidProperties does nothing beyond documenting viscosity: no damage spec, no corrosion, and pH is in the neutral 4..10 band. That is a valid liquid (§3: an empty extension is still a complete, working liquid) — this is a naming/authoring check, not a hard error.
Config error in RM_Fill_SlimeRed_Half: RM_LiquidProperties does nothing beyond documenting viscosity: no damage spec, no corrosion, and pH is in the neutral 4..10 band. That is a valid liquid (§3: an empty extension is still a complete, working liquid) — this is a naming/authoring check, not a hard error.
Config error in RM_Fill_SlimeRed_Brim: RM_LiquidProperties does nothing beyond documenting viscosity: no damage spec, no corrosion, and pH is in the neutral 4..10 band. That is a valid liquid (§3: an empty extension is still a complete, working liquid) — this is a naming/authoring check, not a hard error.
Config error in RM_Fill_SlimeRed_Superdeep: RM_LiquidProperties does nothing beyond documenting viscosity: no damage spec, no corrosion, and pH is in the neutral 4..10 band. That is a valid liquid (§3: an empty extension is still a complete, working liquid) — this is a naming/authoring check, not a hard error.
Config error in RM_Fill_SlimeGreen_Trace: RM_LiquidProperties does nothing beyond documenting viscosity: no damage spec, no corrosion, and pH is in the neutral 4..10 band. That is a valid liquid (§3: an empty extension is still a complete, working liquid) — this is a naming/authoring check, not a hard error.
Config error in RM_Fill_SlimeGreen_Half: RM_LiquidProperties does nothing beyond documenting viscosity: no damage spec, no corrosion, and pH is in the neutral 4..10 band. That is a valid liquid (§3: an empty extension is still a complete, working liquid) — this is a naming/authoring check, not a hard error.
Config error in RM_Fill_SlimeGreen_Brim: RM_LiquidProperties does nothing beyond documenting viscosity: no damage spec, no corrosion, and pH is in the neutral 4..10 band. That is a valid liquid (§3: an empty extension is still a complete, working liquid) — this is a naming/authoring check, not a hard error.
Config error in RM_Fill_SlimeGreen_Superdeep: RM_LiquidProperties does nothing beyond documenting viscosity: no damage spec, no corrosion, and pH is in the neutral 4..10 band. That is a valid liquid (§3: an empty extension is still a complete, working liquid) — this is a naming/authoring check, not a hard error.
Config error in RM_Fill_SlimeWhite_Trace: RM_LiquidProperties does nothing beyond documenting viscosity: no damage spec, no corrosion, and pH is in the neutral 4..10 band. That is a valid liquid (§3: an empty extension is still a complete, working liquid) — this is a naming/authoring check, not a hard error.
Config error in RM_Fill_SlimeWhite_Half: RM_LiquidProperties does nothing beyond documenting viscosity: no damage spec, no corrosion, and pH is in the neutral 4..10 band. That is a valid liquid (§3: an empty extension is still a complete, working liquid) — this is a naming/authoring check, not a hard error.
Config error in RM_Fill_SlimeWhite_Brim: RM_LiquidProperties does nothing beyond documenting viscosity: no damage spec, no corrosion, and pH is in the neutral 4..10 band. That is a valid liquid (§3: an empty extension is still a complete, working liquid) — this is a naming/authoring check, not a hard error.
Config error in RM_Fill_SlimeWhite_Superdeep: RM_LiquidProperties does nothing beyond documenting viscosity: no damage spec, no corrosion, and pH is in the neutral 4..10 band. That is a valid liquid (§3: an empty extension is still a complete, working liquid) — this is a naming/authoring check, not a hard error.
Config error in RM_Fill_SlimeYellow_Trace: RM_LiquidProperties does nothing beyond documenting viscosity: no damage spec, no corrosion, and pH is in the neutral 4..10 band. That is a valid liquid (§3: an empty extension is still a complete, working liquid) — this is a naming/authoring check, not a hard error.
Config error in RM_Fill_SlimeYellow_Half: RM_LiquidProperties does nothing beyond documenting viscosity: no damage spec, no corrosion, and pH is in the neutral 4..10 band. That is a valid liquid (§3: an empty extension is still a complete, working liquid) — this is a naming/authoring check, not a hard error.
Config error in RM_Fill_SlimeYellow_Brim: RM_LiquidProperties does nothing beyond documenting viscosity: no damage spec, no corrosion, and pH is in the neutral 4..10 band. That is a valid liquid (§3: an empty extension is still a complete, working liquid) — this is a naming/authoring check, not a hard error.
Config error in RM_Fill_SlimeYellow_Superdeep: RM_LiquidProperties does nothing beyond documenting viscosity: no damage spec, no corrosion, and pH is in the neutral 4..10 band. That is a valid liquid (§3: an empty extension is still a complete, working liquid) — this is a naming/authoring check, not a hard error.
Config error in RM_Fill_Water_Trace: RM_LiquidProperties does nothing beyond documenting viscosity: no damage spec, no corrosion, and pH is in the neutral 4..10 band. That is a valid liquid (§3: an empty extension is still a complete, working liquid) — this is a naming/authoring check, not a hard error.
Config error in RM_Fill_Water_Half: RM_LiquidProperties does nothing beyond documenting viscosity: no damage spec, no corrosion, and pH is in the neutral 4..10 band. That is a valid liquid (§3: an empty extension is still a complete, working liquid) — this is a naming/authoring check, not a hard error.
Config error in RM_Fill_Water_Brim: RM_LiquidProperties does nothing beyond documenting viscosity: no damage spec, no corrosion, and pH is in the neutral 4..10 band. That is a valid liquid (§3: an empty extension is still a complete, working liquid) — this is a naming/authoring check, not a hard error.
Config error in RM_Fill_Water_Superdeep: RM_LiquidProperties does nothing beyond documenting viscosity: no damage spec, no corrosion, and pH is in the neutral 4..10 band. That is a valid liquid (§3: an empty extension is still a complete, working liquid) — this is a naming/authoring check, not a hard error.
Config error in RM_Fill_Tar_Trace: RM_LiquidProperties does nothing beyond documenting viscosity: no damage spec, no corrosion, and pH is in the neutral 4..10 band. That is a valid liquid (§3: an empty extension is still a complete, working liquid) — this is a naming/authoring check, not a hard error.
Config error in RM_Fill_Tar_Half: RM_LiquidProperties does nothing beyond documenting viscosity: no damage spec, no corrosion, and pH is in the neutral 4..10 band. That is a valid liquid (§3: an empty extension is still a complete, working liquid) — this is a naming/authoring check, not a hard error.
Config error in RM_Fill_Tar_Brim: RM_LiquidProperties does nothing beyond documenting viscosity: no damage spec, no corrosion, and pH is in the neutral 4..10 band. That is a valid liquid (§3: an empty extension is still a complete, working liquid) — this is a naming/authoring check, not a hard error.
Config error in RM_Fill_Tar_Superdeep: RM_LiquidProperties does nothing beyond documenting viscosity: no damage spec, no corrosion, and pH is in the neutral 4..10 band. That is a valid liquid (§3: an empty extension is still a complete, working liquid) — this is a naming/authoring check, not a hard error.
Config error in RM_Churnmud: RM_LiquidProperties does nothing beyond documenting viscosity: no damage spec, no corrosion, and pH is in the neutral 4..10 band. That is a valid liquid (§3: an empty extension is still a complete, working liquid) — this is a naming/authoring check, not a hard error.
Config error in RM_Churnmud: RM_LiquidProperties does nothing beyond documenting viscosity: no damage spec, no corrosion, and pH is in the neutral 4..10 band. That is a valid liquid (§3: an empty extension is still a complete, working liquid) — this is a naming/authoring check, not a hard error.
Config error in RM_CoolantShallow: RM_LiquidProperties does nothing beyond documenting viscosity: no damage spec, no corrosion, and pH is in the neutral 4..10 band. That is a valid liquid (§3: an empty extension is still a complete, working liquid) — this is a naming/authoring check, not a hard error.
Config error in RM_CoolantDeep: RM_LiquidProperties does nothing beyond documenting viscosity: no damage spec, no corrosion, and pH is in the neutral 4..10 band. That is a valid liquid (§3: an empty extension is still a complete, working liquid) — this is a naming/authoring check, not a hard error.
Config error in RM_IchorShallow: RM_LiquidProperties does nothing beyond documenting viscosity: no damage spec, no corrosion, and pH is in the neutral 4..10 band. That is a valid liquid (§3: an empty extension is still a complete, working liquid) — this is a naming/authoring check, not a hard error.
Config error in RM_IchorDeep: RM_LiquidProperties does nothing beyond documenting viscosity: no damage spec, no corrosion, and pH is in the neutral 4..10 band. That is a valid liquid (§3: an empty extension is still a complete, working liquid) — this is a naming/authoring check, not a hard error.
Config error in RM_OozeShallow: RM_LiquidProperties does nothing beyond documenting viscosity: no damage spec, no corrosion, and pH is in the neutral 4..10 band. That is a valid liquid (§3: an empty extension is still a complete, working liquid) — this is a naming/authoring check, not a hard error.
Config error in RM_OozeDeep: RM_LiquidProperties does nothing beyond documenting viscosity: no damage spec, no corrosion, and pH is in the neutral 4..10 band. That is a valid liquid (§3: an empty extension is still a complete, working liquid) — this is a naming/authoring check, not a hard error.
Config error in RM_SlimeYellowShallow: RM_LiquidProperties does nothing beyond documenting viscosity: no damage spec, no corrosion, and pH is in the neutral 4..10 band. That is a valid liquid (§3: an empty extension is still a complete, working liquid) — this is a naming/authoring check, not a hard error.
Config error in RM_SlimeYellowDeep: RM_LiquidProperties does nothing beyond documenting viscosity: no damage spec, no corrosion, and pH is in the neutral 4..10 band. That is a valid liquid (§3: an empty extension is still a complete, working liquid) — this is a naming/authoring check, not a hard error.
Config error in RM_TarShallow: RM_LiquidProperties does nothing beyond documenting viscosity: no damage spec, no corrosion, and pH is in the neutral 4..10 band. That is a valid liquid (§3: an empty extension is still a complete, working liquid) — this is a naming/authoring check, not a hard error.
Config error in RM_TarDeep: RM_LiquidProperties does nothing beyond documenting viscosity: no damage spec, no corrosion, and pH is in the neutral 4..10 band. That is a valid liquid (§3: an empty extension is still a complete, working liquid) — this is a naming/authoring check, not a hard error.
Config error in RM_WaterBrackishShallow: RM_LiquidProperties does nothing beyond documenting viscosity: no damage spec, no corrosion, and pH is in the neutral 4..10 band. That is a valid liquid (§3: an empty extension is still a complete, working liquid) — this is a naming/authoring check, not a hard error.
Config error in RM_WaterBrackishDeep: RM_LiquidProperties does nothing beyond documenting viscosity: no damage spec, no corrosion, and pH is in the neutral 4..10 band. That is a valid liquid (§3: an empty extension is still a complete, working liquid) — this is a naming/authoring check, not a hard error.
Config error in RM_WaterBrineShallow: RM_LiquidProperties does nothing beyond documenting viscosity: no damage spec, no corrosion, and pH is in the neutral 4..10 band. That is a valid liquid (§3: an empty extension is still a complete, working liquid) — this is a naming/authoring check, not a hard error.
Config error in RM_WaterBrineDeep: RM_LiquidProperties does nothing beyond documenting viscosity: no damage spec, no corrosion, and pH is in the neutral 4..10 band. That is a valid liquid (§3: an empty extension is still a complete, working liquid) — this is a naming/authoring check, not a hard error.
Config error in RM_WaterMineralShallow: RM_LiquidProperties does nothing beyond documenting viscosity: no damage spec, no corrosion, and pH is in the neutral 4..10 band. That is a valid liquid (§3: an empty extension is still a complete, working liquid) — this is a naming/authoring check, not a hard error.
Config error in RM_WaterMineralDeep: RM_LiquidProperties does nothing beyond documenting viscosity: no damage spec, no corrosion, and pH is in the neutral 4..10 band. That is a valid liquid (§3: an empty extension is still a complete, working liquid) — this is a naming/authoring check, not a hard error.
Unloading 5 Unused Serialized files (Serialized files now loaded: 5)
Unloading 97 unused Assets to reduce memory usage. Loaded Objects now: 26631.
Total: 130.578400 ms (FindLiveObjects: 0.834300 ms CreateObjectMapping: 0.872300 ms MarkObjects: 128.604500 ms  DeleteObjects: 0.267100 ms)

[RimBridge] Startup conditions satisfied after play-data load; initializing bridge services.
[RimBridge] Applied 6 late virtual-input patch classes.
[RimBridge] STARTUP_TIMING phase=late-input-patches durationMs=25 elapsedMs=7431
[RimBridge] STARTUP_TIMING phase=capabilities.initialize durationMs=317 elapsedMs=7748
[RimBridge] STARTUP_TIMING phase=logs.initialize durationMs=0 elapsedMs=7748
[RimBridge] STARTUP_TIMING phase=application.run-in-background durationMs=0 elapsedMs=7749
[RimBridge] STARTUP_TIMING phase=debug.playback-defaults durationMs=0 elapsedMs=7749
[RimBridge] STARTUP_TIMING phase=tools.construct durationMs=0 elapsedMs=7749
[RimBridge] STARTUP_TIMING phase=gabp.builder.configure durationMs=0 elapsedMs=7750
[RimBridge] STARTUP_TIMING phase=gabp.server.build durationMs=2 elapsedMs=7752
[RimBridge] STARTUP_TIMING phase=tools.register-core durationMs=3 elapsedMs=7755
[RimBridge] STARTUP_TIMING phase=tools.register-extensions durationMs=1 elapsedMs=7756
[RimBridge] STARTUP_TIMING phase=event-relay.initialize durationMs=0 elapsedMs=7756
[RimBridge] STARTUP_TIMING phase=attention.initialize durationMs=0 elapsedMs=7760
[RimBridge] STARTUP_TIMING phase=gabp.server.start-submit durationMs=29 elapsedMs=7790
[RimBridge] STARTUP_TIMING phase=bridge-start.total durationMs=359 elapsedMs=7790
[RimBridge] STARTUP_TIMING phase=gabp.server.start-async durationMs=29 elapsedMs=7790
[RimBridge] GABP server running standalone on port 5174
[RimBridge] Bridge token: 2b20eb7258ef499b97edb33d99e786c1
