Mono path[0] = 'C:/Program Files (x86)/Steam/steamapps/common/RimWorld/RimWorldWin64_Data/Managed'
Mono config path = 'C:/Program Files (x86)/Steam/steamapps/common/RimWorld/MonoBleedingEdge/etc'
[PhysX] Initialized MultithreadedTaskDispatcher with 14 workers.
Initialize engine version: 2022.3.35f1 (011206c7a712)
[Subsystems] Discovering subsystems at path C:/Program Files (x86)/Steam/steamapps/common/RimWorld/RimWorldWin64_Data/UnitySubsystems
GfxDevice: creating device client; threaded=1; jobified=0
Direct3D:
    Version:  Direct3D 11.0 [level 11.1]
    Renderer: NVIDIA GeForce RTX 5080 (ID=0x2c02)
    Vendor:   NVIDIA
    VRAM:     15977 MB
    Driver:   32.0.15.9186
Begin MonoManager ReloadAssembly
- Loaded All Assemblies, in  0.110 seconds
- Finished resetting the current domain, in  0.001 seconds
<RI> Initializing input.
<RI> Input initialized.
<RI> Initialized touch support.
[PhysX] Initialized MultithreadedTaskDispatcher with 14 workers.
UnloadTime: 0.611200 ms
Command line arguments: -disable-compute-shaders
RimWorld 1.6.4871 rev591
Direct3D: detected that using refresh rate causes time drift. Will stop trusting refresh rate until the game window is moved.
Mod RimUtinni: Aftermath Rites dependency (mandrake.rm.aftermath) needs to have <downloadUrl> and/or <steamWorkshopUrl> specified.
Mod RimMandrake: Utinni — Inhabited (Ash'karr) dependency (mandrake.rm.inhabited) needs to have <downloadUrl> and/or <steamWorkshopUrl> specified.
Mod RimMandrake: Utinni — Weather Suite (Ash'karr) dependency (mandrake.rm.weathersuite) needs to have <downloadUrl> and/or <steamWorkshopUrl> specified.
Mod RimUtinni: Droid Repair Jobs dependency (mandrake.rsw.droidworks) needs to have <downloadUrl> and/or <steamWorkshopUrl> specified.
Mod RimMandrake: Environmental Hazards Kit dependency (mandrake.rm.creaturebehaviors) needs to have <downloadUrl> and/or <steamWorkshopUrl> specified.
Mod RimMandrake: Fever Wood dependency (mandrake.rm.creaturebehaviors) needs to have <downloadUrl> and/or <steamWorkshopUrl> specified.
Mod RimMandrake: Fever Wood dependency (mandrake.rm.environmentalhazards) needs to have <downloadUrl> and/or <steamWorkshopUrl> specified.
Mod RimMandrake: Flooded Canyon dependency (mandrake.rm.flowworks) needs to have <downloadUrl> and/or <steamWorkshopUrl> specified.
Mod RimStarWars: Imperial Graffiti dependency (mandrake.rm.graffiti) needs to have <downloadUrl> and/or <steamWorkshopUrl> specified.
Mod RimMandrake: Greentide dependency (mandrake.rm.creaturebehaviors) needs to have <downloadUrl> and/or <steamWorkshopUrl> specified.
Mod RimUtinni: Greentide Raid Ant dependency (mandrake.rm.creaturebehaviors) needs to have <downloadUrl> and/or <steamWorkshopUrl> specified.
Mod RimMandrake: Hostile Flora dependency (mandrake.rm.creaturebehaviors) needs to have <downloadUrl> and/or <steamWorkshopUrl> specified.
Mod JawaVoice (SpeakUp reskin) dependency (JPT.speakup) needs to have <downloadUrl> and/or <steamWorkshopUrl> specified.
Mod RimMandrake: Leaning Scrub dependency (mandrake.rm.environmentalhazards) needs to have <downloadUrl> and/or <steamWorkshopUrl> specified.
Mod RimMandrake: Utinni — Propane Lake Mechanics dependency (mandrake.rut.patches) needs to have <downloadUrl> and/or <steamWorkshopUrl> specified.
Mod RimMandrake: Utinni — Pyrelands Mechanics dependency (mandrake.rm.pyrelands) needs to have <downloadUrl> and/or <steamWorkshopUrl> specified.
Mod RimMandrake: Utinni — Pyrelands Mechanics dependency (mandrake.rut.patches) needs to have <downloadUrl> and/or <steamWorkshopUrl> specified.
Mod The Rites dependency (mandrake.rut.antiquities) needs to have <downloadUrl> and/or <steamWorkshopUrl> specified.
Mod RimMandrake: the Rust Cathedral dependency (mandrake.rm.creaturebehaviors) needs to have <downloadUrl> and/or <steamWorkshopUrl> specified.
Mod RimMandrake: Utinni — Rust Cathedral Roaches dependency (mandrake.rm.creaturebehaviors) needs to have <downloadUrl> and/or <steamWorkshopUrl> specified.
Mod RimMandrake Sacred Marks dependency (mandrake.rm.graffiti) needs to have <downloadUrl> and/or <steamWorkshopUrl> specified.
Mod RimUtinni: Scarlands Ladder dependency (mandrake.rm.lorestages) needs to have <downloadUrl> and/or <steamWorkshopUrl> specified.
Mod RimMandrake: Ship Vermin dependency (mandrake.rsw.swbestiary) needs to have <downloadUrl> and/or <steamWorkshopUrl> specified.
Mod RimMandrake: Ship Vermin dependency (mandrake.rm.creaturebehaviors) needs to have <downloadUrl> and/or <steamWorkshopUrl> specified.
Mod RimMandrake: SW — Shokk dependency (mandrake.rm.webwork) needs to have <downloadUrl> and/or <steamWorkshopUrl> specified.
Mod RimUtinni: Structure Injections dependency (OskarPotocki.VanillaFactionsExpanded.Core) needs to have <downloadUrl> and/or <steamWorkshopUrl> specified.
Mod RimUtinni: Structure Injections dependency (mandrake.rm.injections) needs to have <downloadUrl> and/or <steamWorkshopUrl> specified.
Mod RimStarWars: Structure Injections dependency (mandrake.rm.injections) needs to have <downloadUrl> and/or <steamWorkshopUrl> specified.
Mod RimMandrake: SW — Bestiary dependency (OskarPotocki.VFE.Insectoid2) needs to have <downloadUrl> and/or <steamWorkshopUrl> specified.
Mod RimMandrake: SW — Bestiary dependency (mandrake.rm.creaturebehaviors) needs to have <downloadUrl> and/or <steamWorkshopUrl> specified.
Mod RimMandrake: SW — Bestiary dependency (sarg.alphaanimals) needs to have <downloadUrl> and/or <steamWorkshopUrl> specified.
Mod RimMandrake: SW — Bestiary dependency (brrainz.harmony) needs to have <downloadUrl> and/or <steamWorkshopUrl> specified.
Mod RimMandrake: Terminal Biomes dependency (mandrake.rm.luminouspigment) needs to have <downloadUrl> and/or <steamWorkshopUrl> specified.
Mod RimMandrake: The Forge dependency (mandrake.rm.environmentalhazards) needs to have <downloadUrl> and/or <steamWorkshopUrl> specified.
Mod RimMandrake: The Rot dependency (mandrake.rm.creaturebehaviors) needs to have <downloadUrl> and/or <steamWorkshopUrl> specified.
Mod RimMandrake: The Rot dependency (mandrake.rm.environmentalhazards) needs to have <downloadUrl> and/or <steamWorkshopUrl> specified.
Mod RimUtinni Patches (Jawa campaign) dependency (mandrake.rm.weathersuite) needs to have <downloadUrl> and/or <steamWorkshopUrl> specified.
Mod RimMandrake: Colony Visibility dependency (brrainz.harmony) needs to have <downloadUrl> and/or <steamWorkshopUrl> specified.
Mod RimMandrake: Webwork dependency (mandrake.rm.creaturebehaviors) needs to have <downloadUrl> and/or <steamWorkshopUrl> specified.
Mod RimMandrake: Weeping Stones dependency (mandrake.rm.environmentalhazards) needs to have <downloadUrl> and/or <steamWorkshopUrl> specified.
Mod VFE Factory Integrated Rimefeller Recipes dependency (VanillaExpanded.VFEFactory) needs to have <downloadUrl> and/or <steamWorkshopUrl> specified.
Mod VFE Factory Integrated Rimefeller Recipes dependency (Dubwise.Rimefeller) needs to have <downloadUrl> and/or <steamWorkshopUrl> specified.
Mod VFE Factory Integrated Rimefeller Recipes dependency (brrainz.harmony) needs to have <downloadUrl> and/or <steamWorkshopUrl> specified.
Mod RimTalk Expand: AI Storyteller dependency (cyberchronicle.rimtalkexperts) needs to have <downloadUrl> and/or <steamWorkshopUrl> specified.
Mod RimTalk Expand: AI Storyteller dependency (brrainz.harmony) needs to have <downloadUrl> and/or <steamWorkshopUrl> specified.
Mod Custom Room Names - RimTalk Addon dependency (cj.Rimtalk) needs to have <downloadUrl> and/or <steamWorkshopUrl> specified.
Mod Custom Room Names - RimTalk Addon dependency (costel.CustomRoomNames) needs to have <downloadUrl> and/or <steamWorkshopUrl> specified.
Mod RimTalk - Expand Literature dependency (cj.rimtalk) needs to have <downloadUrl> and/or <steamWorkshopUrl> specified.
Mod RimTalk - Expand Toddlers dependency (cyanobot.toddlers) needs to have <downloadUrl> and/or <steamWorkshopUrl> specified.
Mod RimTalk - Expand Toddlers dependency (cj.rimtalk) needs to have <downloadUrl> and/or <steamWorkshopUrl> specified.
Mod Large Pawns dependency (brrainz.harmony) needs to have <downloadUrl> and/or <steamWorkshopUrl> specified.
Mod Wood's Muzzle Flash for Ancient urban ruins has a dependency (issaczhuang.muzzleflash) with empty display name.
Mod Wood's Muzzle Flash for Ancient urban ruins dependency (issaczhuang.muzzleflash) needs to have <downloadUrl> and/or <steamWorkshopUrl> specified.
Mod Wood's Muzzle Flash for Ancient urban ruins has a dependency (xmb.ancienturbanruins.mo) with empty display name.
Mod Wood's Muzzle Flash for Ancient urban ruins dependency (xmb.ancienturbanruins.mo) needs to have <downloadUrl> and/or <steamWorkshopUrl> specified.
Mod Forced Xenogerm Implantation dependency (brrainz.harmony) needs to have <downloadUrl> and/or <steamWorkshopUrl> specified.
Exception loading from System.Xml.XmlElement: System.MissingMethodException: Default constructor not found for type System.String
  at System.RuntimeType.CreateInstanceMono (System.Boolean nonPublic, System.Boolean wrapExceptions) [0x00076] in <51fded79cd284d4d911c5949aff4cb21>:0 
  at System.RuntimeType.CreateInstanceSlow (System.Boolean publicOnly, System.Boolean wrapExceptions, System.Boolean skipCheckThis, System.Boolean fillCache) [0x00009] in <51fded79cd284d4d911c5949aff4cb21>:0 
  at System.RuntimeType.CreateInstanceDefaultCtor (System.Boolean publicOnly, System.Boolean skipCheckThis, System.Boolean fillCache, System.Boolean wrapExceptions, System.Threading.StackCrawlMark& stackMark) [0x00027] in <51fded79cd284d4d911c5949aff4cb21>:0 
  at System.Activator.CreateInstance (System.Type type, System.Boolean nonPublic, System.Boolean wrapExceptions) [0x00020] in <51fded79cd284d4d911c5949aff4cb21>:0 
  at System.Activator.CreateInstance (System.Type type, System.Boolean nonPublic) [0x00000] in <51fded79cd284d4d911c5949aff4cb21>:0 
  at System.Activator.CreateInstance (System.Type type) [0x00000] in <51fded79cd284d4d911c5949aff4cb21>:0 
  at Verse.DirectXmlToObject.ObjectFromXml[T] (System.Xml.XmlNode xmlRoot, System.Boolean doPostLoad) [0x0045c] in <61e4173561894da49d210260257b5097>:0 
  at Verse.DirectXmlToObject.ObjectFromXmlReflection[T] (System.Xml.XmlNode xmlRoot, System.Boolean doPostLoad) [0x00000] in <61e4173561894da49d210260257b5097>:0 
  at Verse.DirectXmlToObject.ObjectFromXml[T] (System.Xml.XmlNode xmlRoot, System.Boolean doPostLoad) [0x0060e] in <61e4173561894da49d210260257b5097>:0 
Fallback handler could not load library C:/Program Files (x86)/Steam/steamapps/common/RimWorld/RimWorldWin64_Data/MonoBleedingEdge/data-0000024AE2B47070.dll
Fallback handler could not load library C:/Program Files (x86)/Steam/steamapps/common/RimWorld/RimWorldWin64_Data/MonoBleedingEdge/data-0000024AE2CE6220.dll
[RimBridge] STARTUP_TIMING phase=main-thread.initialize durationMs=0 elapsedMs=0
[RimBridge] Applied essential Harmony patches.
[RimBridge] Applied 56 optional Harmony patch classes.
[RimBridge] STARTUP_TIMING phase=harmony.startup-patches durationMs=162 elapsedMs=162
[RimBridge] STARTUP_TIMING phase=startup.on-mod-constructed durationMs=0 elapsedMs=163
[RimBridge] STARTUP_TIMING phase=mod-constructor.total durationMs=163 elapsedMs=163
Collection cannot init: No textures found at path Things/Plant/RM_Leachmoss
Collection cannot init: No textures found at path Things/Plant/RM_Venomvine
Collection cannot init: No textures found at path Things/Plant/RM_Venomvine
Unloading 5 Unused Serialized files (Serialized files now loaded: 5)
Unloading 97 unused Assets to reduce memory usage. Loaded Objects now: 26887.
Total: 130.557500 ms (FindLiveObjects: 0.809300 ms CreateObjectMapping: 0.869200 ms MarkObjects: 128.582400 ms  DeleteObjects: 0.296300 ms)

[RimBridge] Startup conditions satisfied after play-data load; initializing bridge services.
[RimBridge] Applied 6 late virtual-input patch classes.
[RimBridge] STARTUP_TIMING phase=late-input-patches durationMs=23 elapsedMs=9709
[RimBridge] STARTUP_TIMING phase=capabilities.initialize durationMs=303 elapsedMs=10012
[RimBridge] STARTUP_TIMING phase=logs.initialize durationMs=0 elapsedMs=10013
[RimBridge] STARTUP_TIMING phase=application.run-in-background durationMs=0 elapsedMs=10014
[RimBridge] STARTUP_TIMING phase=debug.playback-defaults durationMs=1 elapsedMs=10015
[RimBridge] STARTUP_TIMING phase=tools.construct durationMs=0 elapsedMs=10015
[RimBridge] STARTUP_TIMING phase=gabp.builder.configure durationMs=0 elapsedMs=10015
[RimBridge] STARTUP_TIMING phase=gabp.server.build durationMs=1 elapsedMs=10016
[RimBridge] STARTUP_TIMING phase=tools.register-core durationMs=3 elapsedMs=10019
[RimBridge] STARTUP_TIMING phase=tools.register-extensions durationMs=1 elapsedMs=10020
[RimBridge] STARTUP_TIMING phase=event-relay.initialize durationMs=0 elapsedMs=10020
[RimBridge] STARTUP_TIMING phase=attention.initialize durationMs=1 elapsedMs=10023
[RimBridge] STARTUP_TIMING phase=gabp.server.start-submit durationMs=25 elapsedMs=10048
[RimBridge] STARTUP_TIMING phase=bridge-start.total durationMs=339 elapsedMs=10048
[RimBridge] STARTUP_TIMING phase=gabp.server.start-async durationMs=25 elapsedMs=10048
[RimBridge] GABP server running standalone on port 5174
[RimBridge] Bridge token: 89c11fc6336a4485bac1714e5f700f6c
