Mono path[0] = 'C:/Program Files (x86)/Steam/steamapps/common/RimWorld/RimWorldWin64_Data/Managed'
Mono config path = 'C:/Program Files (x86)/Steam/steamapps/common/RimWorld/MonoBleedingEdge/etc'
[PhysX] Initialized MultithreadedTaskDispatcher with 14 workers.
Initialize engine version: 2022.3.35f1 (011206c7a712)
[Subsystems] Discovering subsystems at path C:/Program Files (x86)/Steam/steamapps/common/RimWorld/RimWorldWin64_Data/UnitySubsystems
GfxDevice: creating device client; threaded=1; jobified=0
Direct3D:
    Version:  Direct3D 11.0 [level 11.1]
    Renderer: NVIDIA GeForce RTX 5080 (ID=0x2c02)
    Vendor:   NVIDIA
    VRAM:     15977 MB
    Driver:   32.0.15.9186
Begin MonoManager ReloadAssembly
- Loaded All Assemblies, in  0.110 seconds
- Finished resetting the current domain, in  0.001 seconds
<RI> Initializing input.
<RI> Input initialized.
<RI> Initialized touch support.
[PhysX] Initialized MultithreadedTaskDispatcher with 14 workers.
UnloadTime: 0.686200 ms
Command line arguments: -disable-compute-shaders
RimWorld 1.6.4871 rev591
Direct3D: detected that using refresh rate causes time drift. Will stop trusting refresh rate until the game window is moved.
Direct3D: detected that vsync is broken (it does not limit frame rate properly). Delta time will now be calculated using cpu-side time stampling until the game window is moved.
Mod RimMandrake: Aftermath dependency (mandrake.rm.ninefold) needs to have <downloadUrl> and/or <steamWorkshopUrl> specified.
Mod RimUtinni: Aftermath Rites dependency (mandrake.rm.aftermath) needs to have <downloadUrl> and/or <steamWorkshopUrl> specified.
Mod RimMandrake: Utinni — Inhabited (Ash'karr) dependency (mandrake.rm.inhabited) needs to have <downloadUrl> and/or <steamWorkshopUrl> specified.
Mod RimMandrake: Utinni — Weather Suite (Ash'karr) dependency (mandrake.rsw.weathersuite) needs to have <downloadUrl> and/or <steamWorkshopUrl> specified.
Mod Inhabited (local) dependency (mandrake.rm.injections) needs to have <downloadUrl> and/or <steamWorkshopUrl> specified.
Mod Jawa Ikee dependency (sarg.alphaanimals) needs to have <downloadUrl> and/or <steamWorkshopUrl> specified.
Mod JawaVoice (SpeakUp reskin) dependency (JPT.speakup) needs to have <downloadUrl> and/or <steamWorkshopUrl> specified.
Mod RimMandrake: Utinni — Fire Ecology (Pyrelands) dependency (zylle.morevanillabiomes) needs to have <downloadUrl> and/or <steamWorkshopUrl> specified.
Mod RimMandrake: Utinni — Fire Ecology (Pyrelands) dependency (mandrake.rsw.fireecology) needs to have <downloadUrl> and/or <steamWorkshopUrl> specified.
Mod The Rites dependency (mandrake.rut.antiquities) needs to have <downloadUrl> and/or <steamWorkshopUrl> specified.
Mod RimMandrake Sacred Marks dependency (mandrake.rm.graffiti) needs to have <downloadUrl> and/or <steamWorkshopUrl> specified.
Mod RimMandrake: Salvage Claim dependency (mandrake.rm.property) needs to have <downloadUrl> and/or <steamWorkshopUrl> specified.
Mod RimUtinni: Structure Injections dependency (mandrake.rm.injections) needs to have <downloadUrl> and/or <steamWorkshopUrl> specified.
Mod RimStarWars: Structure Injections dependency (mandrake.rm.injections) needs to have <downloadUrl> and/or <steamWorkshopUrl> specified.
Mod RimMandrake: Theft Hauler <packageId> (mandrake.rm.theft_hauler) is not in valid format.
Mod RimMandrake: Theft Hauler dependency (mandrake.rm.property) needs to have <downloadUrl> and/or <steamWorkshopUrl> specified.
Mod RimUtinni: Vault Dungeons dependency (OskarPotocki.VanillaFactionsExpanded.Core) needs to have <downloadUrl> and/or <steamWorkshopUrl> specified.
Mod RimMandrake: Colony Visibility dependency (brrainz.harmony) needs to have <downloadUrl> and/or <steamWorkshopUrl> specified.
Mod RimTalk Expand: AI Storyteller dependency (cyberchronicle.rimtalkexperts) needs to have <downloadUrl> and/or <steamWorkshopUrl> specified.
Mod RimTalk Expand: AI Storyteller dependency (brrainz.harmony) needs to have <downloadUrl> and/or <steamWorkshopUrl> specified.
Mod Custom Room Names - RimTalk Addon dependency (cj.Rimtalk) needs to have <downloadUrl> and/or <steamWorkshopUrl> specified.
Mod Custom Room Names - RimTalk Addon dependency (costel.CustomRoomNames) needs to have <downloadUrl> and/or <steamWorkshopUrl> specified.
Mod RimTalk - Expand Literature dependency (cj.rimtalk) needs to have <downloadUrl> and/or <steamWorkshopUrl> specified.
Mod RimTalk - Expand Toddlers dependency (cyanobot.toddlers) needs to have <downloadUrl> and/or <steamWorkshopUrl> specified.
Mod RimTalk - Expand Toddlers dependency (cj.rimtalk) needs to have <downloadUrl> and/or <steamWorkshopUrl> specified.
Mod Large Pawns dependency (brrainz.harmony) needs to have <downloadUrl> and/or <steamWorkshopUrl> specified.
Mod Wood's Muzzle Flash for Ancient urban ruins has a dependency (issaczhuang.muzzleflash) with empty display name.
Mod Wood's Muzzle Flash for Ancient urban ruins dependency (issaczhuang.muzzleflash) needs to have <downloadUrl> and/or <steamWorkshopUrl> specified.
Mod Wood's Muzzle Flash for Ancient urban ruins has a dependency (xmb.ancienturbanruins.mo) with empty display name.
Mod Wood's Muzzle Flash for Ancient urban ruins dependency (xmb.ancienturbanruins.mo) needs to have <downloadUrl> and/or <steamWorkshopUrl> specified.
Mod Forced Xenogerm Implantation dependency (brrainz.harmony) needs to have <downloadUrl> and/or <steamWorkshopUrl> specified.
Exception loading from System.Xml.XmlElement: System.MissingMethodException: Default constructor not found for type System.String
  at System.RuntimeType.CreateInstanceMono (System.Boolean nonPublic, System.Boolean wrapExceptions) [0x00076] in <51fded79cd284d4d911c5949aff4cb21>:0 
  at System.RuntimeType.CreateInstanceSlow (System.Boolean publicOnly, System.Boolean wrapExceptions, System.Boolean skipCheckThis, System.Boolean fillCache) [0x00009] in <51fded79cd284d4d911c5949aff4cb21>:0 
  at System.RuntimeType.CreateInstanceDefaultCtor (System.Boolean publicOnly, System.Boolean skipCheckThis, System.Boolean fillCache, System.Boolean wrapExceptions, System.Threading.StackCrawlMark& stackMark) [0x00027] in <51fded79cd284d4d911c5949aff4cb21>:0 
  at System.Activator.CreateInstance (System.Type type, System.Boolean nonPublic, System.Boolean wrapExceptions) [0x00020] in <51fded79cd284d4d911c5949aff4cb21>:0 
  at System.Activator.CreateInstance (System.Type type, System.Boolean nonPublic) [0x00000] in <51fded79cd284d4d911c5949aff4cb21>:0 
  at System.Activator.CreateInstance (System.Type type) [0x00000] in <51fded79cd284d4d911c5949aff4cb21>:0 
  at Verse.DirectXmlToObject.ObjectFromXml[T] (System.Xml.XmlNode xmlRoot, System.Boolean doPostLoad) [0x0045c] in <61e4173561894da49d210260257b5097>:0 
  at Verse.DirectXmlToObject.ObjectFromXmlReflection[T] (System.Xml.XmlNode xmlRoot, System.Boolean doPostLoad) [0x00000] in <61e4173561894da49d210260257b5097>:0 
  at Verse.DirectXmlToObject.ObjectFromXml[T] (System.Xml.XmlNode xmlRoot, System.Boolean doPostLoad) [0x0060e] in <61e4173561894da49d210260257b5097>:0 
Fallback handler could not load library C:/Program Files (x86)/Steam/steamapps/common/RimWorld/RimWorldWin64_Data/MonoBleedingEdge/data-000001A15A8EB010.dll
Fallback handler could not load library C:/Program Files (x86)/Steam/steamapps/common/RimWorld/RimWorldWin64_Data/MonoBleedingEdge/data-000001A15AC56800.dll
[RimBridge] STARTUP_TIMING phase=main-thread.initialize durationMs=0 elapsedMs=0
[RimBridge] Applied essential Harmony patches.
[RimBridge] Applied 56 optional Harmony patch classes.
[RimBridge] STARTUP_TIMING phase=harmony.startup-patches durationMs=138 elapsedMs=138
[RimBridge] STARTUP_TIMING phase=startup.on-mod-constructed durationMs=0 elapsedMs=138
[RimBridge] STARTUP_TIMING phase=mod-constructor.total durationMs=138 elapsedMs=138
Fallback handler could not load library C:/Program Files (x86)/Steam/steamapps/common/RimWorld/RimWorldWin64_Data/MonoBleedingEdge/data-000001A15E2C8010.dll
[TrueTerrainColors v1.12.26.1] Loaded cached true colors for 1766 terrain defs from file.
[Geological Landforms v1.7.13.1] Found landform data in the following mods: Geological Landforms
[Geological Landforms v1.7.13.1] Loaded 45 landforms of which 0 are edited and 1 are custom.
[LunarFramework v1.1.17] Processed 8 Harmony patches in 79 ms.
Unloading 5 Unused Serialized files (Serialized files now loaded: 6)
Unloading 152 unused Assets to reduce memory usage. Loaded Objects now: 35874.
Total: 131.495100 ms (FindLiveObjects: 1.305200 ms CreateObjectMapping: 1.236700 ms MarkObjects: 128.627000 ms  DeleteObjects: 0.326000 ms)

[RimBridge] Startup conditions satisfied after play-data load; initializing bridge services.
[RimBridge] Applied 6 late virtual-input patch classes.
[RimBridge] STARTUP_TIMING phase=late-input-patches durationMs=19 elapsedMs=9070
[RimBridge] STARTUP_TIMING phase=capabilities.initialize durationMs=733 elapsedMs=9803
[RimBridge] STARTUP_TIMING phase=logs.initialize durationMs=0 elapsedMs=9803
[RimBridge] STARTUP_TIMING phase=application.run-in-background durationMs=0 elapsedMs=9804
[RimBridge] STARTUP_TIMING phase=debug.playback-defaults durationMs=0 elapsedMs=9805
[RimBridge] STARTUP_TIMING phase=tools.construct durationMs=0 elapsedMs=9805
[RimBridge] STARTUP_TIMING phase=gabp.builder.configure durationMs=0 elapsedMs=9805
[RimBridge] STARTUP_TIMING phase=gabp.server.build durationMs=1 elapsedMs=9806
[RimBridge] STARTUP_TIMING phase=tools.register-core durationMs=2 elapsedMs=9808
[RimBridge] STARTUP_TIMING phase=tools.register-extensions durationMs=1 elapsedMs=9809
[RimBridge] STARTUP_TIMING phase=event-relay.initialize durationMs=0 elapsedMs=9809
[RimBridge] STARTUP_TIMING phase=attention.initialize durationMs=0 elapsedMs=9812
[RimBridge] STARTUP_TIMING phase=gabp.server.start-submit durationMs=6 elapsedMs=9818
[RimBridge] STARTUP_TIMING phase=bridge-start.total durationMs=748 elapsedMs=9818
[RimBridge] STARTUP_TIMING phase=gabp.server.start-async durationMs=6 elapsedMs=9818
[RimBridge] GABP server running standalone on port 5174
[RimBridge] Bridge token: 45a682c3ff94473089353a3be0f14b94
Unloading 3 Unused Serialized files (Serialized files now loaded: 6)
[PhysX] Initialized MultithreadedTaskDispatcher with 14 workers.
UnloadTime: 0.879600 ms
Unloading 2 unused Assets to reduce memory usage. Loaded Objects now: 36068.
Total: 148.667200 ms (FindLiveObjects: 2.300600 ms CreateObjectMapping: 1.050400 ms MarkObjects: 145.267400 ms  DeleteObjects: 0.048700 ms)

Initializing new game with mods:
  - brrainz.harmony
  - Ludeon.RimWorld
  - Ludeon.RimWorld.Royalty
  - Ludeon.RimWorld.Ideology
  - Ludeon.RimWorld.Biotech
  - Ludeon.RimWorld.Anomaly
  - Ludeon.RimWorld.Odyssey
  - brrainz.rimbridgeserver
  - m00nl1ght.GeologicalLandforms
[Geological Landforms v1.7.13.1] Map generator context: TileId: 31144, Landforms: RUT_Gen_02, BiomeVariants: None, Topology: Inland, TopologyDirection: North (F)
Unloading 0 Unused Serialized files (Serialized files now loaded: 6)
Unloading 1 unused Assets to reduce memory usage. Loaded Objects now: 41990.
Total: 172.790100 ms (FindLiveObjects: 1.438200 ms CreateObjectMapping: 1.367200 ms MarkObjects: 169.919100 ms  DeleteObjects: 0.065400 ms)

[JawaBench] ready: 314 tools, build b84a5b9e5037
[JawaBench] argument guard installed on RimBridgeServer.AnnotatedExtensionCapabilityProvider.BindArguments - a tool argument matching no declared parameter is now RECORDED (not refused; strict mode is opt-in).
[JawaBench] log auto-open suppressor installed on Verse.Log.TryOpenLogWindow - suppressed=True. The debug menu's manual log window is a separate code path and is unaffected.
[JawaBench] context: modSet 9/8ffb0c67, toolSet c8eb0bbc, defDump no, engine 1.6.4871 rev591
[RimBridge] Camera zoom extension enabled for this session (0..100).
