
  sheet      \\wsl.localhost\Ubuntu\home\mandrake\rm\bench\Transient\biome_ffar\feverwood_sheet_2026-10-05.html
  decisions  \\wsl.localhost\Ubuntu\home\mandrake\rm\bench\Transient\biome_ffar\feverwood_sheet_2026-10-05.decisions.json
             38 rows · 38 decided · NEVER reviewed (pre-fill only)
  serving    http://localhost:39151/?t=Gf16hOwPEcv6SaQ8b55L2g
             (WSL: bound 0.0.0.0 because the WSL2 loopback relay is unreliable;
              the ?t= token is what gates writes. Windows browser uses localhost.)
  stop       Ctrl-C

  "GET /?t=Gf16hOwPEcv6SaQ8b55L2g HTTP/1.1" 200 -
  "GET /?t=Gf16hOwPEcv6SaQ8b55L2g HTTP/1.1" 200 -
  "GET /?t=Gf16hOwPEcv6SaQ8b55L2g HTTP/1.1" 200 -
  "GET /decisions HTTP/1.1" 200 -
  "GET /img/ab6fe7dddc74a1009565.webp HTTP/1.1" 200 -
  "GET /img/c840dac0441be38e353f.webp HTTP/1.1" 200 -
  "GET /img/47b6358f423419407d6f.webp HTTP/1.1" 200 -
  "GET /img/1e5f05b071fddb47b3da.webp HTTP/1.1" 200 -
  "GET /img/scale_RM_Chellow_ab6fe7dddc_7b4914.png HTTP/1.1" 200 -
  "GET /img/434ede4062cc7b315305.webp HTTP/1.1" 200 -
  "GET /img/2d92cc0fc3df0d66c7ee.webp HTTP/1.1" 200 -
  "GET /img/b1ea569c7f64bf0c458b.webp HTTP/1.1" 200 -
  "GET /img/scale_RM_Drommath_2d92cc0fc3_06cc1c.png HTTP/1.1" 200 -
  "GET /img/105e206407cfe8e172a1.webp HTTP/1.1" 200 -
  "GET /img/7f0dd63333922a65b055.webp HTTP/1.1" 200 -
  "GET /img/c9a3a0d102da77808d92.webp HTTP/1.1" 200 -
  "GET /img/c3ecfa24e621d698b0e1.webp HTTP/1.1" 200 -
  "GET /img/aeab59b09f628d6f4c6d.webp HTTP/1.1" 200 -
  "GET /img/5d0edfeb870f01718510.webp HTTP/1.1" 200 -
  "GET /img/c7080ff1dae25dab5ab0.webp HTTP/1.1" 200 -
  "GET /img/65bdae211f776694ec2d.webp HTTP/1.1" 200 -
  "GET /favicon.ico HTTP/1.1" 204 -
  "GET /img/8aeaa19be489fb9df403.webp HTTP/1.1" 200 -
  "GET /img/4ca240f988942f61e2a9.webp HTTP/1.1" 200 -
  "GET /img/90a5e2f4b3627102bf47.webp HTTP/1.1" 200 -
  "GET /img/145431db3db7e1a85e20.webp HTTP/1.1" 200 -
  "GET /img/bf0931a3e3fb59364788.webp HTTP/1.1" 200 -
  "GET /img/80cfce42e3d9ea3f4149.webp HTTP/1.1" 200 -
  "GET /img/91e0b73b459ad1b340e6.webp HTTP/1.1" 200 -
  "GET /img/8c6d4708bd91827ecb91.webp HTTP/1.1" 200 -
  "GET /img/7805a6c8e8a9504818bc.webp HTTP/1.1" 200 -
  "GET /img/25f6bccdb4c11029c9d6.webp HTTP/1.1" 200 -
  "GET /img/8e88b1702c508ff73ef6.webp HTTP/1.1" 200 -
  "GET /img/scale_RSW_Fambaa_105e206407_ddc59b.png HTTP/1.1" 200 -
  "GET /img/43a7aa2291b1839d5a43.webp HTTP/1.1" 200 -
  "GET /img/2728867d872fde834d66.webp HTTP/1.1" 200 -
  "GET /img/782be82e18aaf928d0f6.webp HTTP/1.1" 200 -
  "GET /img/6abd2d80da8a09c32715.webp HTTP/1.1" 200 -
  "GET /img/80f34fa32f8850459378.webp HTTP/1.1" 200 -
  "GET /img/35433b062cf682a630d3.webp HTTP/1.1" 200 -
  "GET /img/06c241a95ee0ac436e7a.webp HTTP/1.1" 200 -
  "GET /img/3c162262297be12804a8.webp HTTP/1.1" 200 -
  "GET /img/e96090dd1848d2594161.webp HTTP/1.1" 200 -
  "GET /img/scale_RSW_Gelagrub_80f34fa32f_c6e4b1.png HTTP/1.1" 200 -
  "GET /img/b4e3eea4840ad110c940.webp HTTP/1.1" 200 -
  "GET /img/ef60ab98fa34c23ce977.webp HTTP/1.1" 200 -
  "GET /img/54b873af5e998e3a278c.webp HTTP/1.1" 200 -
  "GET /img/f9788bf543648cdcd585.webp HTTP/1.1" 200 -
  "GET /img/7f718bc25e76bd86e28a.webp HTTP/1.1" 200 -
  "GET /img/332f4e6dedd7f38df2ae.webp HTTP/1.1" 200 -
  "GET /img/7b680fb69d0dfe616c14.webp HTTP/1.1" 200 -
  "GET /img/scale_VFEI2_Megathrips_ef60ab98fa_9a4286.png HTTP/1.1" 200 -
  "GET /img/0bf1f96e97ca15582c85.webp HTTP/1.1" 200 -
  "GET /img/4cf5bdffe576cb9c735c.webp HTTP/1.1" 200 -
  "GET /img/cd9244f5a57e7a021b06.webp HTTP/1.1" 200 -
  "GET /img/scale_RM_Murrelith_7b680fb69d_a11511.png HTTP/1.1" 200 -
  "GET /img/8140e74b3c632a89afbc.webp HTTP/1.1" 200 -
  "GET /img/aed678e3adb39a376d6b.webp HTTP/1.1" 200 -
  "GET /img/66936a7c2bc87ac65aaa.webp HTTP/1.1" 200 -
  "GET /img/b347f5280e9fb2aa0dcf.webp HTTP/1.1" 200 -
  "GET /img/d682bd53d4888a212fb9.webp HTTP/1.1" 200 -
  "GET /img/a578e325bfdfab8ac545.webp HTTP/1.1" 200 -
  "GET /img/d52d491b83afcd6705e2.webp HTTP/1.1" 200 -
  "GET /img/6cb1a6951fe2db7b3c08.webp HTTP/1.1" 200 -
  "GET /img/faa1dc986f17054cb20d.webp HTTP/1.1" 200 -
  "GET /img/32a2409950576da1c131.webp HTTP/1.1" 200 -
  "GET /img/454b124b9892052ba9e2.webp HTTP/1.1" 200 -
  "GET /img/7f5a1b03b56e88bce921.webp HTTP/1.1" 200 -
  "GET /img/94337b21463b22cd31ae.webp HTTP/1.1" 200 -
  "GET /img/b8fc8a62f6e3d7b1bc49.webp HTTP/1.1" 200 -
  "GET /img/scale_RSW_Nuna_66936a7c2b_6e0a8b.png HTTP/1.1" 200 -
  "GET /img/a502c7cabfbb362a4fa7.webp HTTP/1.1" 200 -
  "GET /img/f351c737b9c5c856477d.webp HTTP/1.1" 200 -
  "GET /img/4ef01bf7998db113f517.webp HTTP/1.1" 200 -
  "GET /img/76046436c3c5bd87a903.webp HTTP/1.1" 200 -
  "GET /img/86144584ee6fdbd82f67.webp HTTP/1.1" 200 -
  "GET /img/scale_RM_Ollareth_86144584ee_a11511.png HTTP/1.1" 200 -
  "GET /img/0017c5834ff692d93cc5.webp HTTP/1.1" 200 -
  "GET /img/66629fb07fe02bb795e9.webp HTTP/1.1" 200 -
  "GET /img/8ed88508dc38ba8cc3c2.webp HTTP/1.1" 200 -
  "GET /img/e785c5a96cf8527e52d7.webp HTTP/1.1" 200 -
  "GET /img/cfdb749e798eec564475.webp HTTP/1.1" 200 -
  "GET /img/scale_RM_Skellick_0017c5834f_dcce8d.png HTTP/1.1" 200 -
  "GET /img/5b64a4c002a58728b969.webp HTTP/1.1" 200 -
  "GET /img/3e102f74e94d3817007c.webp HTTP/1.1" 200 -
  "GET /img/366f2c9240b30dc76ef6.webp HTTP/1.1" 200 -
  "GET /img/268b3b6d7cb0b9419ba8.webp HTTP/1.1" 200 -
  "GET /img/54847e7e734444bf6cbd.webp HTTP/1.1" 200 -
  "GET /img/scale_RM_Thavrik_e785c5a96c_dfce9d.png HTTP/1.1" 200 -
  "GET /img/1962718829a147b4da06.webp HTTP/1.1" 200 -
  "GET /img/scale_RM_Thornbug_366f2c9240_06cc1c.png HTTP/1.1" 200 -
  "GET /img/02b841475de79a4d36f8.webp HTTP/1.1" 200 -
  "GET /img/a296180a26485192f140.webp HTTP/1.1" 200 -
  "GET /img/scale_RM_Vaulm_02b841475d_a11511.png HTTP/1.1" 200 -
  "GET /img/3b81cbfba50aace074c7.webp HTTP/1.1" 200 -
  "GET /img/c0cddc3482f52e168e31.webp HTTP/1.1" 200 -
  "GET /img/25b911d827a8be59ea71.webp HTTP/1.1" 200 -
  "GET /img/scale_RM_Cistrel_25b911d827_6a8770.png HTTP/1.1" 200 -
  "GET /img/069a3293603b7b07335c.webp HTTP/1.1" 200 -
  "GET /img/7b048b01f0a83e704320.webp HTTP/1.1" 200 -
  "GET /img/2d8b9724ff6d3d685da0.webp HTTP/1.1" 200 -
  "GET /img/scale_RM_Ammeth_25b911d827_e76285.png HTTP/1.1" 200 -
  "GET /img/a19ead51a7da47f5122e.webp HTTP/1.1" 200 -
  "GET /img/816cf4e9de3d0c67da13.webp HTTP/1.1" 200 -
  "GET /img/scale_RM_Claithe_069a329360_6a8770.png HTTP/1.1" 200 -
  "GET /img/scale_RM_Corvath_069a329360_e60e5b.png HTTP/1.1" 200 -
  "GET /img/scale_RM_GiantLeaf_816cf4e9de_209d50.png HTTP/1.1" 200 -
  "GET /img/238307afc832b9d10508.webp HTTP/1.1" 200 -
  "GET /img/39b968254fc0c85cab62.webp HTTP/1.1" 200 -
  "GET /img/scale_RM_Halquin_25b911d827_ca2c96.png HTTP/1.1" 200 -
  "GET /img/f14d780a43eef6c80532.webp HTTP/1.1" 200 -
  "GET /img/2915e2f896d4d0673a58.webp HTTP/1.1" 200 -
  "GET /img/d1d29ffecf631507d18c.webp HTTP/1.1" 200 -
  "GET /img/scale_Plant_HydenockTree_Wild_f14d780a43_313c52.png HTTP/1.1" 200 -
  "GET /img/4049a36c5c68562da91b.webp HTTP/1.1" 200 -
  "GET /img/fbe4f2495996d9e05d49.webp HTTP/1.1" 200 -
  "GET /img/scale_Plant_JoganTree_Wild_2915e2f896_313c52.png HTTP/1.1" 200 -
  "GET /img/scale_RM_Maulith_25b911d827_32a493.png HTTP/1.1" 200 -
  "GET /img/afb026cdcdb9245acfdb.webp HTTP/1.1" 200 -
  "GET /img/scale_RM_Nubrith_25b911d827_ca2c96.png HTTP/1.1" 200 -
  "GET /img/45e8d88fb8ba2f73f97c.webp HTTP/1.1" 200 -
  "GET /img/c3add4c5594a571f38fa.webp HTTP/1.1" 200 -
  "GET /img/scale_RM_Ossagrel_45e8d88fb8_e76285.png HTTP/1.1" 200 -
  "GET /img/scale_RM_Plennith_25b911d827_c2df5c.png HTTP/1.1" 200 -
  "GET /img/dd850c3183fa5f7f2ccc.webp HTTP/1.1" 200 -
  "GET /img/scale_RM_Seepril_069a329360_ca2c96.png HTTP/1.1" 200 -
  "GET /img/a1dd249a73aad0e68bf6.webp HTTP/1.1" 200 -
  "GET /img/5860971588dfcbeb89f4.webp HTTP/1.1" 200 -
  "GET /img/scale_RM_Skethral_a1dd249a73_380e57.png HTTP/1.1" 200 -
  "GET /img/c9135bff70ffa299824c.webp HTTP/1.1" 200 -
  "GET /img/scale_RM_Skimmel_c9135bff70_ca2c96.png HTTP/1.1" 200 -
  "GET /img/ba54d688b525a07006ad.webp HTTP/1.1" 200 -
  "GET /img/394de89470e1c6631918.webp HTTP/1.1" 200 -
  "GET /img/scale_RM_Sodderel_069a329360_313c52.png HTTP/1.1" 200 -
  "GET /img/88ade78d2e7ad7c99d99.webp HTTP/1.1" 200 -
  "GET /img/scale_RM_Thulvane_a1dd249a73_e63056.png HTTP/1.1" 200 -
  "GET /img/scale_RM_Tullick_c9135bff70_e60e5b.png HTTP/1.1" 200 -
  "GET /img/bb8acc77530e323553c6.webp HTTP/1.1" 200 -
  "GET /img/84b3241627677cbc345b.webp HTTP/1.1" 200 -
  "GET /img/scale_RM_Varnoth_a1dd249a73_55c022.png HTTP/1.1" 200 -
  "GET /img/93370c52b55c9be05d5b.webp HTTP/1.1" 200 -
  "GET /img/64b79ee921506142353f.webp HTTP/1.1" 200 -
  "GET /img/scale_RM_Wanlith_c9135bff70_761a37.png HTTP/1.1" 200 -
  "GET /img/scale_RM_Verrow_25b911d827_813cbb.png HTTP/1.1" 200 -
  "GET /img/93c3d7d58fab40a0826a.webp HTTP/1.1" 200 -
  "GET /img/b3f22c3fad897eed7d6e.webp HTTP/1.1" 200 -
  "GET /img/c46a6827df6faae87f1c.webp HTTP/1.1" 200 -
  "GET /img/c02dd654f26961c188eb.webp HTTP/1.1" 200 -
  "GET /img/296f437d6d9ed1daa204.webp HTTP/1.1" 200 -
  "GET /img/980b49b06f96675a3e09.webp HTTP/1.1" 200 -
  "GET /img/fa7ef3949ca880b50a9f.webp HTTP/1.1" 200 -
  "GET /img/52fb2d350a99cd931e32.webp HTTP/1.1" 200 -
  "GET /img/fa71044cbca1efb3f746.webp HTTP/1.1" 200 -
  "GET /img/scale_RSW_Convor_b3f22c3fad_6e0a8b.png HTTP/1.1" 200 -
  "GET /img/babce8a537df1b719786.webp HTTP/1.1" 200 -
  "GET /img/6a0a625b4bece650def4.webp HTTP/1.1" 200 -
  "GET /img/29e65439316caebc0954.webp HTTP/1.1" 200 -
  "GET /img/94a7bc9b2e957f2908b8.webp HTTP/1.1" 200 -
  "GET /img/a25eb22b2b48e84acc22.webp HTTP/1.1" 200 -
  "GET /img/acae07b9b0ed328e5a72.webp HTTP/1.1" 200 -
  "GET /img/2cb6096cfef81812aa7e.webp HTTP/1.1" 200 -
  "GET /img/922744c0d5c845a460e2.webp HTTP/1.1" 200 -
  "GET /img/428edd9fe12cceb8c9a0.webp HTTP/1.1" 200 -
  "GET /img/c37397bd2d5c309f089b.webp HTTP/1.1" 200 -
  "GET /img/b690aebb5166461428d3.webp HTTP/1.1" 200 -
  "GET /img/f01ec92b6ca1b2a978d4.webp HTTP/1.1" 200 -
  "GET /img/a689db478c1ba40f409c.webp HTTP/1.1" 200 -
  "GET /img/3a6a1a8efc91cc92cd5d.webp HTTP/1.1" 200 -
  "GET /img/404320615879e39af5c2.webp HTTP/1.1" 200 -
  "GET /img/7d765b4e5cfaa4a9007b.webp HTTP/1.1" 200 -
  "GET /img/593713551df225dce471.webp HTTP/1.1" 200 -
  "GET /img/47e54403e4871a702896.webp HTTP/1.1" 200 -
  "GET /img/beee62668832199955fa.webp HTTP/1.1" 200 -
  "GET /img/0feb85d378cbbf31c695.webp HTTP/1.1" 200 -
  "GET /img/a29455b5b8182d689e2f.webp HTTP/1.1" 200 -
  "GET /img/ab4d592ab2bbdbe69521.webp HTTP/1.1" 200 -
  "GET /img/e010dcef817cbc7c4033.webp HTTP/1.1" 200 -
  "GET /img/57f4519230ba07c20fe8.webp HTTP/1.1" 200 -
  "GET /img/d99538682a448084a448.webp HTTP/1.1" 200 -
  "GET /img/61dc060c32b633a0e2ae.webp HTTP/1.1" 200 -
  "GET /img/b1af40525b8033f45c21.webp HTTP/1.1" 200 -
  "GET /img/07ab933f1ae0e91ce571.webp HTTP/1.1" 200 -
  "GET /img/1c83168a0137eb0c05d0.webp HTTP/1.1" 200 -
  "GET /img/df60cdfc32dccfa9b586.webp HTTP/1.1" 200 -
  "GET /img/2e4f61064bc92d7704fd.webp HTTP/1.1" 200 -
  "GET /img/6a5017f474b20f29cd46.webp HTTP/1.1" 200 -
  "GET /img/d0c6409f4a26cea787d9.webp HTTP/1.1" 200 -
  "GET /img/46e1886f085fb52ab979.webp HTTP/1.1" 200 -
  "GET /img/c3a56038087947c5e39f.webp HTTP/1.1" 200 -
  "GET /img/a7fe59cba8b696f1de78.webp HTTP/1.1" 200 -
  "GET /img/b913ebcc607fd0ec8f28.webp HTTP/1.1" 200 -
  "GET /img/962a08fb1253ea9baf47.webp HTTP/1.1" 200 -
  "GET /img/67984893e4653aede035.webp HTTP/1.1" 200 -
  "GET /img/4e87d202438a651061e1.webp HTTP/1.1" 200 -
  "GET /img/scale_RSW_LongtailGorg_07ab933f1a_2e4345.png HTTP/1.1" 200 -
  "GET /img/2a7f10b5928b2db6b6ef.webp HTTP/1.1" 200 -
  "GET /img/adda04cbe6ddb4f59e74.webp HTTP/1.1" 200 -
  "GET /img/2f152f938b6bdf3753eb.webp HTTP/1.1" 200 -
  "GET /img/939926fe3b36410f0dfe.webp HTTP/1.1" 200 -
  "GET /img/e54e6d177caabf5ca7ef.webp HTTP/1.1" 200 -
  "GET /img/scale_RSW_Urusai_2f152f938b_1020a1.png HTTP/1.1" 200 -
  "GET /img/3aa4bfc7cdc9d0393458.webp HTTP/1.1" 200 -
  "GET /img/36095342804bea018d3a.webp HTTP/1.1" 200 -
  "GET /img/ef28c50b6b53c09929d8.webp HTTP/1.1" 200 -
  "GET /img/669d1d32882758ba0046.webp HTTP/1.1" 200 -
  "GET /img/eaf1975e5e7c87ca5011.webp HTTP/1.1" 200 -
  "GET /img/e6f8baecbe4afac09be5.webp HTTP/1.1" 200 -
  "GET /img/d569212f02a99d54c657.webp HTTP/1.1" 200 -
  "GET /img/c959b7fc4dbfed12b16e.webp HTTP/1.1" 200 -
  "GET /img/f685c0e91711ac58f7ef.webp HTTP/1.1" 200 -
  "GET /img/dae7f44dd8b158a0bd57.webp HTTP/1.1" 200 -
  "GET /img/6dea12f8e1a599a427ce.webp HTTP/1.1" 200 -
  "GET /img/7ae19b20bf1f5119c3a4.webp HTTP/1.1" 200 -
  "GET /img/scale_RSW_Whisperbird_eaf1975e5e_1020a1.png HTTP/1.1" 200 -
  "GET /img/e3ce3e55a5b6c4f5a6d9.webp HTTP/1.1" 200 -
  "GET /img/9719fa6ae5e057be04fc.webp HTTP/1.1" 200 -
  "GET /img/d59f0ab79393f3f2f033.webp HTTP/1.1" 200 -
  "GET /img/a98e54c8442fbc5a989c.webp HTTP/1.1" 200 -
  "GET /img/scale_RSW_Plant_Chakroot_Wild_9719fa6ae5_1f93a7.png HTTP/1.1" 200 -
  "GET /?t=Gf16hOwPEcv6SaQ8b55L2g HTTP/1.1" 200 -
  "GET /?t=Gf16hOwPEcv6SaQ8b55L2g HTTP/1.1" 200 -
  "GET /?t=Gf16hOwPEcv6SaQ8b55L2g HTTP/1.1" 200 -
  "GET /?t=Gf16hOwPEcv6SaQ8b55L2g HTTP/1.1" 200 -
