
  sheet      \\wsl.localhost\Ubuntu\home\mandrake\rm\bench\Transient\biome_ffar\pyrelands_sheet_2026-10-05.html
  decisions  \\wsl.localhost\Ubuntu\home\mandrake\rm\bench\Transient\biome_ffar\pyrelands_sheet_2026-10-05.decisions.json
             18 rows · 18 decided · reviewed
  serving    http://localhost:38687/?t=jSg6QSfkAnAHwepOv1AAsQ
             (WSL: bound 0.0.0.0 because the WSL2 loopback relay is unreliable;
              the ?t= token is what gates writes. Windows browser uses localhost.)
  stop       Ctrl-C

  "GET /?t=jSg6QSfkAnAHwepOv1AAsQ HTTP/1.1" 200 -
  "GET /?t=jSg6QSfkAnAHwepOv1AAsQ HTTP/1.1" 200 -
  "GET /?t=jSg6QSfkAnAHwepOv1AAsQ HTTP/1.1" 200 -
  "GET /?t=jSg6QSfkAnAHwepOv1AAsQ HTTP/1.1" 200 -
  "GET /decisions HTTP/1.1" 200 -
  "GET /img/scale_RM_Ashwallow_8a4a8e8bc5_375a50.png HTTP/1.1" 200 -
  "GET /img/scale_RM_Barbslinger_bbaf33113a_c28c75.png HTTP/1.1" 200 -
  "GET /img/scale_RSW_Dalgo_3c899a7822_b64424.png HTTP/1.1" 200 -
  "GET /img/scale_RM_Emberscythe_20ee13cf94_ae58cb.png HTTP/1.1" 200 -
  "GET /img/b5b70b2487df689cc243.webp HTTP/1.1" 200 -
  "GET /img/ec847d3e66917a7af39b.webp HTTP/1.1" 200 -
  "GET /img/scale_RM_FireWasp_a3b66c8568_c28c75.png HTTP/1.1" 200 -
  "GET /img/03bc70df127e8ca11541.webp HTTP/1.1" 200 -
  "GET /img/17886c37d3fa6ee7d26a.webp HTTP/1.1" 200 -
  "GET /img/88e12af7baa3965f07af.webp HTTP/1.1" 200 -
  "GET /img/bf634e7328a93e4d22a6.webp HTTP/1.1" 200 -
  "GET /img/914df485d9ce798ea94c.webp HTTP/1.1" 200 -
  "GET /img/595e99efd30d2739425c.webp HTTP/1.1" 200 -
  "GET /img/f5a3d2bad0b494a7d899.webp HTTP/1.1" 200 -
  "GET /img/8a4a8e8bc5d902d1eabc.webp HTTP/1.1" 200 -
  "GET /img/f5817a6d9ee868902e88.webp HTTP/1.1" 200 -
  "GET /favicon.ico HTTP/1.1" 204 -
  "GET /img/45b4ff6b472530e96ce4.webp HTTP/1.1" 200 -
  "GET /img/4ae28d27b7a365522375.webp HTTP/1.1" 200 -
  "GET /img/372522174a2f6bc6ecea.webp HTTP/1.1" 200 -
  "GET /img/scale_RM_FireHawk_cfb637c25d_cf6a76.png HTTP/1.1" 200 -
  "GET /img/e068e5f0f3aad3cc05ff.webp HTTP/1.1" 200 -
  "GET /img/scale_RM_Flamefang_1050199462_ce1def.png HTTP/1.1" 200 -
  "GET /img/scale_RM_FurnaceBeast_41f69d0ecf_bf705e.png HTTP/1.1" 200 -
  "GET /img/scale_RSW_Gizka_974b7c73e1_2d1739.png HTTP/1.1" 200 -
  "GET /img/scale_RSW_Nuna_66936a7c2b_530adc.png HTTP/1.1" 200 -
  "GET /img/scale_RSW_Orray_3f25a5d60e_9653bd.png HTTP/1.1" 200 -
  "GET /img/scale_RM_Sytheclaw_9d762e5c38_b64424.png HTTP/1.1" 200 -
  "GET /img/scale_RM_Ullai_faee289c7a_c28c75.png HTTP/1.1" 200 -
  "GET /img/scale_RM_FE_Plant_EmberGrass_3f430db650_120c74.png HTTP/1.1" 200 -
  "GET /img/scale_RM_FE_Plant_Quickgrass_08dc732d63_a17fee.png HTTP/1.1" 200 -
  "GET /img/d2217327b73ce22b3e05.webp HTTP/1.1" 200 -
  "GET /img/scale_RSW_Iriaz_51a1e8a597_b94c47.png HTTP/1.1" 200 -
  "GET /img/scale_RSW_Zeer_8415f059d2_ad6d20.png HTTP/1.1" 200 -
  "GET /img/scale_RSW_Anooba_7b7bef9a67_cf481d.png HTTP/1.1" 200 -
  "GET /img/b690d85f1fee3de081bb.webp HTTP/1.1" 200 -
  "GET /img/bbaf33113a1097ac646f.webp HTTP/1.1" 200 -
  "GET /img/b1f7f2302c72425f159e.webp HTTP/1.1" 200 -
  "GET /img/01701e6929f442a7af8b.webp HTTP/1.1" 200 -
  "GET /img/2b0e247f3049d7b25fc5.webp HTTP/1.1" 200 -
  "GET /img/6739f014389c2279c081.webp HTTP/1.1" 200 -
  "GET /img/59600ba22d28a0d6dfd1.webp HTTP/1.1" 200 -
  "GET /img/5fbbc26d986460617ff6.webp HTTP/1.1" 200 -
  "GET /img/44802e3e140bae63a342.webp HTTP/1.1" 200 -
  "GET /img/3c899a7822f892fca600.webp HTTP/1.1" 200 -
  "GET /img/44f229222949dc126256.webp HTTP/1.1" 200 -
  "GET /img/11617c1a94d5fbca848d.webp HTTP/1.1" 200 -
  "GET /img/cc17fdc77fd524ef160b.webp HTTP/1.1" 200 -
  "GET /img/bad7d8226b8670e33a08.webp HTTP/1.1" 200 -
  "GET /img/70d80f0c9917687221c0.webp HTTP/1.1" 200 -
  "GET /img/aff779d73500acfd0af6.webp HTTP/1.1" 200 -
  "GET /img/eb3fcc0d3c943a0e9f66.webp HTTP/1.1" 200 -
  "GET /img/19cfbae208a86f62bcff.webp HTTP/1.1" 200 -
  "GET /img/fe000b1bcd41a0ea06f3.webp HTTP/1.1" 200 -
  "GET /img/9ec1cd4818e3a425d42f.webp HTTP/1.1" 200 -
  "GET /img/c1b4e32fac9003ca1cef.webp HTTP/1.1" 200 -
  "GET /img/7fe620ffc53a97c381ca.webp HTTP/1.1" 200 -
  "GET /img/4c0f57a61eb46b1a9ed2.webp HTTP/1.1" 200 -
  "GET /img/3e52403b15d551ef3e0e.webp HTTP/1.1" 200 -
  "GET /img/2cb3e6f7e3e61463e404.webp HTTP/1.1" 200 -
  "GET /img/3e21e343fbc1aa8b2bd7.webp HTTP/1.1" 200 -
  "GET /img/a0dbd1ccda8de56c8f98.webp HTTP/1.1" 200 -
  "GET /img/f5410897d2d56d9ff84d.webp HTTP/1.1" 200 -
  "GET /img/65161659b9d39ed362e6.webp HTTP/1.1" 200 -
  "GET /img/1cee70deccd6a1c5d7b0.webp HTTP/1.1" 200 -
  "GET /img/8c49d529b7c7c541bb40.webp HTTP/1.1" 200 -
  "GET /img/d153962b1552d2d98d07.webp HTTP/1.1" 200 -
  "GET /img/dbae4bdc10ae3c702b9c.webp HTTP/1.1" 200 -
  "GET /img/11fde2cfba52548d4512.webp HTTP/1.1" 200 -
  "GET /img/252b2f6aa58577cc1054.webp HTTP/1.1" 200 -
  "GET /img/a674f5b0bd80c7515727.webp HTTP/1.1" 200 -
  "GET /img/2a83c28a6fc7d33ebefd.webp HTTP/1.1" 200 -
  "GET /img/f3d06f7e3ea26ffe092f.webp HTTP/1.1" 200 -
  "GET /img/40ee6240ad761ad7206c.webp HTTP/1.1" 200 -
  "GET /img/a3a13634de06b087981f.webp HTTP/1.1" 200 -
  "GET /img/d22e9d450800fe075d4c.webp HTTP/1.1" 200 -
  "GET /img/d1b5f79f41ff8c2c436e.webp HTTP/1.1" 200 -
  "GET /img/7071d460b1c592bc99c0.webp HTTP/1.1" 200 -
  "GET /img/479dac28994e8ea03496.webp HTTP/1.1" 200 -
  "GET /img/dd16d965285703af5759.webp HTTP/1.1" 200 -
  "GET /img/f4d3418c78d443c4c776.webp HTTP/1.1" 200 -
  "GET /img/742af602bb99e1fe9c92.webp HTTP/1.1" 200 -
  "GET /img/a8428faa7369949fccd4.webp HTTP/1.1" 200 -
  "GET /img/d3253c60356579f24de5.webp HTTP/1.1" 200 -
  "GET /img/d965d30f4f1c7883b2df.webp HTTP/1.1" 200 -
  "GET /img/1be0dd0e54766a813f47.webp HTTP/1.1" 200 -
  "GET /img/2e25e4c541156c8d519d.webp HTTP/1.1" 200 -
  "GET /img/3d4cfc8204d50162390e.webp HTTP/1.1" 200 -
  "GET /img/fc29e18d36c76d0d772e.webp HTTP/1.1" 200 -
  "GET /img/ba25755e8f59b10c0ec7.webp HTTP/1.1" 200 -
  "GET /img/a9a9892444fb2af953af.webp HTTP/1.1" 200 -
  "GET /img/8f4c61d3ae61f1ba370c.webp HTTP/1.1" 200 -
  "GET /img/bdbc75edeff91085aaef.webp HTTP/1.1" 200 -
  "GET /img/16ea9c1abd084bf190b0.webp HTTP/1.1" 200 -
  "GET /img/20166049190d552d0368.webp HTTP/1.1" 200 -
  "GET /img/3ae4eb8cc3e681b4858d.webp HTTP/1.1" 200 -
  "GET /img/78a1f6b267eac1f72c20.webp HTTP/1.1" 200 -
  "GET /?t=jSg6QSfkAnAHwepOv1AAsQ HTTP/1.1" 200 -
  "GET /?t=jSg6QSfkAnAHwepOv1AAsQ HTTP/1.1" 200 -
  "GET /?t=jSg6QSfkAnAHwepOv1AAsQ HTTP/1.1" 200 -
  "GET /?t=jSg6QSfkAnAHwepOv1AAsQ HTTP/1.1" 200 -
  "GET /img/a0dbd1ccda8de56c8f98.webp HTTP/1.1" 200 -
  "GET /img/1cee70deccd6a1c5d7b0.webp HTTP/1.1" 200 -
  "GET /img/f5410897d2d56d9ff84d.webp HTTP/1.1" 200 -
  "GET /img/a3a13634de06b087981f.webp HTTP/1.1" 200 -
  "GET /img/d22e9d450800fe075d4c.webp HTTP/1.1" 200 -
  "GET /img/d1b5f79f41ff8c2c436e.webp HTTP/1.1" 200 -
  "GET /img/7071d460b1c592bc99c0.webp HTTP/1.1" 200 -
  "GET /img/dd16d965285703af5759.webp HTTP/1.1" 200 -
  "GET /img/479dac28994e8ea03496.webp HTTP/1.1" 200 -
  "GET /img/2cb3e6f7e3e61463e404.webp HTTP/1.1" 200 -
  "GET /img/4ae28d27b7a365522375.webp HTTP/1.1" 200 -
  "GET /img/e068e5f0f3aad3cc05ff.webp HTTP/1.1" 200 -
  "GET /?t=jSg6QSfkAnAHwepOv1AAsQ HTTP/1.1" 200 -
  "GET /img/2a83c28a6fc7d33ebefd.webp HTTP/1.1" 200 -
  "GET /img/f3d06f7e3ea26ffe092f.webp HTTP/1.1" 200 -
  "GET /img/40ee6240ad761ad7206c.webp HTTP/1.1" 200 -
  "GET /img/d3253c60356579f24de5.webp HTTP/1.1" 200 -
  "GET /img/d965d30f4f1c7883b2df.webp HTTP/1.1" 200 -
  "GET /img/1be0dd0e54766a813f47.webp HTTP/1.1" 200 -
  "GET /img/2e25e4c541156c8d519d.webp HTTP/1.1" 200 -
  "GET /img/3d4cfc8204d50162390e.webp HTTP/1.1" 200 -
  "GET /img/fc29e18d36c76d0d772e.webp HTTP/1.1" 200 -
  "GET /img/a674f5b0bd80c7515727.webp HTTP/1.1" 200 -
  "GET /?t=jSg6QSfkAnAHwepOv1AAsQ HTTP/1.1" 200 -
  "GET /img/f4d3418c78d443c4c776.webp HTTP/1.1" 200 -
  "GET /img/a8428faa7369949fccd4.webp HTTP/1.1" 200 -
  "GET /img/742af602bb99e1fe9c92.webp HTTP/1.1" 200 -
  "GET /img/88e12af7baa3965f07af.webp HTTP/1.1" 200 -
  "GET /img/17886c37d3fa6ee7d26a.webp HTTP/1.1" 200 -
  "GET /img/bf634e7328a93e4d22a6.webp HTTP/1.1" 200 -
  "GET /img/914df485d9ce798ea94c.webp HTTP/1.1" 200 -
  "GET /img/595e99efd30d2739425c.webp HTTP/1.1" 200 -
  "GET /img/372522174a2f6bc6ecea.webp HTTP/1.1" 200 -
  "GET /img/45b4ff6b472530e96ce4.webp HTTP/1.1" 200 -
  "GET /img/a9a9892444fb2af953af.webp HTTP/1.1" 200 -
  "GET /img/8f4c61d3ae61f1ba370c.webp HTTP/1.1" 200 -
  "GET /img/ba25755e8f59b10c0ec7.webp HTTP/1.1" 200 -
  "GET /?t=jSg6QSfkAnAHwepOv1AAsQ HTTP/1.1" 200 -
  "GET /img/c1b4e32fac9003ca1cef.webp HTTP/1.1" 200 -
  "GET /img/9ec1cd4818e3a425d42f.webp HTTP/1.1" 200 -
  "GET /img/7fe620ffc53a97c381ca.webp HTTP/1.1" 200 -
  "GET /img/4c0f57a61eb46b1a9ed2.webp HTTP/1.1" 200 -
  "GET /img/3e21e343fbc1aa8b2bd7.webp HTTP/1.1" 200 -
  "GET /img/3e52403b15d551ef3e0e.webp HTTP/1.1" 200 -
  "GET /img/2cb3e6f7e3e61463e404.webp HTTP/1.1" 200 -
  "GET /img/20166049190d552d0368.webp HTTP/1.1" 200 -
  "GET /img/bdbc75edeff91085aaef.webp HTTP/1.1" 200 -
  "GET /img/16ea9c1abd084bf190b0.webp HTTP/1.1" 200 -
  "GET /?t=jSg6QSfkAnAHwepOv1AAsQ HTTP/1.1" 200 -
  "GET /img/65161659b9d39ed362e6.webp HTTP/1.1" 200 -
  "GET /img/8c49d529b7c7c541bb40.webp HTTP/1.1" 200 -
  "GET /img/d153962b1552d2d98d07.webp HTTP/1.1" 200 -
  "GET /img/dbae4bdc10ae3c702b9c.webp HTTP/1.1" 200 -
  "GET /img/11fde2cfba52548d4512.webp HTTP/1.1" 200 -
  "GET /img/252b2f6aa58577cc1054.webp HTTP/1.1" 200 -
  "GET /img/a674f5b0bd80c7515727.webp HTTP/1.1" 200 -
  "GET /img/b5b70b2487df689cc243.webp HTTP/1.1" 200 -
  "GET /img/3ae4eb8cc3e681b4858d.webp HTTP/1.1" 200 -
  "GET /img/78a1f6b267eac1f72c20.webp HTTP/1.1" 200 -
  "GET /img/a3a13634de06b087981f.webp HTTP/1.1" 200 -
  "GET /img/d1b5f79f41ff8c2c436e.webp HTTP/1.1" 200 -
  "GET /img/d22e9d450800fe075d4c.webp HTTP/1.1" 200 -
  "GET /img/479dac28994e8ea03496.webp HTTP/1.1" 200 -
  "GET /img/7071d460b1c592bc99c0.webp HTTP/1.1" 200 -
  "GET /img/dd16d965285703af5759.webp HTTP/1.1" 200 -
  "GET /img/45b4ff6b472530e96ce4.webp HTTP/1.1" 200 -
  "GET /img/eb3fcc0d3c943a0e9f66.webp HTTP/1.1" 200 -
  "GET /img/ec847d3e66917a7af39b.webp HTTP/1.1" 200 -
  "GET /img/03bc70df127e8ca11541.webp HTTP/1.1" 200 -
  "GET /?t=jSg6QSfkAnAHwepOv1AAsQ HTTP/1.1" 200 -
  "GET /img/1be0dd0e54766a813f47.webp HTTP/1.1" 200 -
  "GET /img/d3253c60356579f24de5.webp HTTP/1.1" 200 -
  "GET /img/d965d30f4f1c7883b2df.webp HTTP/1.1" 200 -
  "GET /img/2e25e4c541156c8d519d.webp HTTP/1.1" 200 -
  "GET /img/3d4cfc8204d50162390e.webp HTTP/1.1" 200 -
  "GET /img/fc29e18d36c76d0d772e.webp HTTP/1.1" 200 -
  "GET /img/2cb3e6f7e3e61463e404.webp HTTP/1.1" 200 -
  "GET /img/aff779d73500acfd0af6.webp HTTP/1.1" 200 -
  "GET /img/a0dbd1ccda8de56c8f98.webp HTTP/1.1" 200 -
  "GET /img/fe000b1bcd41a0ea06f3.webp HTTP/1.1" 200 -
  "GET /?t=jSg6QSfkAnAHwepOv1AAsQ HTTP/1.1" 200 -
  "GET /img/bf634e7328a93e4d22a6.webp HTTP/1.1" 200 -
  "GET /img/17886c37d3fa6ee7d26a.webp HTTP/1.1" 200 -
  "GET /img/88e12af7baa3965f07af.webp HTTP/1.1" 200 -
  "GET /img/595e99efd30d2739425c.webp HTTP/1.1" 200 -
  "GET /img/914df485d9ce798ea94c.webp HTTP/1.1" 200 -
  "GET /img/372522174a2f6bc6ecea.webp HTTP/1.1" 200 -
  "GET /img/a674f5b0bd80c7515727.webp HTTP/1.1" 200 -
  "GET /img/2a83c28a6fc7d33ebefd.webp HTTP/1.1" 200 -
  "GET /img/1cee70deccd6a1c5d7b0.webp HTTP/1.1" 200 -
  "GET /img/f5410897d2d56d9ff84d.webp HTTP/1.1" 200 -
  "GET /?t=jSg6QSfkAnAHwepOv1AAsQ HTTP/1.1" 200 -
  "GET /img/c1b4e32fac9003ca1cef.webp HTTP/1.1" 200 -
  "GET /img/9ec1cd4818e3a425d42f.webp HTTP/1.1" 200 -
  "GET /img/7fe620ffc53a97c381ca.webp HTTP/1.1" 200 -
  "GET /img/4c0f57a61eb46b1a9ed2.webp HTTP/1.1" 200 -
  "GET /img/3e21e343fbc1aa8b2bd7.webp HTTP/1.1" 200 -
  "GET /img/3e52403b15d551ef3e0e.webp HTTP/1.1" 200 -
  "GET /img/45b4ff6b472530e96ce4.webp HTTP/1.1" 200 -
  "GET /img/f4d3418c78d443c4c776.webp HTTP/1.1" 200 -
  "GET /img/40ee6240ad761ad7206c.webp HTTP/1.1" 200 -
  "GET /img/f3d06f7e3ea26ffe092f.webp HTTP/1.1" 200 -
  "GET /?t=jSg6QSfkAnAHwepOv1AAsQ HTTP/1.1" 200 -
  "GET /img/65161659b9d39ed362e6.webp HTTP/1.1" 200 -
  "GET /img/8c49d529b7c7c541bb40.webp HTTP/1.1" 200 -
  "GET /img/d153962b1552d2d98d07.webp HTTP/1.1" 200 -
  "GET /img/252b2f6aa58577cc1054.webp HTTP/1.1" 200 -
  "GET /img/11fde2cfba52548d4512.webp HTTP/1.1" 200 -
  "GET /img/dbae4bdc10ae3c702b9c.webp HTTP/1.1" 200 -
  "GET /img/2cb3e6f7e3e61463e404.webp HTTP/1.1" 200 -
  "GET /img/a9a9892444fb2af953af.webp HTTP/1.1" 200 -
  "GET /img/742af602bb99e1fe9c92.webp HTTP/1.1" 200 -
  "GET /img/a8428faa7369949fccd4.webp HTTP/1.1" 200 -
  "GET /img/a3a13634de06b087981f.webp HTTP/1.1" 200 -
  "GET /?t=jSg6QSfkAnAHwepOv1AAsQ HTTP/1.1" 200 -
  "GET /img/d22e9d450800fe075d4c.webp HTTP/1.1" 200 -
  "GET /img/d1b5f79f41ff8c2c436e.webp HTTP/1.1" 200 -
  "GET /img/7071d460b1c592bc99c0.webp HTTP/1.1" 200 -
  "GET /img/479dac28994e8ea03496.webp HTTP/1.1" 200 -
  "GET /img/dd16d965285703af5759.webp HTTP/1.1" 200 -
  "GET /img/a674f5b0bd80c7515727.webp HTTP/1.1" 200 -
  "GET /img/8f4c61d3ae61f1ba370c.webp HTTP/1.1" 200 -
  "GET /img/ba25755e8f59b10c0ec7.webp HTTP/1.1" 200 -
  "GET /img/bdbc75edeff91085aaef.webp HTTP/1.1" 200 -
  "GET /?t=jSg6QSfkAnAHwepOv1AAsQ HTTP/1.1" 200 -
  "GET /img/d3253c60356579f24de5.webp HTTP/1.1" 200 -
  "GET /img/d965d30f4f1c7883b2df.webp HTTP/1.1" 200 -
  "GET /img/1be0dd0e54766a813f47.webp HTTP/1.1" 200 -
  "GET /img/2e25e4c541156c8d519d.webp HTTP/1.1" 200 -
  "GET /img/3d4cfc8204d50162390e.webp HTTP/1.1" 200 -
  "GET /img/fc29e18d36c76d0d772e.webp HTTP/1.1" 200 -
  "GET /img/45b4ff6b472530e96ce4.webp HTTP/1.1" 200 -
  "GET /img/20166049190d552d0368.webp HTTP/1.1" 200 -
  "GET /img/17886c37d3fa6ee7d26a.webp HTTP/1.1" 200 -
  "GET /img/b5b70b2487df689cc243.webp HTTP/1.1" 200 -
  "GET /img/88e12af7baa3965f07af.webp HTTP/1.1" 200 -
  "GET /img/16ea9c1abd084bf190b0.webp HTTP/1.1" 200 -
  "GET /?t=jSg6QSfkAnAHwepOv1AAsQ HTTP/1.1" 200 -
  "GET /img/bf634e7328a93e4d22a6.webp HTTP/1.1" 200 -
  "GET /img/914df485d9ce798ea94c.webp HTTP/1.1" 200 -
  "GET /img/595e99efd30d2739425c.webp HTTP/1.1" 200 -
  "GET /img/372522174a2f6bc6ecea.webp HTTP/1.1" 200 -
  "GET /img/2cb3e6f7e3e61463e404.webp HTTP/1.1" 200 -
  "GET /img/eb3fcc0d3c943a0e9f66.webp HTTP/1.1" 200 -
  "GET /img/c1b4e32fac9003ca1cef.webp HTTP/1.1" 200 -
  "GET /img/78a1f6b267eac1f72c20.webp HTTP/1.1" 200 -
  "GET /img/3ae4eb8cc3e681b4858d.webp HTTP/1.1" 200 -
  "GET /img/9ec1cd4818e3a425d42f.webp HTTP/1.1" 200 -
  "GET /img/7fe620ffc53a97c381ca.webp HTTP/1.1" 200 -
  "GET /?t=jSg6QSfkAnAHwepOv1AAsQ HTTP/1.1" 200 -
  "GET /img/4c0f57a61eb46b1a9ed2.webp HTTP/1.1" 200 -
  "GET /img/3e21e343fbc1aa8b2bd7.webp HTTP/1.1" 200 -
  "GET /img/3e52403b15d551ef3e0e.webp HTTP/1.1" 200 -
  "GET /img/a674f5b0bd80c7515727.webp HTTP/1.1" 200 -
  "GET /img/03bc70df127e8ca11541.webp HTTP/1.1" 200 -
  "GET /img/ec847d3e66917a7af39b.webp HTTP/1.1" 200 -
  "GET /img/65161659b9d39ed362e6.webp HTTP/1.1" 200 -
  "GET /img/a0dbd1ccda8de56c8f98.webp HTTP/1.1" 200 -
  "GET /img/8c49d529b7c7c541bb40.webp HTTP/1.1" 200 -
  "GET /img/d153962b1552d2d98d07.webp HTTP/1.1" 200 -
  "GET /?t=jSg6QSfkAnAHwepOv1AAsQ HTTP/1.1" 200 -
  "GET /img/dbae4bdc10ae3c702b9c.webp HTTP/1.1" 200 -
  "GET /img/11fde2cfba52548d4512.webp HTTP/1.1" 200 -
  "GET /img/252b2f6aa58577cc1054.webp HTTP/1.1" 200 -
  "GET /img/45b4ff6b472530e96ce4.webp HTTP/1.1" 200 -
  "GET /img/fe000b1bcd41a0ea06f3.webp HTTP/1.1" 200 -
  "GET /img/aff779d73500acfd0af6.webp HTTP/1.1" 200 -
  "GET /img/2a83c28a6fc7d33ebefd.webp HTTP/1.1" 200 -
  "GET /img/a3a13634de06b087981f.webp HTTP/1.1" 200 -
  "GET /img/d1b5f79f41ff8c2c436e.webp HTTP/1.1" 200 -
  "GET /?t=jSg6QSfkAnAHwepOv1AAsQ HTTP/1.1" 200 -
  "GET /img/d22e9d450800fe075d4c.webp HTTP/1.1" 200 -
  "GET /img/479dac28994e8ea03496.webp HTTP/1.1" 200 -
  "GET /img/dd16d965285703af5759.webp HTTP/1.1" 200 -
  "GET /img/7071d460b1c592bc99c0.webp HTTP/1.1" 200 -
  "GET /img/2cb3e6f7e3e61463e404.webp HTTP/1.1" 200 -
  "GET /img/f4d3418c78d443c4c776.webp HTTP/1.1" 200 -
  "GET /img/f5410897d2d56d9ff84d.webp HTTP/1.1" 200 -
  "GET /img/1cee70deccd6a1c5d7b0.webp HTTP/1.1" 200 -
  "GET /?t=jSg6QSfkAnAHwepOv1AAsQ HTTP/1.1" 200 -
  "GET /img/d3253c60356579f24de5.webp HTTP/1.1" 200 -
  "GET /img/d965d30f4f1c7883b2df.webp HTTP/1.1" 200 -
  "GET /img/1be0dd0e54766a813f47.webp HTTP/1.1" 200 -
  "GET /img/2e25e4c541156c8d519d.webp HTTP/1.1" 200 -
  "GET /img/3d4cfc8204d50162390e.webp HTTP/1.1" 200 -
  "GET /img/fc29e18d36c76d0d772e.webp HTTP/1.1" 200 -
  "GET /img/a674f5b0bd80c7515727.webp HTTP/1.1" 200 -
  "GET /img/a9a9892444fb2af953af.webp HTTP/1.1" 200 -
  "GET /img/40ee6240ad761ad7206c.webp HTTP/1.1" 200 -
  "GET /img/17886c37d3fa6ee7d26a.webp HTTP/1.1" 200 -
  "GET /img/f3d06f7e3ea26ffe092f.webp HTTP/1.1" 200 -
  "GET /img/88e12af7baa3965f07af.webp HTTP/1.1" 200 -
  "GET /img/bf634e7328a93e4d22a6.webp HTTP/1.1" 200 -
  "GET /?t=jSg6QSfkAnAHwepOv1AAsQ HTTP/1.1" 200 -
  "GET /img/914df485d9ce798ea94c.webp HTTP/1.1" 200 -
  "GET /img/595e99efd30d2739425c.webp HTTP/1.1" 200 -
  "GET /img/372522174a2f6bc6ecea.webp HTTP/1.1" 200 -
  "GET /img/45b4ff6b472530e96ce4.webp HTTP/1.1" 200 -
  "GET /img/a8428faa7369949fccd4.webp HTTP/1.1" 200 -
  "GET /img/bdbc75edeff91085aaef.webp HTTP/1.1" 200 -
  "GET /img/742af602bb99e1fe9c92.webp HTTP/1.1" 200 -
  "GET /?t=jSg6QSfkAnAHwepOv1AAsQ HTTP/1.1" 200 -
  "GET /img/c1b4e32fac9003ca1cef.webp HTTP/1.1" 200 -
  "GET /img/9ec1cd4818e3a425d42f.webp HTTP/1.1" 200 -
  "GET /img/7fe620ffc53a97c381ca.webp HTTP/1.1" 200 -
  "GET /img/4c0f57a61eb46b1a9ed2.webp HTTP/1.1" 200 -
  "GET /img/3e21e343fbc1aa8b2bd7.webp HTTP/1.1" 200 -
  "GET /img/3e52403b15d551ef3e0e.webp HTTP/1.1" 200 -
  "GET /img/2cb3e6f7e3e61463e404.webp HTTP/1.1" 200 -
  "GET /img/8f4c61d3ae61f1ba370c.webp HTTP/1.1" 200 -
  "GET /img/b5b70b2487df689cc243.webp HTTP/1.1" 200 -
  "GET /img/ba25755e8f59b10c0ec7.webp HTTP/1.1" 200 -
  "GET /?t=jSg6QSfkAnAHwepOv1AAsQ HTTP/1.1" 200 -
  "GET /img/8c49d529b7c7c541bb40.webp HTTP/1.1" 200 -
  "GET /img/65161659b9d39ed362e6.webp HTTP/1.1" 200 -
  "GET /img/d153962b1552d2d98d07.webp HTTP/1.1" 200 -
  "GET /img/11fde2cfba52548d4512.webp HTTP/1.1" 200 -
  "GET /img/dbae4bdc10ae3c702b9c.webp HTTP/1.1" 200 -
  "GET /img/252b2f6aa58577cc1054.webp HTTP/1.1" 200 -
  "GET /img/a674f5b0bd80c7515727.webp HTTP/1.1" 200 -
  "GET /img/16ea9c1abd084bf190b0.webp HTTP/1.1" 200 -
  "GET /img/eb3fcc0d3c943a0e9f66.webp HTTP/1.1" 200 -
  "GET /img/20166049190d552d0368.webp HTTP/1.1" 200 -
  "GET /?t=jSg6QSfkAnAHwepOv1AAsQ HTTP/1.1" 200 -
  "GET /img/a3a13634de06b087981f.webp HTTP/1.1" 200 -
  "GET /img/d22e9d450800fe075d4c.webp HTTP/1.1" 200 -
  "GET /img/d1b5f79f41ff8c2c436e.webp HTTP/1.1" 200 -
  "GET /img/7071d460b1c592bc99c0.webp HTTP/1.1" 200 -
  "GET /img/479dac28994e8ea03496.webp HTTP/1.1" 200 -
  "GET /img/dd16d965285703af5759.webp HTTP/1.1" 200 -
  "GET /img/45b4ff6b472530e96ce4.webp HTTP/1.1" 200 -
  "GET /img/78a1f6b267eac1f72c20.webp HTTP/1.1" 200 -
  "GET /img/a0dbd1ccda8de56c8f98.webp HTTP/1.1" 200 -
  "GET /img/3ae4eb8cc3e681b4858d.webp HTTP/1.1" 200 -
  "GET /?t=jSg6QSfkAnAHwepOv1AAsQ HTTP/1.1" 200 -
  "GET /img/d3253c60356579f24de5.webp HTTP/1.1" 200 -
  "GET /img/d965d30f4f1c7883b2df.webp HTTP/1.1" 200 -
  "GET /img/1be0dd0e54766a813f47.webp HTTP/1.1" 200 -
  "GET /img/fc29e18d36c76d0d772e.webp HTTP/1.1" 200 -
  "GET /img/2e25e4c541156c8d519d.webp HTTP/1.1" 200 -
  "GET /img/3d4cfc8204d50162390e.webp HTTP/1.1" 200 -
  "GET /img/2cb3e6f7e3e61463e404.webp HTTP/1.1" 200 -
  "GET /img/2a83c28a6fc7d33ebefd.webp HTTP/1.1" 200 -
  "GET /img/03bc70df127e8ca11541.webp HTTP/1.1" 200 -
  "GET /img/ec847d3e66917a7af39b.webp HTTP/1.1" 200 -
  "GET /?t=jSg6QSfkAnAHwepOv1AAsQ HTTP/1.1" 200 -
  "GET /img/17886c37d3fa6ee7d26a.webp HTTP/1.1" 200 -
  "GET /img/88e12af7baa3965f07af.webp HTTP/1.1" 200 -
  "GET /img/bf634e7328a93e4d22a6.webp HTTP/1.1" 200 -
  "GET /img/914df485d9ce798ea94c.webp HTTP/1.1" 200 -
  "GET /img/595e99efd30d2739425c.webp HTTP/1.1" 200 -
  "GET /img/372522174a2f6bc6ecea.webp HTTP/1.1" 200 -
  "GET /img/a674f5b0bd80c7515727.webp HTTP/1.1" 200 -
  "GET /img/aff779d73500acfd0af6.webp HTTP/1.1" 200 -
  "GET /img/fe000b1bcd41a0ea06f3.webp HTTP/1.1" 200 -
  "GET /img/f4d3418c78d443c4c776.webp HTTP/1.1" 200 -
  "GET /?t=jSg6QSfkAnAHwepOv1AAsQ HTTP/1.1" 200 -
  "GET /img/c1b4e32fac9003ca1cef.webp HTTP/1.1" 200 -
  "GET /img/9ec1cd4818e3a425d42f.webp HTTP/1.1" 200 -
  "GET /img/7fe620ffc53a97c381ca.webp HTTP/1.1" 200 -
  "GET /img/4c0f57a61eb46b1a9ed2.webp HTTP/1.1" 200 -
  "GET /img/3e21e343fbc1aa8b2bd7.webp HTTP/1.1" 200 -
  "GET /img/3e52403b15d551ef3e0e.webp HTTP/1.1" 200 -
  "GET /img/45b4ff6b472530e96ce4.webp HTTP/1.1" 200 -
  "GET /img/a9a9892444fb2af953af.webp HTTP/1.1" 200 -
  "GET /img/f5410897d2d56d9ff84d.webp HTTP/1.1" 200 -
  "GET /img/1cee70deccd6a1c5d7b0.webp HTTP/1.1" 200 -
  "GET /?t=jSg6QSfkAnAHwepOv1AAsQ HTTP/1.1" 200 -
  "GET /img/65161659b9d39ed362e6.webp HTTP/1.1" 200 -
  "GET /img/8c49d529b7c7c541bb40.webp HTTP/1.1" 200 -
  "GET /img/d153962b1552d2d98d07.webp HTTP/1.1" 200 -
  "GET /img/dbae4bdc10ae3c702b9c.webp HTTP/1.1" 200 -
  "GET /img/11fde2cfba52548d4512.webp HTTP/1.1" 200 -
  "GET /img/252b2f6aa58577cc1054.webp HTTP/1.1" 200 -
  "GET /img/2cb3e6f7e3e61463e404.webp HTTP/1.1" 200 -
  "GET /img/bdbc75edeff91085aaef.webp HTTP/1.1" 200 -
  "GET /img/40ee6240ad761ad7206c.webp HTTP/1.1" 200 -
  "GET /img/f3d06f7e3ea26ffe092f.webp HTTP/1.1" 200 -
  "GET /?t=jSg6QSfkAnAHwepOv1AAsQ HTTP/1.1" 200 -
  "GET /img/a3a13634de06b087981f.webp HTTP/1.1" 200 -
  "GET /img/d22e9d450800fe075d4c.webp HTTP/1.1" 200 -
  "GET /img/d1b5f79f41ff8c2c436e.webp HTTP/1.1" 200 -
  "GET /img/dd16d965285703af5759.webp HTTP/1.1" 200 -
  "GET /img/7071d460b1c592bc99c0.webp HTTP/1.1" 200 -
  "GET /img/479dac28994e8ea03496.webp HTTP/1.1" 200 -
  "GET /img/a674f5b0bd80c7515727.webp HTTP/1.1" 200 -
  "GET /img/b5b70b2487df689cc243.webp HTTP/1.1" 200 -
  "GET /img/742af602bb99e1fe9c92.webp HTTP/1.1" 200 -
  "GET /img/a8428faa7369949fccd4.webp HTTP/1.1" 200 -
  "GET /img/d3253c60356579f24de5.webp HTTP/1.1" 200 -
  "GET /img/1be0dd0e54766a813f47.webp HTTP/1.1" 200 -
  "GET /img/d965d30f4f1c7883b2df.webp HTTP/1.1" 200 -
  "GET /img/2e25e4c541156c8d519d.webp HTTP/1.1" 200 -
  "GET /img/3d4cfc8204d50162390e.webp HTTP/1.1" 200 -
  "GET /img/fc29e18d36c76d0d772e.webp HTTP/1.1" 200 -
  "GET /img/45b4ff6b472530e96ce4.webp HTTP/1.1" 200 -
  "GET /img/eb3fcc0d3c943a0e9f66.webp HTTP/1.1" 200 -
  "GET /img/8f4c61d3ae61f1ba370c.webp HTTP/1.1" 200 -
  "GET /img/ba25755e8f59b10c0ec7.webp HTTP/1.1" 200 -
  "GET /?t=jSg6QSfkAnAHwepOv1AAsQ HTTP/1.1" 200 -
  "GET /img/17886c37d3fa6ee7d26a.webp HTTP/1.1" 200 -
  "GET /img/88e12af7baa3965f07af.webp HTTP/1.1" 200 -
  "GET /img/bf634e7328a93e4d22a6.webp HTTP/1.1" 200 -
  "GET /img/914df485d9ce798ea94c.webp HTTP/1.1" 200 -
  "GET /img/595e99efd30d2739425c.webp HTTP/1.1" 200 -
  "GET /img/372522174a2f6bc6ecea.webp HTTP/1.1" 200 -
  "GET /img/2cb3e6f7e3e61463e404.webp HTTP/1.1" 200 -
  "GET /img/a0dbd1ccda8de56c8f98.webp HTTP/1.1" 200 -
  "GET /img/16ea9c1abd084bf190b0.webp HTTP/1.1" 200 -
  "GET /img/20166049190d552d0368.webp HTTP/1.1" 200 -
  "GET /?t=jSg6QSfkAnAHwepOv1AAsQ HTTP/1.1" 200 -
  "GET /img/c1b4e32fac9003ca1cef.webp HTTP/1.1" 200 -
  "GET /img/9ec1cd4818e3a425d42f.webp HTTP/1.1" 200 -
  "GET /img/7fe620ffc53a97c381ca.webp HTTP/1.1" 200 -
  "GET /img/3e21e343fbc1aa8b2bd7.webp HTTP/1.1" 200 -
  "GET /img/4c0f57a61eb46b1a9ed2.webp HTTP/1.1" 200 -
  "GET /img/3e52403b15d551ef3e0e.webp HTTP/1.1" 200 -
  "GET /img/a674f5b0bd80c7515727.webp HTTP/1.1" 200 -
  "GET /img/78a1f6b267eac1f72c20.webp HTTP/1.1" 200 -
  "GET /img/2a83c28a6fc7d33ebefd.webp HTTP/1.1" 200 -
  "GET /img/3ae4eb8cc3e681b4858d.webp HTTP/1.1" 200 -
  "GET /?t=jSg6QSfkAnAHwepOv1AAsQ HTTP/1.1" 200 -
  "GET /img/65161659b9d39ed362e6.webp HTTP/1.1" 200 -
  "GET /img/d153962b1552d2d98d07.webp HTTP/1.1" 200 -
  "GET /img/8c49d529b7c7c541bb40.webp HTTP/1.1" 200 -
  "GET /img/dbae4bdc10ae3c702b9c.webp HTTP/1.1" 200 -
  "GET /img/11fde2cfba52548d4512.webp HTTP/1.1" 200 -
  "GET /img/252b2f6aa58577cc1054.webp HTTP/1.1" 200 -
  "GET /img/45b4ff6b472530e96ce4.webp HTTP/1.1" 200 -
  "GET /img/f4d3418c78d443c4c776.webp HTTP/1.1" 200 -
  "GET /img/ec847d3e66917a7af39b.webp HTTP/1.1" 200 -
  "GET /img/03bc70df127e8ca11541.webp HTTP/1.1" 200 -
  "GET /img/d22e9d450800fe075d4c.webp HTTP/1.1" 200 -
  "GET /img/d1b5f79f41ff8c2c436e.webp HTTP/1.1" 200 -
  "GET /img/a3a13634de06b087981f.webp HTTP/1.1" 200 -
  "GET /img/479dac28994e8ea03496.webp HTTP/1.1" 200 -
  "GET /img/dd16d965285703af5759.webp HTTP/1.1" 200 -
  "GET /img/7071d460b1c592bc99c0.webp HTTP/1.1" 200 -
  "GET /img/2cb3e6f7e3e61463e404.webp HTTP/1.1" 200 -
  "GET /img/a9a9892444fb2af953af.webp HTTP/1.1" 200 -
  "GET /img/fe000b1bcd41a0ea06f3.webp HTTP/1.1" 200 -
  "GET /img/aff779d73500acfd0af6.webp HTTP/1.1" 200 -
  "GET /?t=jSg6QSfkAnAHwepOv1AAsQ HTTP/1.1" 200 -
  "GET /img/d3253c60356579f24de5.webp HTTP/1.1" 200 -
  "GET /img/1be0dd0e54766a813f47.webp HTTP/1.1" 200 -
  "GET /img/d965d30f4f1c7883b2df.webp HTTP/1.1" 200 -
  "GET /img/3d4cfc8204d50162390e.webp HTTP/1.1" 200 -
  "GET /img/2e25e4c541156c8d519d.webp HTTP/1.1" 200 -
  "GET /img/fc29e18d36c76d0d772e.webp HTTP/1.1" 200 -
  "GET /img/a674f5b0bd80c7515727.webp HTTP/1.1" 200 -
  "GET /img/f5410897d2d56d9ff84d.webp HTTP/1.1" 200 -
  "GET /img/bdbc75edeff91085aaef.webp HTTP/1.1" 200 -
  "GET /img/1cee70deccd6a1c5d7b0.webp HTTP/1.1" 200 -
  "GET /?t=jSg6QSfkAnAHwepOv1AAsQ HTTP/1.1" 200 -
  "GET /img/17886c37d3fa6ee7d26a.webp HTTP/1.1" 200 -
  "GET /img/bf634e7328a93e4d22a6.webp HTTP/1.1" 200 -
  "GET /img/88e12af7baa3965f07af.webp HTTP/1.1" 200 -
  "GET /img/914df485d9ce798ea94c.webp HTTP/1.1" 200 -
  "GET /img/595e99efd30d2739425c.webp HTTP/1.1" 200 -
  "GET /img/372522174a2f6bc6ecea.webp HTTP/1.1" 200 -
  "GET /img/45b4ff6b472530e96ce4.webp HTTP/1.1" 200 -
  "GET /img/b5b70b2487df689cc243.webp HTTP/1.1" 200 -
  "GET /img/40ee6240ad761ad7206c.webp HTTP/1.1" 200 -
  "GET /img/f3d06f7e3ea26ffe092f.webp HTTP/1.1" 200 -
  "GET /?t=jSg6QSfkAnAHwepOv1AAsQ HTTP/1.1" 200 -
  "GET /img/c1b4e32fac9003ca1cef.webp HTTP/1.1" 200 -
  "GET /img/9ec1cd4818e3a425d42f.webp HTTP/1.1" 200 -
  "GET /img/7fe620ffc53a97c381ca.webp HTTP/1.1" 200 -
  "GET /img/4c0f57a61eb46b1a9ed2.webp HTTP/1.1" 200 -
  "GET /img/3e52403b15d551ef3e0e.webp HTTP/1.1" 200 -
  "GET /img/3e21e343fbc1aa8b2bd7.webp HTTP/1.1" 200 -
  "GET /img/2cb3e6f7e3e61463e404.webp HTTP/1.1" 200 -
  "GET /img/eb3fcc0d3c943a0e9f66.webp HTTP/1.1" 200 -
  "GET /img/a8428faa7369949fccd4.webp HTTP/1.1" 200 -
  "GET /img/742af602bb99e1fe9c92.webp HTTP/1.1" 200 -
  "GET /?t=jSg6QSfkAnAHwepOv1AAsQ HTTP/1.1" 200 -
  "GET /img/65161659b9d39ed362e6.webp HTTP/1.1" 200 -
  "GET /img/8c49d529b7c7c541bb40.webp HTTP/1.1" 200 -
  "GET /img/d153962b1552d2d98d07.webp HTTP/1.1" 200 -
  "GET /img/dbae4bdc10ae3c702b9c.webp HTTP/1.1" 200 -
  "GET /img/11fde2cfba52548d4512.webp HTTP/1.1" 200 -
  "GET /img/252b2f6aa58577cc1054.webp HTTP/1.1" 200 -
  "GET /img/a674f5b0bd80c7515727.webp HTTP/1.1" 200 -
  "GET /img/8f4c61d3ae61f1ba370c.webp HTTP/1.1" 200 -
  "GET /img/ba25755e8f59b10c0ec7.webp HTTP/1.1" 200 -
  "GET /img/a0dbd1ccda8de56c8f98.webp HTTP/1.1" 200 -
  "GET /?t=jSg6QSfkAnAHwepOv1AAsQ HTTP/1.1" 200 -
  "GET /img/d1b5f79f41ff8c2c436e.webp HTTP/1.1" 200 -
  "GET /img/d22e9d450800fe075d4c.webp HTTP/1.1" 200 -
  "GET /img/a3a13634de06b087981f.webp HTTP/1.1" 200 -
  "GET /img/7071d460b1c592bc99c0.webp HTTP/1.1" 200 -
  "GET /img/dd16d965285703af5759.webp HTTP/1.1" 200 -
  "GET /img/479dac28994e8ea03496.webp HTTP/1.1" 200 -
  "GET /img/45b4ff6b472530e96ce4.webp HTTP/1.1" 200 -
  "GET /img/16ea9c1abd084bf190b0.webp HTTP/1.1" 200 -
  "GET /img/20166049190d552d0368.webp HTTP/1.1" 200 -
  "GET /img/2a83c28a6fc7d33ebefd.webp HTTP/1.1" 200 -
  "GET /?t=jSg6QSfkAnAHwepOv1AAsQ HTTP/1.1" 200 -
  "GET /img/d3253c60356579f24de5.webp HTTP/1.1" 200 -
  "GET /img/1be0dd0e54766a813f47.webp HTTP/1.1" 200 -
  "GET /img/d965d30f4f1c7883b2df.webp HTTP/1.1" 200 -
  "GET /img/3d4cfc8204d50162390e.webp HTTP/1.1" 200 -
  "GET /img/fc29e18d36c76d0d772e.webp HTTP/1.1" 200 -
  "GET /img/2e25e4c541156c8d519d.webp HTTP/1.1" 200 -
  "GET /img/2cb3e6f7e3e61463e404.webp HTTP/1.1" 200 -
  "GET /img/3ae4eb8cc3e681b4858d.webp HTTP/1.1" 200 -
  "GET /img/78a1f6b267eac1f72c20.webp HTTP/1.1" 200 -
  "GET /img/f4d3418c78d443c4c776.webp HTTP/1.1" 200 -
  "GET /?t=jSg6QSfkAnAHwepOv1AAsQ HTTP/1.1" 200 -
  "GET /img/17886c37d3fa6ee7d26a.webp HTTP/1.1" 200 -
  "GET /img/88e12af7baa3965f07af.webp HTTP/1.1" 200 -
  "GET /img/bf634e7328a93e4d22a6.webp HTTP/1.1" 200 -
  "GET /img/914df485d9ce798ea94c.webp HTTP/1.1" 200 -
  "GET /img/595e99efd30d2739425c.webp HTTP/1.1" 200 -
  "GET /img/372522174a2f6bc6ecea.webp HTTP/1.1" 200 -
  "GET /img/a674f5b0bd80c7515727.webp HTTP/1.1" 200 -
  "GET /img/03bc70df127e8ca11541.webp HTTP/1.1" 200 -
  "GET /img/a9a9892444fb2af953af.webp HTTP/1.1" 200 -
  "GET /img/ec847d3e66917a7af39b.webp HTTP/1.1" 200 -
  "GET /?t=jSg6QSfkAnAHwepOv1AAsQ HTTP/1.1" 200 -
  "GET /img/c1b4e32fac9003ca1cef.webp HTTP/1.1" 200 -
  "GET /img/7fe620ffc53a97c381ca.webp HTTP/1.1" 200 -
  "GET /img/9ec1cd4818e3a425d42f.webp HTTP/1.1" 200 -
  "GET /img/4c0f57a61eb46b1a9ed2.webp HTTP/1.1" 200 -
  "GET /img/3e52403b15d551ef3e0e.webp HTTP/1.1" 200 -
  "GET /img/3e21e343fbc1aa8b2bd7.webp HTTP/1.1" 200 -
  "GET /img/45b4ff6b472530e96ce4.webp HTTP/1.1" 200 -
  "GET /img/aff779d73500acfd0af6.webp HTTP/1.1" 200 -
  "GET /img/fe000b1bcd41a0ea06f3.webp HTTP/1.1" 200 -
  "GET /img/bdbc75edeff91085aaef.webp HTTP/1.1" 200 -
  "GET /?t=jSg6QSfkAnAHwepOv1AAsQ HTTP/1.1" 200 -
  "GET /img/65161659b9d39ed362e6.webp HTTP/1.1" 200 -
  "GET /img/8c49d529b7c7c541bb40.webp HTTP/1.1" 200 -
  "GET /img/d153962b1552d2d98d07.webp HTTP/1.1" 200 -
  "GET /img/252b2f6aa58577cc1054.webp HTTP/1.1" 200 -
  "GET /img/dbae4bdc10ae3c702b9c.webp HTTP/1.1" 200 -
  "GET /img/11fde2cfba52548d4512.webp HTTP/1.1" 200 -
  "GET /img/2cb3e6f7e3e61463e404.webp HTTP/1.1" 200 -
  "GET /img/b5b70b2487df689cc243.webp HTTP/1.1" 200 -
  "GET /img/f5410897d2d56d9ff84d.webp HTTP/1.1" 200 -
  "GET /img/1cee70deccd6a1c5d7b0.webp HTTP/1.1" 200 -
  "GET /img/a3a13634de06b087981f.webp HTTP/1.1" 200 -
  "GET /img/d22e9d450800fe075d4c.webp HTTP/1.1" 200 -
  "GET /img/d1b5f79f41ff8c2c436e.webp HTTP/1.1" 200 -
  "GET /img/7071d460b1c592bc99c0.webp HTTP/1.1" 200 -
  "GET /img/dd16d965285703af5759.webp HTTP/1.1" 200 -
  "GET /img/479dac28994e8ea03496.webp HTTP/1.1" 200 -
  "GET /img/a674f5b0bd80c7515727.webp HTTP/1.1" 200 -
  "GET /img/eb3fcc0d3c943a0e9f66.webp HTTP/1.1" 200 -
  "GET /img/40ee6240ad761ad7206c.webp HTTP/1.1" 200 -
  "GET /img/f3d06f7e3ea26ffe092f.webp HTTP/1.1" 200 -
  "GET /?t=jSg6QSfkAnAHwepOv1AAsQ HTTP/1.1" 200 -
  "GET /img/d3253c60356579f24de5.webp HTTP/1.1" 200 -
  "GET /img/1be0dd0e54766a813f47.webp HTTP/1.1" 200 -
  "GET /img/d965d30f4f1c7883b2df.webp HTTP/1.1" 200 -
  "GET /img/2e25e4c541156c8d519d.webp HTTP/1.1" 200 -
  "GET /img/3d4cfc8204d50162390e.webp HTTP/1.1" 200 -
  "GET /img/fc29e18d36c76d0d772e.webp HTTP/1.1" 200 -
  "GET /img/45b4ff6b472530e96ce4.webp HTTP/1.1" 200 -
  "GET /img/742af602bb99e1fe9c92.webp HTTP/1.1" 200 -
  "GET /img/a0dbd1ccda8de56c8f98.webp HTTP/1.1" 200 -
  "GET /img/a8428faa7369949fccd4.webp HTTP/1.1" 200 -
  "GET /img/17886c37d3fa6ee7d26a.webp HTTP/1.1" 200 -
  "GET /img/88e12af7baa3965f07af.webp HTTP/1.1" 200 -
  "GET /img/bf634e7328a93e4d22a6.webp HTTP/1.1" 200 -
  "GET /img/914df485d9ce798ea94c.webp HTTP/1.1" 200 -
  "GET /img/595e99efd30d2739425c.webp HTTP/1.1" 200 -
  "GET /img/372522174a2f6bc6ecea.webp HTTP/1.1" 200 -
  "GET /img/2cb3e6f7e3e61463e404.webp HTTP/1.1" 200 -
  "GET /img/8f4c61d3ae61f1ba370c.webp HTTP/1.1" 200 -
  "GET /img/ba25755e8f59b10c0ec7.webp HTTP/1.1" 200 -
  "GET /img/2a83c28a6fc7d33ebefd.webp HTTP/1.1" 200 -
  "GET /?t=jSg6QSfkAnAHwepOv1AAsQ HTTP/1.1" 200 -
  "GET /img/c1b4e32fac9003ca1cef.webp HTTP/1.1" 200 -
  "GET /img/9ec1cd4818e3a425d42f.webp HTTP/1.1" 200 -
  "GET /img/7fe620ffc53a97c381ca.webp HTTP/1.1" 200 -
  "GET /img/4c0f57a61eb46b1a9ed2.webp HTTP/1.1" 200 -
  "GET /img/3e52403b15d551ef3e0e.webp HTTP/1.1" 200 -
  "GET /img/3e21e343fbc1aa8b2bd7.webp HTTP/1.1" 200 -
  "GET /img/a674f5b0bd80c7515727.webp HTTP/1.1" 200 -
  "GET /img/20166049190d552d0368.webp HTTP/1.1" 200 -
  "GET /img/f4d3418c78d443c4c776.webp HTTP/1.1" 200 -
  "GET /img/16ea9c1abd084bf190b0.webp HTTP/1.1" 200 -
  "GET /?t=jSg6QSfkAnAHwepOv1AAsQ HTTP/1.1" 200 -
  "GET /img/65161659b9d39ed362e6.webp HTTP/1.1" 200 -
  "GET /img/d153962b1552d2d98d07.webp HTTP/1.1" 200 -
  "GET /img/8c49d529b7c7c541bb40.webp HTTP/1.1" 200 -
  "GET /img/dbae4bdc10ae3c702b9c.webp HTTP/1.1" 200 -
  "GET /img/11fde2cfba52548d4512.webp HTTP/1.1" 200 -
  "GET /img/252b2f6aa58577cc1054.webp HTTP/1.1" 200 -
  "GET /img/45b4ff6b472530e96ce4.webp HTTP/1.1" 200 -
  "GET /img/a9a9892444fb2af953af.webp HTTP/1.1" 200 -
  "GET /img/78a1f6b267eac1f72c20.webp HTTP/1.1" 200 -
  "GET /img/3ae4eb8cc3e681b4858d.webp HTTP/1.1" 200 -
  "GET /?t=jSg6QSfkAnAHwepOv1AAsQ HTTP/1.1" 200 -
  "GET /img/a3a13634de06b087981f.webp HTTP/1.1" 200 -
  "GET /img/d1b5f79f41ff8c2c436e.webp HTTP/1.1" 200 -
  "GET /img/d22e9d450800fe075d4c.webp HTTP/1.1" 200 -
  "GET /img/7071d460b1c592bc99c0.webp HTTP/1.1" 200 -
  "GET /img/dd16d965285703af5759.webp HTTP/1.1" 200 -
  "GET /img/479dac28994e8ea03496.webp HTTP/1.1" 200 -
  "GET /img/2cb3e6f7e3e61463e404.webp HTTP/1.1" 200 -
  "GET /img/ec847d3e66917a7af39b.webp HTTP/1.1" 200 -
  "GET /img/bdbc75edeff91085aaef.webp HTTP/1.1" 200 -
  "GET /img/d3253c60356579f24de5.webp HTTP/1.1" 200 -
  "GET /img/03bc70df127e8ca11541.webp HTTP/1.1" 200 -
  "GET /?t=jSg6QSfkAnAHwepOv1AAsQ HTTP/1.1" 200 -
  "GET /img/1be0dd0e54766a813f47.webp HTTP/1.1" 200 -
  "GET /img/d965d30f4f1c7883b2df.webp HTTP/1.1" 200 -
  "GET /img/2e25e4c541156c8d519d.webp HTTP/1.1" 200 -
  "GET /img/fc29e18d36c76d0d772e.webp HTTP/1.1" 200 -
  "GET /img/3d4cfc8204d50162390e.webp HTTP/1.1" 200 -
  "GET /img/a674f5b0bd80c7515727.webp HTTP/1.1" 200 -
  "GET /img/b5b70b2487df689cc243.webp HTTP/1.1" 200 -
  "GET /img/aff779d73500acfd0af6.webp HTTP/1.1" 200 -
  "GET /img/fe000b1bcd41a0ea06f3.webp HTTP/1.1" 200 -
  "GET /?t=jSg6QSfkAnAHwepOv1AAsQ HTTP/1.1" 200 -
  "GET /img/88e12af7baa3965f07af.webp HTTP/1.1" 200 -
  "GET /img/17886c37d3fa6ee7d26a.webp HTTP/1.1" 200 -
  "GET /img/bf634e7328a93e4d22a6.webp HTTP/1.1" 200 -
  "GET /img/914df485d9ce798ea94c.webp HTTP/1.1" 200 -
  "GET /img/595e99efd30d2739425c.webp HTTP/1.1" 200 -
  "GET /img/372522174a2f6bc6ecea.webp HTTP/1.1" 200 -
  "GET /img/45b4ff6b472530e96ce4.webp HTTP/1.1" 200 -
  "GET /img/eb3fcc0d3c943a0e9f66.webp HTTP/1.1" 200 -
  "GET /img/f5410897d2d56d9ff84d.webp HTTP/1.1" 200 -
  "GET /img/1cee70deccd6a1c5d7b0.webp HTTP/1.1" 200 -
  "GET /?t=jSg6QSfkAnAHwepOv1AAsQ HTTP/1.1" 200 -
  "GET /img/c1b4e32fac9003ca1cef.webp HTTP/1.1" 200 -
  "GET /img/9ec1cd4818e3a425d42f.webp HTTP/1.1" 200 -
  "GET /img/7fe620ffc53a97c381ca.webp HTTP/1.1" 200 -
  "GET /img/4c0f57a61eb46b1a9ed2.webp HTTP/1.1" 200 -
  "GET /img/3e52403b15d551ef3e0e.webp HTTP/1.1" 200 -
  "GET /img/3e21e343fbc1aa8b2bd7.webp HTTP/1.1" 200 -
  "GET /img/2cb3e6f7e3e61463e404.webp HTTP/1.1" 200 -
  "GET /img/f3d06f7e3ea26ffe092f.webp HTTP/1.1" 200 -
  "GET /img/40ee6240ad761ad7206c.webp HTTP/1.1" 200 -
  "GET /img/a0dbd1ccda8de56c8f98.webp HTTP/1.1" 200 -
  "GET /?t=jSg6QSfkAnAHwepOv1AAsQ HTTP/1.1" 200 -
  "GET /img/65161659b9d39ed362e6.webp HTTP/1.1" 200 -
  "GET /img/d153962b1552d2d98d07.webp HTTP/1.1" 200 -
  "GET /img/8c49d529b7c7c541bb40.webp HTTP/1.1" 200 -
  "GET /img/dbae4bdc10ae3c702b9c.webp HTTP/1.1" 200 -
  "GET /img/252b2f6aa58577cc1054.webp HTTP/1.1" 200 -
  "GET /img/11fde2cfba52548d4512.webp HTTP/1.1" 200 -
  "GET /img/a674f5b0bd80c7515727.webp HTTP/1.1" 200 -
  "GET /img/742af602bb99e1fe9c92.webp HTTP/1.1" 200 -
  "GET /img/2a83c28a6fc7d33ebefd.webp HTTP/1.1" 200 -
  "GET /img/a8428faa7369949fccd4.webp HTTP/1.1" 200 -
  "GET /?t=jSg6QSfkAnAHwepOv1AAsQ HTTP/1.1" 200 -
  "GET /img/a3a13634de06b087981f.webp HTTP/1.1" 200 -
  "GET /img/d1b5f79f41ff8c2c436e.webp HTTP/1.1" 200 -
  "GET /img/d22e9d450800fe075d4c.webp HTTP/1.1" 200 -
  "GET /img/dd16d965285703af5759.webp HTTP/1.1" 200 -
  "GET /img/7071d460b1c592bc99c0.webp HTTP/1.1" 200 -
  "GET /img/479dac28994e8ea03496.webp HTTP/1.1" 200 -
  "GET /img/45b4ff6b472530e96ce4.webp HTTP/1.1" 200 -
  "GET /img/f4d3418c78d443c4c776.webp HTTP/1.1" 200 -
  "GET /img/ba25755e8f59b10c0ec7.webp HTTP/1.1" 200 -
  "GET /img/8f4c61d3ae61f1ba370c.webp HTTP/1.1" 200 -
  "GET /?t=jSg6QSfkAnAHwepOv1AAsQ HTTP/1.1" 200 -
  "GET /img/d3253c60356579f24de5.webp HTTP/1.1" 200 -
  "GET /img/1be0dd0e54766a813f47.webp HTTP/1.1" 200 -
  "GET /img/d965d30f4f1c7883b2df.webp HTTP/1.1" 200 -
  "GET /img/3d4cfc8204d50162390e.webp HTTP/1.1" 200 -
  "GET /img/fc29e18d36c76d0d772e.webp HTTP/1.1" 200 -
  "GET /img/2e25e4c541156c8d519d.webp HTTP/1.1" 200 -
  "GET /img/2cb3e6f7e3e61463e404.webp HTTP/1.1" 200 -
  "GET /img/16ea9c1abd084bf190b0.webp HTTP/1.1" 200 -
  "GET /img/a9a9892444fb2af953af.webp HTTP/1.1" 200 -
  "GET /img/20166049190d552d0368.webp HTTP/1.1" 200 -
  "GET /?t=jSg6QSfkAnAHwepOv1AAsQ HTTP/1.1" 200 -
  "GET /img/17886c37d3fa6ee7d26a.webp HTTP/1.1" 200 -
  "GET /img/88e12af7baa3965f07af.webp HTTP/1.1" 200 -
  "GET /img/bf634e7328a93e4d22a6.webp HTTP/1.1" 200 -
  "GET /img/914df485d9ce798ea94c.webp HTTP/1.1" 200 -
  "GET /img/595e99efd30d2739425c.webp HTTP/1.1" 200 -
  "GET /img/372522174a2f6bc6ecea.webp HTTP/1.1" 200 -
  "GET /img/a674f5b0bd80c7515727.webp HTTP/1.1" 200 -
  "GET /img/3ae4eb8cc3e681b4858d.webp HTTP/1.1" 200 -
  "GET /img/bdbc75edeff91085aaef.webp HTTP/1.1" 200 -
  "GET /img/78a1f6b267eac1f72c20.webp HTTP/1.1" 200 -
  "GET /img/7fe620ffc53a97c381ca.webp HTTP/1.1" 200 -
  "GET /img/9ec1cd4818e3a425d42f.webp HTTP/1.1" 200 -
  "GET /img/c1b4e32fac9003ca1cef.webp HTTP/1.1" 200 -
  "GET /img/4c0f57a61eb46b1a9ed2.webp HTTP/1.1" 200 -
  "GET /?t=jSg6QSfkAnAHwepOv1AAsQ HTTP/1.1" 200 -
  "GET /img/3e52403b15d551ef3e0e.webp HTTP/1.1" 200 -
  "GET /img/3e21e343fbc1aa8b2bd7.webp HTTP/1.1" 200 -
  "GET /img/45b4ff6b472530e96ce4.webp HTTP/1.1" 200 -
  "GET /img/b5b70b2487df689cc243.webp HTTP/1.1" 200 -
  "GET /img/ec847d3e66917a7af39b.webp HTTP/1.1" 200 -
  "GET /img/03bc70df127e8ca11541.webp HTTP/1.1" 200 -
  "GET /?t=jSg6QSfkAnAHwepOv1AAsQ HTTP/1.1" 200 -
  "GET /img/65161659b9d39ed362e6.webp HTTP/1.1" 200 -
  "GET /img/8c49d529b7c7c541bb40.webp HTTP/1.1" 200 -
  "GET /img/d153962b1552d2d98d07.webp HTTP/1.1" 200 -
  "GET /img/dbae4bdc10ae3c702b9c.webp HTTP/1.1" 200 -
  "GET /img/11fde2cfba52548d4512.webp HTTP/1.1" 200 -
  "GET /img/252b2f6aa58577cc1054.webp HTTP/1.1" 200 -
  "GET /img/2cb3e6f7e3e61463e404.webp HTTP/1.1" 200 -
  "GET /img/eb3fcc0d3c943a0e9f66.webp HTTP/1.1" 200 -
  "GET /img/aff779d73500acfd0af6.webp HTTP/1.1" 200 -
  "GET /img/fe000b1bcd41a0ea06f3.webp HTTP/1.1" 200 -
  "GET /?t=jSg6QSfkAnAHwepOv1AAsQ HTTP/1.1" 200 -
  "GET /img/a3a13634de06b087981f.webp HTTP/1.1" 200 -
  "GET /img/d22e9d450800fe075d4c.webp HTTP/1.1" 200 -
  "GET /img/d1b5f79f41ff8c2c436e.webp HTTP/1.1" 200 -
  "GET /img/7071d460b1c592bc99c0.webp HTTP/1.1" 200 -
  "GET /img/dd16d965285703af5759.webp HTTP/1.1" 200 -
  "GET /img/479dac28994e8ea03496.webp HTTP/1.1" 200 -
  "GET /img/a674f5b0bd80c7515727.webp HTTP/1.1" 200 -
  "GET /img/a0dbd1ccda8de56c8f98.webp HTTP/1.1" 200 -
  "GET /?t=jSg6QSfkAnAHwepOv1AAsQ HTTP/1.1" 200 -
  "GET /img/f5410897d2d56d9ff84d.webp HTTP/1.1" 200 -
  "GET /img/d3253c60356579f24de5.webp HTTP/1.1" 200 -
  "GET /img/1cee70deccd6a1c5d7b0.webp HTTP/1.1" 200 -
  "GET /img/1be0dd0e54766a813f47.webp HTTP/1.1" 200 -
  "GET /img/d965d30f4f1c7883b2df.webp HTTP/1.1" 200 -
  "GET /img/2e25e4c541156c8d519d.webp HTTP/1.1" 200 -
  "GET /img/3d4cfc8204d50162390e.webp HTTP/1.1" 200 -
  "GET /img/fc29e18d36c76d0d772e.webp HTTP/1.1" 200 -
  "GET /img/45b4ff6b472530e96ce4.webp HTTP/1.1" 200 -
  "GET /img/2a83c28a6fc7d33ebefd.webp HTTP/1.1" 200 -
  "GET /img/f3d06f7e3ea26ffe092f.webp HTTP/1.1" 200 -
  "GET /img/40ee6240ad761ad7206c.webp HTTP/1.1" 200 -
  "GET /?t=jSg6QSfkAnAHwepOv1AAsQ HTTP/1.1" 200 -
  "GET /img/17886c37d3fa6ee7d26a.webp HTTP/1.1" 200 -
  "GET /img/88e12af7baa3965f07af.webp HTTP/1.1" 200 -
  "GET /img/bf634e7328a93e4d22a6.webp HTTP/1.1" 200 -
  "GET /img/914df485d9ce798ea94c.webp HTTP/1.1" 200 -
  "GET /img/372522174a2f6bc6ecea.webp HTTP/1.1" 200 -
  "GET /img/595e99efd30d2739425c.webp HTTP/1.1" 200 -
  "GET /img/2cb3e6f7e3e61463e404.webp HTTP/1.1" 200 -
  "GET /img/a8428faa7369949fccd4.webp HTTP/1.1" 200 -
  "GET /img/f4d3418c78d443c4c776.webp HTTP/1.1" 200 -
  "GET /img/742af602bb99e1fe9c92.webp HTTP/1.1" 200 -
  "GET /?t=jSg6QSfkAnAHwepOv1AAsQ HTTP/1.1" 200 -
  "GET /img/c1b4e32fac9003ca1cef.webp HTTP/1.1" 200 -
  "GET /img/9ec1cd4818e3a425d42f.webp HTTP/1.1" 200 -
  "GET /img/7fe620ffc53a97c381ca.webp HTTP/1.1" 200 -
  "GET /img/4c0f57a61eb46b1a9ed2.webp HTTP/1.1" 200 -
  "GET /img/3e21e343fbc1aa8b2bd7.webp HTTP/1.1" 200 -
  "GET /img/3e52403b15d551ef3e0e.webp HTTP/1.1" 200 -
  "GET /img/a674f5b0bd80c7515727.webp HTTP/1.1" 200 -
  "GET /img/8f4c61d3ae61f1ba370c.webp HTTP/1.1" 200 -
  "GET /img/a9a9892444fb2af953af.webp HTTP/1.1" 200 -
  "GET /img/ba25755e8f59b10c0ec7.webp HTTP/1.1" 200 -
  "GET /img/65161659b9d39ed362e6.webp HTTP/1.1" 200 -
  "GET /img/8c49d529b7c7c541bb40.webp HTTP/1.1" 200 -
  "GET /img/d153962b1552d2d98d07.webp HTTP/1.1" 200 -
  "GET /img/dbae4bdc10ae3c702b9c.webp HTTP/1.1" 200 -
  "GET /img/11fde2cfba52548d4512.webp HTTP/1.1" 200 -
  "GET /img/252b2f6aa58577cc1054.webp HTTP/1.1" 200 -
  "GET /img/45b4ff6b472530e96ce4.webp HTTP/1.1" 200 -
  "GET /img/20166049190d552d0368.webp HTTP/1.1" 200 -
  "GET /img/16ea9c1abd084bf190b0.webp HTTP/1.1" 200 -
  "GET /img/bdbc75edeff91085aaef.webp HTTP/1.1" 200 -
  "GET /?t=jSg6QSfkAnAHwepOv1AAsQ HTTP/1.1" 200 -
  "GET /img/a3a13634de06b087981f.webp HTTP/1.1" 200 -
  "GET /img/d22e9d450800fe075d4c.webp HTTP/1.1" 200 -
  "GET /img/d1b5f79f41ff8c2c436e.webp HTTP/1.1" 200 -
  "GET /img/7071d460b1c592bc99c0.webp HTTP/1.1" 200 -
  "GET /img/dd16d965285703af5759.webp HTTP/1.1" 200 -
  "GET /img/479dac28994e8ea03496.webp HTTP/1.1" 200 -
  "GET /img/2cb3e6f7e3e61463e404.webp HTTP/1.1" 200 -
  "GET /img/3ae4eb8cc3e681b4858d.webp HTTP/1.1" 200 -
  "GET /img/b5b70b2487df689cc243.webp HTTP/1.1" 200 -
  "GET /img/78a1f6b267eac1f72c20.webp HTTP/1.1" 200 -
  "GET /?t=jSg6QSfkAnAHwepOv1AAsQ HTTP/1.1" 200 -
  "GET /img/d3253c60356579f24de5.webp HTTP/1.1" 200 -
  "GET /img/1be0dd0e54766a813f47.webp HTTP/1.1" 200 -
  "GET /img/d965d30f4f1c7883b2df.webp HTTP/1.1" 200 -
  "GET /img/2e25e4c541156c8d519d.webp HTTP/1.1" 200 -
  "GET /img/fc29e18d36c76d0d772e.webp HTTP/1.1" 200 -
  "GET /img/3d4cfc8204d50162390e.webp HTTP/1.1" 200 -
  "GET /img/a674f5b0bd80c7515727.webp HTTP/1.1" 200 -
  "GET /img/ec847d3e66917a7af39b.webp HTTP/1.1" 200 -
  "GET /img/03bc70df127e8ca11541.webp HTTP/1.1" 200 -
  "GET /img/eb3fcc0d3c943a0e9f66.webp HTTP/1.1" 200 -
  "GET /?t=jSg6QSfkAnAHwepOv1AAsQ HTTP/1.1" 200 -
  "GET /img/17886c37d3fa6ee7d26a.webp HTTP/1.1" 200 -
  "GET /img/88e12af7baa3965f07af.webp HTTP/1.1" 200 -
  "GET /img/bf634e7328a93e4d22a6.webp HTTP/1.1" 200 -
  "GET /img/914df485d9ce798ea94c.webp HTTP/1.1" 200 -
  "GET /img/595e99efd30d2739425c.webp HTTP/1.1" 200 -
  "GET /img/372522174a2f6bc6ecea.webp HTTP/1.1" 200 -
  "GET /img/45b4ff6b472530e96ce4.webp HTTP/1.1" 200 -
  "GET /img/fe000b1bcd41a0ea06f3.webp HTTP/1.1" 200 -
  "GET /img/a0dbd1ccda8de56c8f98.webp HTTP/1.1" 200 -
  "GET /img/aff779d73500acfd0af6.webp HTTP/1.1" 200 -
  "GET /?t=jSg6QSfkAnAHwepOv1AAsQ HTTP/1.1" 200 -
  "GET /img/c1b4e32fac9003ca1cef.webp HTTP/1.1" 200 -
  "GET /img/9ec1cd4818e3a425d42f.webp HTTP/1.1" 200 -
  "GET /img/7fe620ffc53a97c381ca.webp HTTP/1.1" 200 -
  "GET /img/4c0f57a61eb46b1a9ed2.webp HTTP/1.1" 200 -
  "GET /img/3e52403b15d551ef3e0e.webp HTTP/1.1" 200 -
  "GET /img/3e21e343fbc1aa8b2bd7.webp HTTP/1.1" 200 -
  "GET /img/2cb3e6f7e3e61463e404.webp HTTP/1.1" 200 -
  "GET /img/1cee70deccd6a1c5d7b0.webp HTTP/1.1" 200 -
  "GET /img/2a83c28a6fc7d33ebefd.webp HTTP/1.1" 200 -
  "GET /img/f5410897d2d56d9ff84d.webp HTTP/1.1" 200 -
  "GET /?t=jSg6QSfkAnAHwepOv1AAsQ HTTP/1.1" 200 -
  "GET /img/65161659b9d39ed362e6.webp HTTP/1.1" 200 -
  "GET /img/8c49d529b7c7c541bb40.webp HTTP/1.1" 200 -
  "GET /img/d153962b1552d2d98d07.webp HTTP/1.1" 200 -
  "GET /img/252b2f6aa58577cc1054.webp HTTP/1.1" 200 -
  "GET /img/dbae4bdc10ae3c702b9c.webp HTTP/1.1" 200 -
  "GET /img/11fde2cfba52548d4512.webp HTTP/1.1" 200 -
  "GET /img/a674f5b0bd80c7515727.webp HTTP/1.1" 200 -
  "GET /img/f3d06f7e3ea26ffe092f.webp HTTP/1.1" 200 -
  "GET /img/f4d3418c78d443c4c776.webp HTTP/1.1" 200 -
  "GET /img/40ee6240ad761ad7206c.webp HTTP/1.1" 200 -
  "GET /?t=jSg6QSfkAnAHwepOv1AAsQ HTTP/1.1" 200 -
  "GET /img/a3a13634de06b087981f.webp HTTP/1.1" 200 -
  "GET /img/d22e9d450800fe075d4c.webp HTTP/1.1" 200 -
  "GET /img/d1b5f79f41ff8c2c436e.webp HTTP/1.1" 200 -
  "GET /img/dd16d965285703af5759.webp HTTP/1.1" 200 -
  "GET /img/7071d460b1c592bc99c0.webp HTTP/1.1" 200 -
  "GET /img/479dac28994e8ea03496.webp HTTP/1.1" 200 -
  "GET /img/45b4ff6b472530e96ce4.webp HTTP/1.1" 200 -
  "GET /img/742af602bb99e1fe9c92.webp HTTP/1.1" 200 -
  "GET /img/a9a9892444fb2af953af.webp HTTP/1.1" 200 -
  "GET /img/a8428faa7369949fccd4.webp HTTP/1.1" 200 -
  "GET /?t=jSg6QSfkAnAHwepOv1AAsQ HTTP/1.1" 200 -
  "GET /img/d3253c60356579f24de5.webp HTTP/1.1" 200 -
  "GET /img/1be0dd0e54766a813f47.webp HTTP/1.1" 200 -
  "GET /img/d965d30f4f1c7883b2df.webp HTTP/1.1" 200 -
  "GET /img/fc29e18d36c76d0d772e.webp HTTP/1.1" 200 -
  "GET /img/2e25e4c541156c8d519d.webp HTTP/1.1" 200 -
  "GET /img/3d4cfc8204d50162390e.webp HTTP/1.1" 200 -
  "GET /img/2cb3e6f7e3e61463e404.webp HTTP/1.1" 200 -
  "GET /img/ba25755e8f59b10c0ec7.webp HTTP/1.1" 200 -
  "GET /img/8f4c61d3ae61f1ba370c.webp HTTP/1.1" 200 -
  "GET /img/bdbc75edeff91085aaef.webp HTTP/1.1" 200 -
  "GET /?t=jSg6QSfkAnAHwepOv1AAsQ HTTP/1.1" 200 -
  "GET /img/17886c37d3fa6ee7d26a.webp HTTP/1.1" 200 -
  "GET /img/88e12af7baa3965f07af.webp HTTP/1.1" 200 -
  "GET /img/bf634e7328a93e4d22a6.webp HTTP/1.1" 200 -
  "GET /img/914df485d9ce798ea94c.webp HTTP/1.1" 200 -
  "GET /img/372522174a2f6bc6ecea.webp HTTP/1.1" 200 -
  "GET /img/595e99efd30d2739425c.webp HTTP/1.1" 200 -
  "GET /img/a674f5b0bd80c7515727.webp HTTP/1.1" 200 -
  "GET /img/b5b70b2487df689cc243.webp HTTP/1.1" 200 -
  "GET /img/16ea9c1abd084bf190b0.webp HTTP/1.1" 200 -
  "GET /img/20166049190d552d0368.webp HTTP/1.1" 200 -
  "GET /?t=jSg6QSfkAnAHwepOv1AAsQ HTTP/1.1" 200 -
  "GET /img/c1b4e32fac9003ca1cef.webp HTTP/1.1" 200 -
  "GET /img/9ec1cd4818e3a425d42f.webp HTTP/1.1" 200 -
  "GET /img/7fe620ffc53a97c381ca.webp HTTP/1.1" 200 -
  "GET /img/3e21e343fbc1aa8b2bd7.webp HTTP/1.1" 200 -
  "GET /img/3e52403b15d551ef3e0e.webp HTTP/1.1" 200 -
  "GET /img/4c0f57a61eb46b1a9ed2.webp HTTP/1.1" 200 -
  "GET /img/45b4ff6b472530e96ce4.webp HTTP/1.1" 200 -
  "GET /img/3ae4eb8cc3e681b4858d.webp HTTP/1.1" 200 -
  "GET /img/eb3fcc0d3c943a0e9f66.webp HTTP/1.1" 200 -
  "GET /img/78a1f6b267eac1f72c20.webp HTTP/1.1" 200 -
  "GET /?t=jSg6QSfkAnAHwepOv1AAsQ HTTP/1.1" 200 -
  "GET /img/65161659b9d39ed362e6.webp HTTP/1.1" 200 -
  "GET /img/d153962b1552d2d98d07.webp HTTP/1.1" 200 -
  "GET /img/8c49d529b7c7c541bb40.webp HTTP/1.1" 200 -
  "GET /img/dbae4bdc10ae3c702b9c.webp HTTP/1.1" 200 -
  "GET /img/11fde2cfba52548d4512.webp HTTP/1.1" 200 -
  "GET /img/252b2f6aa58577cc1054.webp HTTP/1.1" 200 -
  "GET /img/2cb3e6f7e3e61463e404.webp HTTP/1.1" 200 -
  "GET /img/a0dbd1ccda8de56c8f98.webp HTTP/1.1" 200 -
  "GET /img/ec847d3e66917a7af39b.webp HTTP/1.1" 200 -
  "GET /img/03bc70df127e8ca11541.webp HTTP/1.1" 200 -
  "GET /?t=jSg6QSfkAnAHwepOv1AAsQ HTTP/1.1" 200 -
  "GET /img/a3a13634de06b087981f.webp HTTP/1.1" 200 -
  "GET /img/d1b5f79f41ff8c2c436e.webp HTTP/1.1" 200 -
  "GET /img/d22e9d450800fe075d4c.webp HTTP/1.1" 200 -
  "GET /img/7071d460b1c592bc99c0.webp HTTP/1.1" 200 -
  "GET /img/dd16d965285703af5759.webp HTTP/1.1" 200 -
  "GET /img/479dac28994e8ea03496.webp HTTP/1.1" 200 -
  "GET /img/a674f5b0bd80c7515727.webp HTTP/1.1" 200 -
  "GET /img/2a83c28a6fc7d33ebefd.webp HTTP/1.1" 200 -
  "GET /img/fe000b1bcd41a0ea06f3.webp HTTP/1.1" 200 -
  "GET /img/aff779d73500acfd0af6.webp HTTP/1.1" 200 -
  "GET /?t=jSg6QSfkAnAHwepOv1AAsQ HTTP/1.1" 200 -
  "GET /img/d3253c60356579f24de5.webp HTTP/1.1" 200 -
  "GET /img/1be0dd0e54766a813f47.webp HTTP/1.1" 200 -
  "GET /img/d965d30f4f1c7883b2df.webp HTTP/1.1" 200 -
  "GET /img/2e25e4c541156c8d519d.webp HTTP/1.1" 200 -
  "GET /img/fc29e18d36c76d0d772e.webp HTTP/1.1" 200 -
  "GET /img/3d4cfc8204d50162390e.webp HTTP/1.1" 200 -
  "GET /img/45b4ff6b472530e96ce4.webp HTTP/1.1" 200 -
  "GET /img/f4d3418c78d443c4c776.webp HTTP/1.1" 200 -
  "GET /img/1cee70deccd6a1c5d7b0.webp HTTP/1.1" 200 -
  "GET /img/f5410897d2d56d9ff84d.webp HTTP/1.1" 200 -
  "GET /?t=jSg6QSfkAnAHwepOv1AAsQ HTTP/1.1" 200 -
  "GET /img/17886c37d3fa6ee7d26a.webp HTTP/1.1" 200 -
  "GET /img/bf634e7328a93e4d22a6.webp HTTP/1.1" 200 -
  "GET /img/88e12af7baa3965f07af.webp HTTP/1.1" 200 -
  "GET /img/914df485d9ce798ea94c.webp HTTP/1.1" 200 -
  "GET /img/595e99efd30d2739425c.webp HTTP/1.1" 200 -
  "GET /img/372522174a2f6bc6ecea.webp HTTP/1.1" 200 -
  "GET /img/2cb3e6f7e3e61463e404.webp HTTP/1.1" 200 -
  "GET /img/40ee6240ad761ad7206c.webp HTTP/1.1" 200 -
  "GET /img/a9a9892444fb2af953af.webp HTTP/1.1" 200 -
  "GET /img/f3d06f7e3ea26ffe092f.webp HTTP/1.1" 200 -
  "GET /?t=jSg6QSfkAnAHwepOv1AAsQ HTTP/1.1" 200 -
  "GET /img/9ec1cd4818e3a425d42f.webp HTTP/1.1" 200 -
  "GET /img/c1b4e32fac9003ca1cef.webp HTTP/1.1" 200 -
  "GET /img/7fe620ffc53a97c381ca.webp HTTP/1.1" 200 -
  "GET /img/4c0f57a61eb46b1a9ed2.webp HTTP/1.1" 200 -
  "GET /img/3e52403b15d551ef3e0e.webp HTTP/1.1" 200 -
  "GET /img/3e21e343fbc1aa8b2bd7.webp HTTP/1.1" 200 -
  "GET /img/a674f5b0bd80c7515727.webp HTTP/1.1" 200 -
  "GET /img/742af602bb99e1fe9c92.webp HTTP/1.1" 200 -
  "GET /img/a8428faa7369949fccd4.webp HTTP/1.1" 200 -
  "GET /img/bdbc75edeff91085aaef.webp HTTP/1.1" 200 -
  "GET /?t=jSg6QSfkAnAHwepOv1AAsQ HTTP/1.1" 200 -
  "GET /img/65161659b9d39ed362e6.webp HTTP/1.1" 200 -
  "GET /img/8c49d529b7c7c541bb40.webp HTTP/1.1" 200 -
  "GET /img/d153962b1552d2d98d07.webp HTTP/1.1" 200 -
  "GET /img/dbae4bdc10ae3c702b9c.webp HTTP/1.1" 200 -
  "GET /img/11fde2cfba52548d4512.webp HTTP/1.1" 200 -
  "GET /img/252b2f6aa58577cc1054.webp HTTP/1.1" 200 -
  "GET /img/45b4ff6b472530e96ce4.webp HTTP/1.1" 200 -
  "GET /img/b5b70b2487df689cc243.webp HTTP/1.1" 200 -
  "GET /img/ba25755e8f59b10c0ec7.webp HTTP/1.1" 200 -
  "GET /img/8f4c61d3ae61f1ba370c.webp HTTP/1.1" 200 -
  "GET /?t=jSg6QSfkAnAHwepOv1AAsQ HTTP/1.1" 200 -
  "GET /img/a3a13634de06b087981f.webp HTTP/1.1" 200 -
  "GET /img/d22e9d450800fe075d4c.webp HTTP/1.1" 200 -
  "GET /img/d1b5f79f41ff8c2c436e.webp HTTP/1.1" 200 -
  "GET /img/7071d460b1c592bc99c0.webp HTTP/1.1" 200 -
  "GET /img/dd16d965285703af5759.webp HTTP/1.1" 200 -
  "GET /img/479dac28994e8ea03496.webp HTTP/1.1" 200 -
  "GET /img/2cb3e6f7e3e61463e404.webp HTTP/1.1" 200 -
  "GET /img/eb3fcc0d3c943a0e9f66.webp HTTP/1.1" 200 -
  "GET /img/16ea9c1abd084bf190b0.webp HTTP/1.1" 200 -
  "GET /img/20166049190d552d0368.webp HTTP/1.1" 200 -
  "GET /img/d965d30f4f1c7883b2df.webp HTTP/1.1" 200 -
  "GET /img/d3253c60356579f24de5.webp HTTP/1.1" 200 -
  "GET /img/1be0dd0e54766a813f47.webp HTTP/1.1" 200 -
  "GET /img/2e25e4c541156c8d519d.webp HTTP/1.1" 200 -
  "GET /img/3d4cfc8204d50162390e.webp HTTP/1.1" 200 -
  "GET /img/fc29e18d36c76d0d772e.webp HTTP/1.1" 200 -
  "GET /img/a674f5b0bd80c7515727.webp HTTP/1.1" 200 -
  "GET /img/a0dbd1ccda8de56c8f98.webp HTTP/1.1" 200 -
  "GET /img/78a1f6b267eac1f72c20.webp HTTP/1.1" 200 -
  "GET /img/3ae4eb8cc3e681b4858d.webp HTTP/1.1" 200 -
  "GET /?t=jSg6QSfkAnAHwepOv1AAsQ HTTP/1.1" 200 -
  "GET /img/17886c37d3fa6ee7d26a.webp HTTP/1.1" 200 -
  "GET /img/88e12af7baa3965f07af.webp HTTP/1.1" 200 -
  "GET /img/bf634e7328a93e4d22a6.webp HTTP/1.1" 200 -
  "GET /img/914df485d9ce798ea94c.webp HTTP/1.1" 200 -
  "GET /img/595e99efd30d2739425c.webp HTTP/1.1" 200 -
  "GET /img/372522174a2f6bc6ecea.webp HTTP/1.1" 200 -
  "GET /img/45b4ff6b472530e96ce4.webp HTTP/1.1" 200 -
  "GET /img/2a83c28a6fc7d33ebefd.webp HTTP/1.1" 200 -
  "GET /img/ec847d3e66917a7af39b.webp HTTP/1.1" 200 -
  "GET /img/03bc70df127e8ca11541.webp HTTP/1.1" 200 -
  "GET /?t=jSg6QSfkAnAHwepOv1AAsQ HTTP/1.1" 200 -
  "GET /img/c1b4e32fac9003ca1cef.webp HTTP/1.1" 200 -
  "GET /img/9ec1cd4818e3a425d42f.webp HTTP/1.1" 200 -
  "GET /img/7fe620ffc53a97c381ca.webp HTTP/1.1" 200 -
  "GET /img/3e52403b15d551ef3e0e.webp HTTP/1.1" 200 -
  "GET /img/4c0f57a61eb46b1a9ed2.webp HTTP/1.1" 200 -
  "GET /img/3e21e343fbc1aa8b2bd7.webp HTTP/1.1" 200 -
  "GET /img/2cb3e6f7e3e61463e404.webp HTTP/1.1" 200 -
  "GET /img/f4d3418c78d443c4c776.webp HTTP/1.1" 200 -
  "GET /img/fe000b1bcd41a0ea06f3.webp HTTP/1.1" 200 -
  "GET /img/aff779d73500acfd0af6.webp HTTP/1.1" 200 -
  "GET /?t=jSg6QSfkAnAHwepOv1AAsQ HTTP/1.1" 200 -
  "GET /img/65161659b9d39ed362e6.webp HTTP/1.1" 200 -
  "GET /img/8c49d529b7c7c541bb40.webp HTTP/1.1" 200 -
  "GET /img/d153962b1552d2d98d07.webp HTTP/1.1" 200 -
  "GET /img/dbae4bdc10ae3c702b9c.webp HTTP/1.1" 200 -
  "GET /img/11fde2cfba52548d4512.webp HTTP/1.1" 200 -
  "GET /img/252b2f6aa58577cc1054.webp HTTP/1.1" 200 -
  "GET /img/a674f5b0bd80c7515727.webp HTTP/1.1" 200 -
  "GET /img/a9a9892444fb2af953af.webp HTTP/1.1" 200 -
  "GET /img/f5410897d2d56d9ff84d.webp HTTP/1.1" 200 -
  "GET /img/1cee70deccd6a1c5d7b0.webp HTTP/1.1" 200 -
  "GET /?t=jSg6QSfkAnAHwepOv1AAsQ HTTP/1.1" 200 -
  "GET /img/d22e9d450800fe075d4c.webp HTTP/1.1" 200 -
  "GET /img/d1b5f79f41ff8c2c436e.webp HTTP/1.1" 200 -
  "GET /img/a3a13634de06b087981f.webp HTTP/1.1" 200 -
  "GET /img/7071d460b1c592bc99c0.webp HTTP/1.1" 200 -
  "GET /img/dd16d965285703af5759.webp HTTP/1.1" 200 -
  "GET /img/479dac28994e8ea03496.webp HTTP/1.1" 200 -
  "GET /img/45b4ff6b472530e96ce4.webp HTTP/1.1" 200 -
  "GET /img/bdbc75edeff91085aaef.webp HTTP/1.1" 200 -
  "GET /img/f3d06f7e3ea26ffe092f.webp HTTP/1.1" 200 -
  "GET /img/40ee6240ad761ad7206c.webp HTTP/1.1" 200 -
  "GET /?t=jSg6QSfkAnAHwepOv1AAsQ HTTP/1.1" 200 -
  "GET /img/d3253c60356579f24de5.webp HTTP/1.1" 200 -
  "GET /img/1be0dd0e54766a813f47.webp HTTP/1.1" 200 -
  "GET /img/d965d30f4f1c7883b2df.webp HTTP/1.1" 200 -
  "GET /img/2e25e4c541156c8d519d.webp HTTP/1.1" 200 -
  "GET /img/fc29e18d36c76d0d772e.webp HTTP/1.1" 200 -
  "GET /img/3d4cfc8204d50162390e.webp HTTP/1.1" 200 -
  "GET /img/2cb3e6f7e3e61463e404.webp HTTP/1.1" 200 -
  "GET /img/742af602bb99e1fe9c92.webp HTTP/1.1" 200 -
  "GET /img/a8428faa7369949fccd4.webp HTTP/1.1" 200 -
  "GET /img/b5b70b2487df689cc243.webp HTTP/1.1" 200 -
  "GET /?t=jSg6QSfkAnAHwepOv1AAsQ HTTP/1.1" 200 -
  "GET /img/17886c37d3fa6ee7d26a.webp HTTP/1.1" 200 -
  "GET /img/88e12af7baa3965f07af.webp HTTP/1.1" 200 -
  "GET /img/bf634e7328a93e4d22a6.webp HTTP/1.1" 200 -
  "GET /img/914df485d9ce798ea94c.webp HTTP/1.1" 200 -
  "GET /img/372522174a2f6bc6ecea.webp HTTP/1.1" 200 -
  "GET /img/595e99efd30d2739425c.webp HTTP/1.1" 200 -
  "GET /img/a674f5b0bd80c7515727.webp HTTP/1.1" 200 -
  "GET /img/ba25755e8f59b10c0ec7.webp HTTP/1.1" 200 -
  "GET /img/eb3fcc0d3c943a0e9f66.webp HTTP/1.1" 200 -
  "GET /img/8f4c61d3ae61f1ba370c.webp HTTP/1.1" 200 -
  "GET /?t=jSg6QSfkAnAHwepOv1AAsQ HTTP/1.1" 200 -
  "GET /img/c1b4e32fac9003ca1cef.webp HTTP/1.1" 200 -
  "GET /img/7fe620ffc53a97c381ca.webp HTTP/1.1" 200 -
  "GET /img/9ec1cd4818e3a425d42f.webp HTTP/1.1" 200 -
  "GET /img/4c0f57a61eb46b1a9ed2.webp HTTP/1.1" 200 -
  "GET /img/3e52403b15d551ef3e0e.webp HTTP/1.1" 200 -
  "GET /img/3e21e343fbc1aa8b2bd7.webp HTTP/1.1" 200 -
  "GET /img/45b4ff6b472530e96ce4.webp HTTP/1.1" 200 -
  "GET /img/a0dbd1ccda8de56c8f98.webp HTTP/1.1" 200 -
  "GET /img/16ea9c1abd084bf190b0.webp HTTP/1.1" 200 -
  "GET /img/20166049190d552d0368.webp HTTP/1.1" 200 -
  "GET /img/8c49d529b7c7c541bb40.webp HTTP/1.1" 200 -
  "GET /img/65161659b9d39ed362e6.webp HTTP/1.1" 200 -
  "GET /img/d153962b1552d2d98d07.webp HTTP/1.1" 200 -
  "GET /img/dbae4bdc10ae3c702b9c.webp HTTP/1.1" 200 -
  "GET /img/11fde2cfba52548d4512.webp HTTP/1.1" 200 -
  "GET /img/252b2f6aa58577cc1054.webp HTTP/1.1" 200 -
  "GET /img/2cb3e6f7e3e61463e404.webp HTTP/1.1" 200 -
  "GET /img/2a83c28a6fc7d33ebefd.webp HTTP/1.1" 200 -
  "GET /img/78a1f6b267eac1f72c20.webp HTTP/1.1" 200 -
  "GET /img/3ae4eb8cc3e681b4858d.webp HTTP/1.1" 200 -
  "GET /?t=jSg6QSfkAnAHwepOv1AAsQ HTTP/1.1" 200 -
  "GET /img/a3a13634de06b087981f.webp HTTP/1.1" 200 -
  "GET /img/d22e9d450800fe075d4c.webp HTTP/1.1" 200 -
  "GET /img/d1b5f79f41ff8c2c436e.webp HTTP/1.1" 200 -
  "GET /img/7071d460b1c592bc99c0.webp HTTP/1.1" 200 -
  "GET /img/479dac28994e8ea03496.webp HTTP/1.1" 200 -
  "GET /img/dd16d965285703af5759.webp HTTP/1.1" 200 -
  "GET /img/a674f5b0bd80c7515727.webp HTTP/1.1" 200 -
  "GET /img/f4d3418c78d443c4c776.webp HTTP/1.1" 200 -
  "GET /img/ec847d3e66917a7af39b.webp HTTP/1.1" 200 -
  "GET /img/03bc70df127e8ca11541.webp HTTP/1.1" 200 -
  "GET /?t=jSg6QSfkAnAHwepOv1AAsQ HTTP/1.1" 200 -
  "GET /img/d3253c60356579f24de5.webp HTTP/1.1" 200 -
  "GET /img/1be0dd0e54766a813f47.webp HTTP/1.1" 200 -
  "GET /img/d965d30f4f1c7883b2df.webp HTTP/1.1" 200 -
  "GET /img/3d4cfc8204d50162390e.webp HTTP/1.1" 200 -
  "GET /img/2e25e4c541156c8d519d.webp HTTP/1.1" 200 -
  "GET /img/fc29e18d36c76d0d772e.webp HTTP/1.1" 200 -
  "GET /img/45b4ff6b472530e96ce4.webp HTTP/1.1" 200 -
  "GET /img/a9a9892444fb2af953af.webp HTTP/1.1" 200 -
  "GET /img/aff779d73500acfd0af6.webp HTTP/1.1" 200 -
  "GET /img/fe000b1bcd41a0ea06f3.webp HTTP/1.1" 200 -
  "GET /?t=jSg6QSfkAnAHwepOv1AAsQ HTTP/1.1" 200 -
  "GET /img/17886c37d3fa6ee7d26a.webp HTTP/1.1" 200 -
  "GET /img/88e12af7baa3965f07af.webp HTTP/1.1" 200 -
  "GET /img/bf634e7328a93e4d22a6.webp HTTP/1.1" 200 -
  "GET /img/914df485d9ce798ea94c.webp HTTP/1.1" 200 -
  "GET /img/595e99efd30d2739425c.webp HTTP/1.1" 200 -
  "GET /img/372522174a2f6bc6ecea.webp HTTP/1.1" 200 -
  "GET /img/2cb3e6f7e3e61463e404.webp HTTP/1.1" 200 -
  "GET /img/bdbc75edeff91085aaef.webp HTTP/1.1" 200 -
  "GET /img/f5410897d2d56d9ff84d.webp HTTP/1.1" 200 -
  "GET /img/1cee70deccd6a1c5d7b0.webp HTTP/1.1" 200 -
  "GET /?t=jSg6QSfkAnAHwepOv1AAsQ HTTP/1.1" 200 -
  "GET /img/c1b4e32fac9003ca1cef.webp HTTP/1.1" 200 -
  "GET /img/9ec1cd4818e3a425d42f.webp HTTP/1.1" 200 -
  "GET /img/7fe620ffc53a97c381ca.webp HTTP/1.1" 200 -
  "GET /img/3e52403b15d551ef3e0e.webp HTTP/1.1" 200 -
  "GET /img/4c0f57a61eb46b1a9ed2.webp HTTP/1.1" 200 -
  "GET /img/3e21e343fbc1aa8b2bd7.webp HTTP/1.1" 200 -
  "GET /img/a674f5b0bd80c7515727.webp HTTP/1.1" 200 -
  "GET /img/b5b70b2487df689cc243.webp HTTP/1.1" 200 -
  "GET /img/f3d06f7e3ea26ffe092f.webp HTTP/1.1" 200 -
  "GET /img/40ee6240ad761ad7206c.webp HTTP/1.1" 200 -
  "GET /?t=jSg6QSfkAnAHwepOv1AAsQ HTTP/1.1" 200 -
  "GET /img/65161659b9d39ed362e6.webp HTTP/1.1" 200 -
  "GET /img/8c49d529b7c7c541bb40.webp HTTP/1.1" 200 -
  "GET /img/d153962b1552d2d98d07.webp HTTP/1.1" 200 -
  "GET /img/dbae4bdc10ae3c702b9c.webp HTTP/1.1" 200 -
  "GET /img/11fde2cfba52548d4512.webp HTTP/1.1" 200 -
  "GET /img/252b2f6aa58577cc1054.webp HTTP/1.1" 200 -
  "GET /img/45b4ff6b472530e96ce4.webp HTTP/1.1" 200 -
  "GET /img/eb3fcc0d3c943a0e9f66.webp HTTP/1.1" 200 -
  "GET /img/742af602bb99e1fe9c92.webp HTTP/1.1" 200 -
  "GET /img/a8428faa7369949fccd4.webp HTTP/1.1" 200 -
  "GET /?t=jSg6QSfkAnAHwepOv1AAsQ HTTP/1.1" 200 -
  "GET /img/a3a13634de06b087981f.webp HTTP/1.1" 200 -
  "GET /img/d1b5f79f41ff8c2c436e.webp HTTP/1.1" 200 -
  "GET /img/d22e9d450800fe075d4c.webp HTTP/1.1" 200 -
  "GET /img/7071d460b1c592bc99c0.webp HTTP/1.1" 200 -
  "GET /img/dd16d965285703af5759.webp HTTP/1.1" 200 -
  "GET /img/479dac28994e8ea03496.webp HTTP/1.1" 200 -
  "GET /img/2cb3e6f7e3e61463e404.webp HTTP/1.1" 200 -
  "GET /img/a0dbd1ccda8de56c8f98.webp HTTP/1.1" 200 -
  "GET /img/ba25755e8f59b10c0ec7.webp HTTP/1.1" 200 -
  "GET /img/8f4c61d3ae61f1ba370c.webp HTTP/1.1" 200 -
  "GET /?t=jSg6QSfkAnAHwepOv1AAsQ HTTP/1.1" 200 -
  "GET /img/d3253c60356579f24de5.webp HTTP/1.1" 200 -
  "GET /img/1be0dd0e54766a813f47.webp HTTP/1.1" 200 -
  "GET /img/d965d30f4f1c7883b2df.webp HTTP/1.1" 200 -
  "GET /img/2e25e4c541156c8d519d.webp HTTP/1.1" 200 -
  "GET /img/3d4cfc8204d50162390e.webp HTTP/1.1" 200 -
  "GET /img/fc29e18d36c76d0d772e.webp HTTP/1.1" 200 -
  "GET /img/a674f5b0bd80c7515727.webp HTTP/1.1" 200 -
  "GET /img/2a83c28a6fc7d33ebefd.webp HTTP/1.1" 200 -
  "GET /img/20166049190d552d0368.webp HTTP/1.1" 200 -
  "GET /img/16ea9c1abd084bf190b0.webp HTTP/1.1" 200 -
  "GET /?t=jSg6QSfkAnAHwepOv1AAsQ HTTP/1.1" 200 -
  "GET /img/17886c37d3fa6ee7d26a.webp HTTP/1.1" 200 -
  "GET /img/88e12af7baa3965f07af.webp HTTP/1.1" 200 -
  "GET /img/bf634e7328a93e4d22a6.webp HTTP/1.1" 200 -
  "GET /img/372522174a2f6bc6ecea.webp HTTP/1.1" 200 -
  "GET /img/914df485d9ce798ea94c.webp HTTP/1.1" 200 -
  "GET /img/595e99efd30d2739425c.webp HTTP/1.1" 200 -
  "GET /img/45b4ff6b472530e96ce4.webp HTTP/1.1" 200 -
  "GET /img/f4d3418c78d443c4c776.webp HTTP/1.1" 200 -
  "GET /img/3ae4eb8cc3e681b4858d.webp HTTP/1.1" 200 -
  "GET /img/78a1f6b267eac1f72c20.webp HTTP/1.1" 200 -
  "GET /?t=jSg6QSfkAnAHwepOv1AAsQ HTTP/1.1" 200 -
  "GET /img/9ec1cd4818e3a425d42f.webp HTTP/1.1" 200 -
  "GET /img/c1b4e32fac9003ca1cef.webp HTTP/1.1" 200 -
  "GET /img/7fe620ffc53a97c381ca.webp HTTP/1.1" 200 -
  "GET /img/3e21e343fbc1aa8b2bd7.webp HTTP/1.1" 200 -
  "GET /img/3e52403b15d551ef3e0e.webp HTTP/1.1" 200 -
  "GET /img/4c0f57a61eb46b1a9ed2.webp HTTP/1.1" 200 -
  "GET /img/2cb3e6f7e3e61463e404.webp HTTP/1.1" 200 -
  "GET /img/a9a9892444fb2af953af.webp HTTP/1.1" 200 -
  "GET /?t=jSg6QSfkAnAHwepOv1AAsQ HTTP/1.1" 200 -
  "GET /img/03bc70df127e8ca11541.webp HTTP/1.1" 200 -
  "GET /img/ec847d3e66917a7af39b.webp HTTP/1.1" 200 -
  "GET /img/65161659b9d39ed362e6.webp HTTP/1.1" 200 -
  "GET /img/8c49d529b7c7c541bb40.webp HTTP/1.1" 200 -
  "GET /img/d153962b1552d2d98d07.webp HTTP/1.1" 200 -
  "GET /img/11fde2cfba52548d4512.webp HTTP/1.1" 200 -
  "GET /img/dbae4bdc10ae3c702b9c.webp HTTP/1.1" 200 -
  "GET /img/252b2f6aa58577cc1054.webp HTTP/1.1" 200 -
  "GET /img/a674f5b0bd80c7515727.webp HTTP/1.1" 200 -
  "GET /img/bdbc75edeff91085aaef.webp HTTP/1.1" 200 -
  "GET /img/aff779d73500acfd0af6.webp HTTP/1.1" 200 -
  "GET /img/fe000b1bcd41a0ea06f3.webp HTTP/1.1" 200 -
  "GET /?t=jSg6QSfkAnAHwepOv1AAsQ HTTP/1.1" 200 -
  "GET /img/a3a13634de06b087981f.webp HTTP/1.1" 200 -
  "GET /img/d22e9d450800fe075d4c.webp HTTP/1.1" 200 -
  "GET /img/d1b5f79f41ff8c2c436e.webp HTTP/1.1" 200 -
  "GET /img/7071d460b1c592bc99c0.webp HTTP/1.1" 200 -
  "GET /img/dd16d965285703af5759.webp HTTP/1.1" 200 -
  "GET /img/479dac28994e8ea03496.webp HTTP/1.1" 200 -
  "GET /img/45b4ff6b472530e96ce4.webp HTTP/1.1" 200 -
  "GET /img/b5b70b2487df689cc243.webp HTTP/1.1" 200 -
  "GET /img/f5410897d2d56d9ff84d.webp HTTP/1.1" 200 -
  "GET /img/1cee70deccd6a1c5d7b0.webp HTTP/1.1" 200 -
  "GET /?t=jSg6QSfkAnAHwepOv1AAsQ HTTP/1.1" 200 -
  "GET /img/1be0dd0e54766a813f47.webp HTTP/1.1" 200 -
  "GET /img/d3253c60356579f24de5.webp HTTP/1.1" 200 -
  "GET /img/d965d30f4f1c7883b2df.webp HTTP/1.1" 200 -
  "GET /img/2e25e4c541156c8d519d.webp HTTP/1.1" 200 -
  "GET /img/3d4cfc8204d50162390e.webp HTTP/1.1" 200 -
  "GET /img/fc29e18d36c76d0d772e.webp HTTP/1.1" 200 -
  "GET /img/2cb3e6f7e3e61463e404.webp HTTP/1.1" 200 -
  "GET /img/eb3fcc0d3c943a0e9f66.webp HTTP/1.1" 200 -
  "GET /img/40ee6240ad761ad7206c.webp HTTP/1.1" 200 -
  "GET /img/f3d06f7e3ea26ffe092f.webp HTTP/1.1" 200 -
  "GET /?t=jSg6QSfkAnAHwepOv1AAsQ HTTP/1.1" 200 -
  "GET /img/17886c37d3fa6ee7d26a.webp HTTP/1.1" 200 -
  "GET /img/88e12af7baa3965f07af.webp HTTP/1.1" 200 -
  "GET /img/bf634e7328a93e4d22a6.webp HTTP/1.1" 200 -
  "GET /img/914df485d9ce798ea94c.webp HTTP/1.1" 200 -
  "GET /img/595e99efd30d2739425c.webp HTTP/1.1" 200 -
  "GET /img/372522174a2f6bc6ecea.webp HTTP/1.1" 200 -
  "GET /img/a674f5b0bd80c7515727.webp HTTP/1.1" 200 -
  "GET /img/a0dbd1ccda8de56c8f98.webp HTTP/1.1" 200 -
  "GET /img/742af602bb99e1fe9c92.webp HTTP/1.1" 200 -
  "GET /img/a8428faa7369949fccd4.webp HTTP/1.1" 200 -
  "GET /?t=jSg6QSfkAnAHwepOv1AAsQ HTTP/1.1" 200 -
  "GET /img/c1b4e32fac9003ca1cef.webp HTTP/1.1" 200 -
  "GET /img/9ec1cd4818e3a425d42f.webp HTTP/1.1" 200 -
  "GET /img/7fe620ffc53a97c381ca.webp HTTP/1.1" 200 -
  "GET /img/4c0f57a61eb46b1a9ed2.webp HTTP/1.1" 200 -
  "GET /img/3e52403b15d551ef3e0e.webp HTTP/1.1" 200 -
  "GET /img/3e21e343fbc1aa8b2bd7.webp HTTP/1.1" 200 -
  "GET /img/45b4ff6b472530e96ce4.webp HTTP/1.1" 200 -
  "GET /img/2a83c28a6fc7d33ebefd.webp HTTP/1.1" 200 -
  "GET /img/8f4c61d3ae61f1ba370c.webp HTTP/1.1" 200 -
  "GET /img/ba25755e8f59b10c0ec7.webp HTTP/1.1" 200 -
  "GET /?t=jSg6QSfkAnAHwepOv1AAsQ HTTP/1.1" 200 -
  "GET /img/8c49d529b7c7c541bb40.webp HTTP/1.1" 200 -
  "GET /img/65161659b9d39ed362e6.webp HTTP/1.1" 200 -
  "GET /img/d153962b1552d2d98d07.webp HTTP/1.1" 200 -
  "GET /img/11fde2cfba52548d4512.webp HTTP/1.1" 200 -
  "GET /img/252b2f6aa58577cc1054.webp HTTP/1.1" 200 -
  "GET /img/dbae4bdc10ae3c702b9c.webp HTTP/1.1" 200 -
  "GET /img/2cb3e6f7e3e61463e404.webp HTTP/1.1" 200 -
  "GET /img/f4d3418c78d443c4c776.webp HTTP/1.1" 200 -
  "GET /img/16ea9c1abd084bf190b0.webp HTTP/1.1" 200 -
  "GET /img/20166049190d552d0368.webp HTTP/1.1" 200 -
  "GET /?t=jSg6QSfkAnAHwepOv1AAsQ HTTP/1.1" 200 -
  "GET /img/a3a13634de06b087981f.webp HTTP/1.1" 200 -
  "GET /img/d22e9d450800fe075d4c.webp HTTP/1.1" 200 -
  "GET /img/d1b5f79f41ff8c2c436e.webp HTTP/1.1" 200 -
  "GET /img/479dac28994e8ea03496.webp HTTP/1.1" 200 -
  "GET /img/dd16d965285703af5759.webp HTTP/1.1" 200 -
  "GET /img/7071d460b1c592bc99c0.webp HTTP/1.1" 200 -
  "GET /img/a674f5b0bd80c7515727.webp HTTP/1.1" 200 -
  "GET /img/a9a9892444fb2af953af.webp HTTP/1.1" 200 -
  "GET /img/3ae4eb8cc3e681b4858d.webp HTTP/1.1" 200 -
  "GET /img/78a1f6b267eac1f72c20.webp HTTP/1.1" 200 -
  "GET /?t=jSg6QSfkAnAHwepOv1AAsQ HTTP/1.1" 200 -
  "GET /img/d3253c60356579f24de5.webp HTTP/1.1" 200 -
  "GET /img/1be0dd0e54766a813f47.webp HTTP/1.1" 200 -
  "GET /img/d965d30f4f1c7883b2df.webp HTTP/1.1" 200 -
  "GET /img/2e25e4c541156c8d519d.webp HTTP/1.1" 200 -
  "GET /img/3d4cfc8204d50162390e.webp HTTP/1.1" 200 -
  "GET /img/fc29e18d36c76d0d772e.webp HTTP/1.1" 200 -
  "GET /img/45b4ff6b472530e96ce4.webp HTTP/1.1" 200 -
