=== J3 19:39:41
>> J3_bland_tile  (fails when: the map is not current, wildlife remains, no colonist stands on it, or ruins are present)
== J3_bland_tile
  ok   a candidate tile has no mutators, roads or rivers
  FAIL colony_found settled the tile for the player  -- Tile 2657 already has a Settlement ('NorthstarBland', faction PlayerColony). Use jawa/world_objects_set to move or re-faction it instead.
  ok   map generated with no failed finalize steps
  ok   the new map is current and on the chosen tile
  ok   destroy_bulk factionlessAnimals succeeded
  ok   >=3 colonists stand on the bland map (census isColonist)
  ok   no wildlife left on the map
  FAIL no non-player artificial buildings (ruins) on the map  -- 5 ruin things, complete=True
  FAIL helpers.assert_bland passes on the new map  -- ["dead colonists: ['Human95617']"]
  ok   2000 idle ticks on the bland map raise no SURPRISE/FATAL
MEASURED FAIL J3_bland_tile -- 7/10 checks ; failed: colony_found settled the tile for the player, no non-player artificial buildings (ruins) on the map, helpers.assert_bland passes on the new map
  results: D:\Luke\dev\wt_live2\Transient\modcheck\live_queue_results.jsonl
=== J3 done exit 1 19:40:28
=== J4 19:40:28
>> J4_companion_live  (fails when: a direct-read detector does not fire, or fires without its direct-read evidence)
== J4_companion_live
  ok   census consistency: pawn_census and list_pawns name the same living pawns
  ok   damage: colonist_damaged via damage_log names damageDef Cut
  ok   damage: the Cut is not ALSO reported by the hediff-inference detector
  ok   mental: Wander_Sad -> mental_break via pawn_census, isAggro False, SURPRISE not FATAL
  ok   predator: predator_hunting via pawn_census with preyIsColonist True
  FAIL incident: benign queue entry seen as incident_queued WARN, and it does NOT abort  -- {'aborted': True, 'seen': [{'tick': 264210, 'detector': 'incident_queued', 'severity': 'WARN', 'summary': 'incident FarmAnimalsWanderIn queued to fire in 39940 ticks'}]}
  ok   kill: colonist_died carries damage_log_kill among its sources
MEASURED FAIL J4_companion_live -- 6/7 checks ; failed: incident: benign queue entry seen as incident_queued WARN, and it does NOT abort
  results: D:\Luke\dev\wt_live2\Transient\modcheck\live_queue_results.jsonl
=== J4 done exit 1 19:41:21
=== J2 19:41:21
>> J2_abort_proof  (fails when: a hazard does not abort, aborts on the wrong detector, leaves no sidecar, or a control aborts)
== J2_abort_proof
  FAIL control control_quiet: no abort and no SURPRISE/FATAL hit  -- {'aborted': True, 'kind': 'surprise', 'hits': ['modal_open'], 'evidence': ['D:\\Luke\\dev\\wt_live2\\Transient\\modcheck\\live_queue\\J2_abort_proof\\control_quiet\\LiveQueue__control_quiet__modal_open__t264270__001.json'], 'screenshots': ['D:\\Luke\\dev\\wt_live2\\Transient\\modcheck\\live_queue\\J
  ok   hazard hostile_raid: aborts via hostile_pawns with sidecar on disk, game paused
  ok   hazard fire_near_colonist: aborts via fire_on_map with sidecar on disk, game paused
  ok   hazard colonist_killed: aborts via colonist_died with sidecar on disk, game paused
  FAIL predator_hunts_colonist: bland map established before the hazard  -- ["restore_colonists unverified: [('Human97599', 'hediff Gunshot/Shoulder')]"]
  ok   hazard colonist_berserk: aborts via mental_break with sidecar on disk, game paused
  ok   hazard raid_queued: aborts via incident_queued with sidecar on disk, game paused
  FAIL control control_declared: no abort and no SURPRISE/FATAL hit  -- {'aborted': True, 'kind': 'surprise', 'hits': ['modal_open'], 'evidence': ['D:\\Luke\\dev\\wt_live2\\Transient\\modcheck\\live_queue\\J2_abort_proof\\control_declared\\LiveQueue__control_declared__modal_open__t264390__001.json'], 'screenshots': ['D:\\Luke\\dev\\wt_live2\\Transient\\modcheck\\live_qu
  ok   runner path: the component meeting a hostile is UNMEASURED naming hostile_pawns
  FAIL control control_after_cleanup: no abort and no SURPRISE/FATAL hit  -- {'aborted': True, 'kind': 'surprise', 'hits': ['modal_open'], 'evidence': ['D:\\Luke\\dev\\wt_live2\\Transient\\modcheck\\live_queue\\J2_abort_proof\\control_after_cleanup\\LiveQueue__control_after_cleanup__modal_open__t264570__001.json'], 'screenshots': ['D:\\Luke\\dev\\wt_live2\\Transient\\modchec
MEASURED FAIL J2_abort_proof -- 6/10 checks ; failed: control control_quiet: no abort and no SURPRISE/FATAL hit, predator_hunts_colonist: bland map established before the hazard, control control_declared: no abort and no SURPRISE/FATAL hit, control control_after_cleanup: no abort and no SURPRISE/FATAL hit
  results: D:\Luke\dev\wt_live2\Transient\modcheck\live_queue_results.jsonl
=== J2 done exit 1 19:42:45
=== J1 19:42:45
>> J1_situational_rerun  (fails when: a suite crashes, FlowWorks is refused, Antiquities' long chain is UNMEASURED by budget, or a chain records a surprise whose detector is the chain's own declared act)
